Component: ARM Compiler 5.06 update 7 (build 960) Tool: armlink [4d3601]

==============================================================================

Section Cross References

    startup_stm32f767xx.o(STACK) refers (Special) to heapauxi.o(.text) for __use_two_region_memory
    startup_stm32f767xx.o(HEAP) refers (Special) to heapauxi.o(.text) for __use_two_region_memory
    startup_stm32f767xx.o(RESET) refers (Special) to heapauxi.o(.text) for __use_two_region_memory
    startup_stm32f767xx.o(RESET) refers to startup_stm32f767xx.o(STACK) for __initial_sp
    startup_stm32f767xx.o(RESET) refers to startup_stm32f767xx.o(.text) for Reset_Handler
    startup_stm32f767xx.o(RESET) refers to stm32f7xx_it.o(i.NMI_Handler) for NMI_Handler
    startup_stm32f767xx.o(RESET) refers to stm32f7xx_it.o(i.HardFault_Handler) for HardFault_Handler
    startup_stm32f767xx.o(RESET) refers to stm32f7xx_it.o(i.MemManage_Handler) for MemManage_Handler
    startup_stm32f767xx.o(RESET) refers to stm32f7xx_it.o(i.BusFault_Handler) for BusFault_Handler
    startup_stm32f767xx.o(RESET) refers to stm32f7xx_it.o(i.UsageFault_Handler) for UsageFault_Handler
    startup_stm32f767xx.o(RESET) refers to port.o(.emb_text) for SVC_Handler
    startup_stm32f767xx.o(RESET) refers to stm32f7xx_it.o(i.DebugMon_Handler) for DebugMon_Handler
    startup_stm32f767xx.o(RESET) refers to port.o(i.SysTick_Handler) for SysTick_Handler
    startup_stm32f767xx.o(RESET) refers to stm32f7xx_it.o(i.CAN1_RX0_IRQHandler) for CAN1_RX0_IRQHandler
    startup_stm32f767xx.o(RESET) refers to stm32f7xx_it.o(i.CAN1_RX1_IRQHandler) for CAN1_RX1_IRQHandler
    startup_stm32f767xx.o(RESET) refers to stm32f7xx_it.o(i.TIM1_UP_TIM10_IRQHandler) for TIM1_UP_TIM10_IRQHandler
    startup_stm32f767xx.o(RESET) refers to stm32f7xx_it.o(i.USART3_IRQHandler) for USART3_IRQHandler
    startup_stm32f767xx.o(.text) refers (Special) to heapauxi.o(.text) for __use_two_region_memory
    startup_stm32f767xx.o(.text) refers to system_stm32f7xx.o(i.SystemInit) for SystemInit
    startup_stm32f767xx.o(.text) refers to __main.o(!!!main) for __main
    startup_stm32f767xx.o(.text) refers to startup_stm32f767xx.o(HEAP) for Heap_Mem
    startup_stm32f767xx.o(.text) refers to startup_stm32f767xx.o(STACK) for Stack_Mem
    main.o(i.HAL_CAN_RxFifo1MsgPendingCallback) refers to stm32f7xx_hal_can.o(i.HAL_CAN_GetRxMessage) for HAL_CAN_GetRxMessage
    main.o(i.HAL_CAN_RxFifo1MsgPendingCallback) refers to main.o(.data) for .data
    main.o(i.HAL_CAN_RxFifo1MsgPendingCallback) refers to main.o(.bss) for .bss
    main.o(i.HAL_TIM_PeriodElapsedCallback) refers to stm32f7xx_hal.o(i.HAL_IncTick) for HAL_IncTick
    main.o(i.HAL_UART_RxCpltCallback) refers to stm32f7xx_hal_uart.o(i.HAL_UART_Receive_IT) for HAL_UART_Receive_IT
    main.o(i.HAL_UART_RxCpltCallback) refers to main.o(.bss) for .bss
    main.o(i.MX_CAN1_Init) refers to stm32f7xx_hal_can.o(i.HAL_CAN_Init) for HAL_CAN_Init
    main.o(i.MX_CAN1_Init) refers to stm32f7xx_hal_can.o(i.HAL_CAN_ConfigFilter) for HAL_CAN_ConfigFilter
    main.o(i.MX_CAN1_Init) refers to main.o(.bss) for .bss
    main.o(i.MX_ETH_Init) refers to stm32f7xx_hal_eth.o(i.HAL_ETH_Init) for HAL_ETH_Init
    main.o(i.MX_ETH_Init) refers to rt_memclr_w.o(.text) for __aeabi_memclr4
    main.o(i.MX_ETH_Init) refers to main.o(.bss) for .bss
    main.o(i.MX_ETH_Init) refers to main.o(.data) for .data
    main.o(i.MX_ETH_Init) refers to main.o(.ARM.__AT_0x2007C0A0) for .ARM.__AT_0x2007C0A0
    main.o(i.MX_ETH_Init) refers to main.o(.ARM.__AT_0x2007C000) for .ARM.__AT_0x2007C000
    main.o(i.MX_GPIO_Init) refers to rt_memclr_w.o(.text) for __aeabi_memclr4
    main.o(i.MX_GPIO_Init) refers to stm32f7xx_hal_gpio.o(i.HAL_GPIO_WritePin) for HAL_GPIO_WritePin
    main.o(i.MX_GPIO_Init) refers to stm32f7xx_hal_gpio.o(i.HAL_GPIO_Init) for HAL_GPIO_Init
    main.o(i.MX_USART3_UART_Init) refers to stm32f7xx_hal_uart.o(i.HAL_UART_Init) for HAL_UART_Init
    main.o(i.MX_USART3_UART_Init) refers to main.o(.bss) for .bss
    main.o(i.StartDefaultTask) refers to main.o(i.func) for func
    main.o(i.StartDefaultTask) refers to cmsis_os.o(i.osDelay) for osDelay
    main.o(i.StartTask02) refers to cmsis_os.o(i.osDelay) for osDelay
    main.o(i.StartTask03) refers to _printf_percent.o(.ARM.Collect$$_printf_percent$$00000000) for _printf_percent
    main.o(i.StartTask03) refers to _printf_i.o(.ARM.Collect$$_printf_percent$$00000008) for _printf_i
    main.o(i.StartTask03) refers to _printf_dec.o(.text) for _printf_int_dec
    main.o(i.StartTask03) refers to noretval__2sprintf.o(.text) for __2sprintf
    main.o(i.StartTask03) refers to strlen.o(.text) for strlen
    main.o(i.StartTask03) refers to stm32f7xx_hal_uart.o(i.HAL_UART_Transmit) for HAL_UART_Transmit
    main.o(i.StartTask03) refers to cmsis_os.o(i.osDelay) for osDelay
    main.o(i.StartTask03) refers to main.o(.data) for .data
    main.o(i.StartTask03) refers to main.o(.bss) for .bss
[...]
    i.SysTick_Handler                        0x08002fa4   Section        0  port.o(i.SysTick_Handler)
    i.SystemClock_Config                     0x08002fd4   Section        0  main.o(i.SystemClock_Config)
    i.SystemInit                             0x08003078   Section        0  system_stm32f7xx.o(i.SystemInit)
    i.TIM1_UP_TIM10_IRQHandler               0x08003088   Section        0  stm32f7xx_it.o(i.TIM1_UP_TIM10_IRQHandler)
    i.TIM_Base_SetConfig                     0x08003094   Section        0  stm32f7xx_hal_tim.o(i.TIM_Base_SetConfig)
    i.UART_AdvFeatureConfig                  0x08003160   Section        0  stm32f7xx_hal_uart.o(i.UART_AdvFeatureConfig)
    i.UART_CheckIdleState                    0x08003228   Section        0  stm32f7xx_hal_uart.o(i.UART_CheckIdleState)
    i.UART_DMAAbortOnError                   0x08003288   Section        0  stm32f7xx_hal_uart.o(i.UART_DMAAbortOnError)
    UART_DMAAbortOnError                     0x08003289   Thumb Code    20  stm32f7xx_hal_uart.o(i.UART_DMAAbortOnError)
    i.UART_EndRxTransfer                     0x0800329c   Section        0  stm32f7xx_hal_uart.o(i.UART_EndRxTransfer)
    UART_EndRxTransfer                       0x0800329d   Thumb Code    76  stm32f7xx_hal_uart.o(i.UART_EndRxTransfer)
    i.UART_RxISR_16BIT                       0x080032e8   Section        0  stm32f7xx_hal_uart.o(i.UART_RxISR_16BIT)
    UART_RxISR_16BIT                         0x080032e9   Thumb Code   164  stm32f7xx_hal_uart.o(i.UART_RxISR_16BIT)
    i.UART_RxISR_8BIT                        0x0800338c   Section        0  stm32f7xx_hal_uart.o(i.UART_RxISR_8BIT)
    UART_RxISR_8BIT                          0x0800338d   Thumb Code   164  stm32f7xx_hal_uart.o(i.UART_RxISR_8BIT)
    i.UART_SetConfig                         0x08003430   Section        0  stm32f7xx_hal_uart.o(i.UART_SetConfig)
    i.UART_Start_Receive_IT                  0x08003660   Section        0  stm32f7xx_hal_uart.o(i.UART_Start_Receive_IT)
    i.UART_WaitOnFlagUntilTimeout            0x08003718   Section        0  stm32f7xx_hal_uart.o(i.UART_WaitOnFlagUntilTimeout)
    i.USART3_IRQHandler                      0x080037e4   Section        0  stm32f7xx_it.o(i.USART3_IRQHandler)
    i.UsageFault_Handler                     0x080037f0   Section        0  stm32f7xx_it.o(i.UsageFault_Handler)
    i.__NVIC_SetPriority                     0x080037f2   Section        0  stm32f7xx_hal_cortex.o(i.__NVIC_SetPriority)
    __NVIC_SetPriority                       0x080037f3   Thumb Code    34  stm32f7xx_hal_cortex.o(i.__NVIC_SetPriority)
    i.func                                   0x08003814   Section        0  main.o(i.func)
    i.main                                   0x08003950   Section        0  main.o(i.main)
    i.makeFreeRtosPriority                   0x08003a2c   Section        0  cmsis_os.o(i.makeFreeRtosPriority)
    makeFreeRtosPriority                     0x08003a2d   Thumb Code    14  cmsis_os.o(i.makeFreeRtosPriority)
    i.osDelay                                0x08003a3a   Section        0  cmsis_os.o(i.osDelay)
    i.osKernelStart                          0x08003a48   Section        0  cmsis_os.o(i.osKernelStart)
    i.osMutexCreate                          0x08003a52   Section        0  cmsis_os.o(i.osMutexCreate)
    i.osSemaphoreCreate                      0x08003a62   Section        0  cmsis_os.o(i.osSemaphoreCreate)
    i.osThreadCreate                         0x08003aa0   Section        0  cmsis_os.o(i.osThreadCreate)
    i.prvAddCurrentTaskToDelayedList         0x08003af4   Section        0  tasks.o(i.prvAddCurrentTaskToDelayedList)
    prvAddCurrentTaskToDelayedList           0x08003af5   Thumb Code   102  tasks.o(i.prvAddCurrentTaskToDelayedList)
    i.prvAddNewTaskToReadyList               0x08003b64   Section        0  tasks.o(i.prvAddNewTaskToReadyList)
    prvAddNewTaskToReadyList                 0x08003b65   Thumb Code   194  tasks.o(i.prvAddNewTaskToReadyList)
    i.prvCopyDataToQueue                     0x08003c34   Section        0  queue.o(i.prvCopyDataToQueue)
    prvCopyDataToQueue                       0x08003c35   Thumb Code   108  queue.o(i.prvCopyDataToQueue)
    i.prvDeleteTCB                           0x08003ca0   Section        0  tasks.o(i.prvDeleteTCB)
    prvDeleteTCB                             0x08003ca1   Thumb Code    56  tasks.o(i.prvDeleteTCB)
    i.prvHeapInit                            0x08003cd8   Section        0  heap_4.o(i.prvHeapInit)
    prvHeapInit                              0x08003cd9   Thumb Code    70  heap_4.o(i.prvHeapInit)
    i.prvIdleTask                            0x08003d28   Section        0  tasks.o(i.prvIdleTask)
    prvIdleTask                              0x08003d29   Thumb Code    82  tasks.o(i.prvIdleTask)
    i.prvInitialiseMutex                     0x08003d88   Section        0  queue.o(i.prvInitialiseMutex)
    prvInitialiseMutex                       0x08003d89   Thumb Code    22  queue.o(i.prvInitialiseMutex)
    i.prvInitialiseNewQueue                  0x08003d9e   Section        0  queue.o(i.prvInitialiseNewQueue)
    prvInitialiseNewQueue                    0x08003d9f   Thumb Code    22  queue.o(i.prvInitialiseNewQueue)
    i.prvInitialiseNewTask                   0x08003db4   Section        0  tasks.o(i.prvInitialiseNewTask)
    prvInitialiseNewTask                     0x08003db5   Thumb Code   158  tasks.o(i.prvInitialiseNewTask)
    i.prvInsertBlockIntoFreeList             0x08003e54   Section        0  heap_4.o(i.prvInsertBlockIntoFreeList)
    prvInsertBlockIntoFreeList               0x08003e55   Thumb Code    72  heap_4.o(i.prvInsertBlockIntoFreeList)
    i.prvResetNextTaskUnblockTime            0x08003ea0   Section        0  tasks.o(i.prvResetNextTaskUnblockTime)
    prvResetNextTaskUnblockTime              0x08003ea1   Thumb Code    26  tasks.o(i.prvResetNextTaskUnblockTime)
    i.prvTaskExitError                       0x08003ec0   Section        0  port.o(i.prvTaskExitError)
    prvTaskExitError                         0x08003ec1   Thumb Code    42  port.o(i.prvTaskExitError)
    i.prvUnlockQueue                         0x08003ef0   Section        0  queue.o(i.prvUnlockQueue)
    prvUnlockQueue                           0x08003ef1   Thumb Code   106  queue.o(i.prvUnlockQueue)
    i.pvPortMalloc                           0x08003f5c   Section        0  heap_4.o(i.pvPortMalloc)
    i.pxPortInitialiseStack                  0x08004040   Section        0  port.o(i.pxPortInitialiseStack)
    i.uxListRemove                           0x08004070   Section        0  list.o(i.uxListRemove)
    i.vApplicationGetIdleTaskMemory          0x08004098   Section        0  freertos.o(i.vApplicationGetIdleTaskMemory)
    i.vListInitialise                        0x080040b0   Section        0  list.o(i.vListInitialise)
    i.vListInitialiseItem                    0x080040c6   Section        0  list.o(i.vListInitialiseItem)
    i.vListInsert                            0x080040cc   Section        0  list.o(i.vListInsert)
    i.vListInsertEnd                         0x080040fc   Section        0  list.o(i.vListInsertEnd)
    i.vPortEnterCritical                     0x08004114   Section        0  port.o(i.vPortEnterCritical)
    i.vPortExitCritical                      0x0800415c   Section        0  port.o(i.vPortExitCritical)
    i.vPortFree                              0x08004188   Section        0  heap_4.o(i.vPortFree)
    i.vPortSetupTimerInterrupt               0x080041ec   Section        0  port.o(i.vPortSetupTimerInterrupt)
    i.vTaskDelay                             0x08004210   Section        0  tasks.o(i.vTaskDelay)
    i.vTaskInternalSetTimeOutState           0x08004260   Section        0  tasks.o(i.vTaskInternalSetTimeOutState)
    i.vTaskMissedYield                       0x08004270   Section        0  tasks.o(i.vTaskMissedYield)
    i.vTaskPlaceOnEventList                  0x0800427c   Section        0  tasks.o(i.vTaskPlaceOnEventList)
    i.vTaskStartScheduler                    0x080042b0   Section        0  tasks.o(i.vTaskStartScheduler)
    i.vTaskSuspendAll                        0x08004320   Section        0  tasks.o(i.vTaskSuspendAll)
    i.vTaskSwitchContext                     0x08004330   Section        0  tasks.o(i.vTaskSwitchContext)
    i.xPortStartScheduler                    0x08004390   Section        0  port.o(i.xPortStartScheduler)
    i.xQueueCreateMutex                      0x08004450   Section        0  queue.o(i.xQueueCreateMutex)
    i.xQueueCreateMutexStatic                0x08004466   Section        0  queue.o(i.xQueueCreateMutexStatic)
    i.xQueueGenericCreate                    0x08004480   Section        0  queue.o(i.xQueueGenericCreate)
    i.xQueueGenericCreateStatic              0x080044cc   Section        0  queue.o(i.xQueueGenericCreateStatic)
    i.xQueueGenericReset                     0x08004544   Section        0  queue.o(i.xQueueGenericReset)
    i.xQueueGenericSend                      0x080045dc   Section        0  queue.o(i.xQueueGenericSend)
    i.xTaskCheckForTimeOut                   0x0800474c   Section        0  tasks.o(i.xTaskCheckForTimeOut)
    i.xTaskCreate                            0x080047cc   Section        0  tasks.o(i.xTaskCreate)
    i.xTaskCreateStatic                      0x08004826   Section        0  tasks.o(i.xTaskCreateStatic)
    i.xTaskGetSchedulerState                 0x08004884   Section        0  tasks.o(i.xTaskGetSchedulerState)
    i.xTaskIncrementTick                     0x080048a0   Section        0  tasks.o(i.xTaskIncrementTick)
    i.xTaskPriorityDisinherit                0x0800496c   Section        0  tasks.o(i.xTaskPriorityDisinherit)
    i.xTaskRemoveFromEventList               0x08004a14   Section        0  tasks.o(i.xTaskRemoveFromEventList)
    i.xTaskResumeAll                         0x08004a8c   Section        0  tasks.o(i.xTaskResumeAll)
    x$fpl$fpinit                             0x08004b54   Section       10  fpinit.o(x$fpl$fpinit)
    $v0                                      0x08004b54   Number         0  fpinit.o(x$fpl$fpinit)
    .constdata                               0x08004b60   Section       84  main.o(.constdata)
    .constdata                               0x08004bb4   Section       16  system_stm32f7xx.o(.constdata)
    .constdata                               0x08004bc4   Section        8  system_stm32f7xx.o(.constdata)
    .conststring                             0x08004bcc   Section       30  main.o(.conststring)
    .data                                    0x20000000   Section       58  main.o(.data)
    MACAddr                                  0x2000002c   Data           6  main.o(.data)
    .data                                    0x2000003c   Section       12  stm32f7xx_hal.o(.data)
    .data                                    0x20000048   Section        4  system_stm32f7xx.o(.data)
    .data                                    0x2000004c   Section       60  tasks.o(.data)
    pxDelayedTaskList                        0x20000050   Data           4  tasks.o(.data)
    pxOverflowDelayedTaskList                0x20000054   Data           4  tasks.o(.data)
    uxDeletedTasksWaitingCleanUp             0x20000058   Data           4  tasks.o(.data)
    uxCurrentNumberOfTasks                   0x2000005c   Data           4  tasks.o(.data)
    xTickCount                               0x20000060   Data           4  tasks.o(.data)
    uxTopReadyPriority                       0x20000064   Data           4  tasks.o(.data)
    xSchedulerRunning                        0x20000068   Data           4  tasks.o(.data)
    uxPendedTicks                            0x2000006c   Data           4  tasks.o(.data)
    xYieldPending                            0x20000070   Data           4  tasks.o(.data)
    xNumOfOverflows                          0x20000074   Data           4  tasks.o(.data)
    uxTaskNumber                             0x20000078   Data           4  tasks.o(.data)
    xNextTaskUnblockTime                     0x2000007c   Data           4  tasks.o(.data)
    xIdleTaskHandle                          0x20000080   Data           4  tasks.o(.data)
    uxSchedulerSuspended                     0x20000084   Data           4  tasks.o(.data)
    .data                                    0x20000088   Section       24  heap_4.o(.data)
    pxEnd                                    0x20000088   Data           4  heap_4.o(.data)
    xFreeBytesRemaining                      0x2000008c   Data           4  heap_4.o(.data)
    xMinimumEverFreeBytesRemaining           0x20000090   Data           4  heap_4.o(.data)
    xBlockAllocatedBit                       0x20000094   Data           4  heap_4.o(.data)
    xStart                                   0x20000098   Data           8  heap_4.o(.data)
    .data                                    0x200000a0   Section       12  port.o(.data)
    ucMaxSysCallPriority                     0x200000a0   Data           1  port.o(.data)
    uxCriticalNesting                        0x200000a4   Data           4  port.o(.data)
    ulMaxPRIGROUPValue                       0x200000a8   Data           4  port.o(.data)
    .bss                                     0x200000ac   Section      506  main.o(.bss)
    .bss                                     0x200002a8   Section      596  freertos.o(.bss)
    xIdleTaskTCBBuffer                       0x200002a8   Data          84  freertos.o(.bss)
    xIdleStack                               0x200002fc   Data         512  freertos.o(.bss)
    .bss                                     0x200004fc   Section       76  stm32f7xx_hal_timebase_tim.o(.bss)
    .bss                                     0x20000548   Section      240  tasks.o(.bss)
    pxReadyTasksLists                        0x20000548   Data         140  tasks.o(.bss)
    xDelayedTaskList1                        0x200005d4   Data          20  tasks.o(.bss)
    xDelayedTaskList2                        0x200005e8   Data          20  tasks.o(.bss)
    xPendingReadyList                        0x200005fc   Data          20  tasks.o(.bss)
    xTasksWaitingTermination                 0x20000610   Data          20  tasks.o(.bss)
    xSuspendedTaskList                       0x20000624   Data          20  tasks.o(.bss)
    .bss                                     0x20000638   Section    15360  heap_4.o(.bss)
    ucHeap                                   0x20000638   Data       15360  heap_4.o(.bss)
    .bss                                     0x20004238   Section       96  libspace.o(.bss)
    HEAP                                     0x20004298   Section      512  startup_stm32f767xx.o(HEAP)
    Heap_Mem                                 0x20004298   Data         512  startup_stm32f767xx.o(HEAP)
    STACK                                    0x20004498   Section     1024  startup_stm32f767xx.o(STACK)
    Stack_Mem                                0x20004498   Data        1024  startup_stm32f767xx.o(STACK)
    __initial_sp                             0x20004898   Data           0  startup_stm32f767xx.o(STACK)
    .ARM.__AT_0x2007C000                     0x2007c000   Section      160  main.o(.ARM.__AT_0x2007C000)
    .ARM.__AT_0x2007C0A0                     0x2007c0a0   Section      160  main.o(.ARM.__AT_0x2007C0A0)

    Global Symbols

    Symbol Name                              Value     Ov Type        Size  Object(Section)

    BuildAttributes$$THM_ISAv4$E$P$D$K$B$S$7EM$VFPv5_D16$PE$PLD8$A:L22UL41UL21$X:L11$S22US41US21$IEEE1$IW$USESV6$~STKCKD$USESV7$~SHL$OSPACE$ROPI$EBA8$UX$STANDARDLIB$REQ8$PRES8$EABIv2 0x00000000   Number         0  anon$$obj.o ABSOLUTE
    __ARM_use_no_argv                        0x00000000   Number         0  main.o ABSOLUTE
    __ARM_exceptions_init                     - Undefined Weak Reference
    __alloca_initialize                       - Undefined Weak Reference
    __arm_fini_                               - Undefined Weak Reference
    __arm_preinit_                            - Undefined Weak Reference
    __cpp_initialize__aeabi_                  - Undefined Weak Reference
    __cxa_finalize                            - Undefined Weak Reference
    __rt_locale                               - Undefined Weak Reference
    __sigvec_lookup                           - Undefined Weak Reference
    _atexit_init                              - Undefined Weak Reference
    _call_atexit_fns                          - Undefined Weak Reference
    _clock_init                               - Undefined Weak Reference
    _fp_trap_init                             - Undefined Weak Reference
    _fp_trap_shutdown                         - Undefined Weak Reference
    _get_lc_collate                           - Undefined Weak Reference
    _get_lc_ctype                             - Undefined Weak Reference
    _get_lc_monetary                          - Undefined Weak Reference
    _get_lc_numeric                           - Undefined Weak Reference
    _get_lc_time                              - Undefined Weak Reference
    _getenv_init                              - Undefined Weak Reference
    _handle_redirection                       - Undefined Weak Reference
    _init_alloc                               - Undefined Weak Reference
    _init_user_alloc                          - Undefined Weak Reference
    _initio                                   - Undefined Weak Reference
    _printf_post_padding                      - Undefined Weak Reference
    _printf_pre_padding                       - Undefined Weak Reference
    _printf_truncate_signed                   - Undefined Weak Reference
    _printf_truncate_unsigned                 - Undefined Weak Reference
    _rand_init                                - Undefined Weak Reference
    _signal_finish                            - Undefined Weak Reference
    _signal_init                              - Undefined Weak Reference
    _terminate_alloc                          - Undefined Weak Reference
    _terminate_user_alloc                     - Undefined Weak Reference
    _terminateio                              - Undefined Weak Reference
    __Vectors_Size                           0x000001f8   Number         0  startup_stm32f767xx.o ABSOLUTE
    __Vectors                                0x08000000   Data           4  startup_stm32f767xx.o(RESET)
    __Vectors_End                            0x080001f8   Data           0  startup_stm32f767xx.o(RESET)
    __main                                   0x080001f9   Thumb Code     8  __main.o(!!!main)
    __scatterload                            0x08000201   Thumb Code     0  __scatter.o(!!!scatter)
    __scatterload_rt2                        0x08000201   Thumb Code    44  __scatter.o(!!!scatter)
    __scatterload_rt2_thumb_only             0x08000201   Thumb Code     0  __scatter.o(!!!scatter)
    __scatterload_null                       0x0800020f   Thumb Code     0  __scatter.o(!!!scatter)
    __scatterload_copy                       0x08000235   Thumb Code    26  __scatter_copy.o(!!handler_copy)
    __scatterload_zeroinit                   0x08000251   Thumb Code    28  __scatter_zi.o(!!handler_zi)
    _printf_i                                0x0800026d   Thumb Code     0  _printf_i.o(.ARM.Collect$$_printf_percent$$00000008)
    _printf_percent                          0x0800026d   Thumb Code     0  _printf_percent.o(.ARM.Collect$$_printf_percent$$00000000)
    _printf_percent_end                      0x08000273   Thumb Code     0  _printf_percent_end.o(.ARM.Collect$$_printf_percent$$00000017)
    __rt_lib_init                            0x08000277   Thumb Code     0  libinit.o(.ARM.Collect$$libinit$$00000000)
    __rt_lib_init_fp_1                       0x08000279   Thumb Code     0  libinit2.o(.ARM.Collect$$libinit$$00000001)
    __rt_lib_init_alloca_1                   0x0800027d   Thumb Code     0  libinit2.o(.ARM.Collect$$libinit$$0000002E)
    __rt_lib_init_argv_1                     0x0800027d   Thumb Code     0  libinit2.o(.ARM.Collect$$libinit$$0000002C)
    __rt_lib_init_atexit_1                   0x0800027d   Thumb Code     0  libinit2.o(.ARM.Collect$$libinit$$0000001B)
    __rt_lib_init_clock_1                    0x0800027d   Thumb Code     0  libinit2.o(.ARM.Collect$$libinit$$00000021)
    __rt_lib_init_cpp_1                      0x0800027d   Thumb Code     0  libinit2.o(.ARM.Collect$$libinit$$00000032)
    __rt_lib_init_exceptions_1               0x0800027d   Thumb Code     0  libinit2.o(.ARM.Collect$$libinit$$00000030)
    __rt_lib_init_fp_trap_1                  0x0800027d   Thumb Code     0  libinit2.o(.ARM.Collect$$libinit$$0000001F)
    __rt_lib_init_getenv_1                   0x0800027d   Thumb Code     0  libinit2.o(.ARM.Collect$$libinit$$00000023)
    __rt_lib_init_heap_1                     0x0800027d   Thumb Code     0  libinit2.o(.ARM.Collect$$libinit$$0000000A)
    __rt_lib_init_lc_collate_1               0x0800027d   Thumb Code     0  libinit2.o(.ARM.Collect$$libinit$$00000011)
    __rt_lib_init_lc_ctype_1                 0x0800027d   Thumb Code     0  libinit2.o(.ARM.Collect$$libinit$$00000013)
    __rt_lib_init_lc_monetary_1              0x0800027d   Thumb Code     0  libinit2.o(.ARM.Collect$$libinit$$00000015)
    __rt_lib_init_lc_numeric_1               0x0800027d   Thumb Code     0  libinit2.o(.ARM.Collect$$libinit$$00000017)
    __rt_lib_init_lc_time_1                  0x0800027d   Thumb Code     0  libinit2.o(.ARM.Collect$$libinit$$00000019)
    __rt_lib_init_preinit_1                  0x0800027d   Thumb Code     0  libinit2.o(.ARM.Collect$$libinit$$00000004)
    __rt_lib_init_rand_1                     0x0800027d   Thumb Code     0  libinit2.o(.ARM.Collect$$libinit$$0000000E)
    __rt_lib_init_return                     0x0800027d   Thumb Code     0  libinit2.o(.ARM.Collect$$libinit$$00000033)
    __rt_lib_init_signal_1                   0x0800027d   Thumb Code     0  libinit2.o(.ARM.Collect$$libinit$$0000001D)
    __rt_lib_init_stdio_1                    0x0800027d   Thumb Code     0  libinit2.o(.ARM.Collect$$libinit$$00000025)
    __rt_lib_init_user_alloc_1               0x0800027d   Thumb Code     0  libinit2.o(.ARM.Collect$$libinit$$0000000C)
    __rt_lib_shutdown                        0x0800027f   Thumb Code     0  libshutdown.o(.ARM.Collect$$libshutdown$$00000000)
    __rt_lib_shutdown_cpp_1                  0x08000281   Thumb Code     0  libshutdown2.o(.ARM.Collect$$libshutdown$$00000004)
    __rt_lib_shutdown_fini_1                 0x08000281   Thumb Code     0  libshutdown2.o(.ARM.Collect$$libshutdown$$00000002)
    __rt_lib_shutdown_fp_trap_1              0x08000281   Thumb Code     0  libshutdown2.o(.ARM.Collect$$libshutdown$$00000009)
    __rt_lib_shutdown_heap_1                 0x08000281   Thumb Code     0  libshutdown2.o(.ARM.Collect$$libshutdown$$00000011)
    __rt_lib_shutdown_return                 0x08000281   Thumb Code     0  libshutdown2.o(.ARM.Collect$$libshutdown$$00000012)
    __rt_lib_shutdown_signal_1               0x08000281   Thumb Code     0  libshutdown2.o(.ARM.Collect$$libshutdown$$0000000C)
    __rt_lib_shutdown_stdio_1                0x08000281   Thumb Code     0  libshutdown2.o(.ARM.Collect$$libshutdown$$00000006)
    __rt_lib_shutdown_user_alloc_1           0x08000281   Thumb Code     0  libshutdown2.o(.ARM.Collect$$libshutdown$$0000000E)
    __rt_entry                               0x08000283   Thumb Code     0  __rtentry.o(.ARM.Collect$$rtentry$$00000000)
    __rt_entry_presh_1                       0x08000283   Thumb Code     0  __rtentry2.o(.ARM.Collect$$rtentry$$00000002)
    __rt_entry_sh                            0x08000283   Thumb Code     0  __rtentry4.o(.ARM.Collect$$rtentry$$00000004)
    __rt_entry_li                            0x08000289   Thumb Code     0  __rtentry2.o(.ARM.Collect$$rtentry$$0000000A)
    __rt_entry_postsh_1                      0x08000289   Thumb Code     0  __rtentry2.o(.ARM.Collect$$rtentry$$00000009)
    __rt_entry_main                          0x0800028d   Thumb Code     0  __rtentry2.o(.ARM.Collect$$rtentry$$0000000D)
    __rt_entry_postli_1                      0x0800028d   Thumb Code     0  __rtentry2.o(.ARM.Collect$$rtentry$$0000000C)
    __rt_exit                                0x08000295   Thumb Code     0  rtexit.o(.ARM.Collect$$rtexit$$00000000)
    __rt_exit_ls                             0x08000297   Thumb Code     0  rtexit2.o(.ARM.Collect$$rtexit$$00000003)
    __rt_exit_prels_1                        0x08000297   Thumb Code     0  rtexit2.o(.ARM.Collect$$rtexit$$00000002)
    __rt_exit_exit                           0x0800029b   Thumb Code     0  rtexit2.o(.ARM.Collect$$rtexit$$00000004)
    SVC_Handler                              0x080002a1   Thumb Code    28  port.o(.emb_text)
    __asm___6_port_c_39a90d8d__prvStartFirstTask 0x080002c1   Thumb Code    36  port.o(.emb_text)
    __asm___6_port_c_39a90d8d__prvEnableVFP  0x080002e9   Thumb Code    16  port.o(.emb_text)
    PendSV_Handler                           0x080002fd   Thumb Code    92  port.o(.emb_text)
    vPortGetIPSR                             0x0800035d   Thumb Code     6  port.o(.emb_text)
    Reset_Handler                            0x08000365   Thumb Code     8  startup_stm32f767xx.o(.text)
    ADC_IRQHandler                           0x0800037f   Thumb Code     0  startup_stm32f767xx.o(.text)
    CAN1_SCE_IRQHandler                      0x0800037f   Thumb Code     0  startup_stm32f767xx.o(.text)
    CAN1_TX_IRQHandler                       0x0800037f   Thumb Code     0  startup_stm32f767xx.o(.text)
    CAN2_RX0_IRQHandler                      0x0800037f   Thumb Code     0  startup_stm32f767xx.o(.text)
    CAN2_RX1_IRQHandler                      0x0800037f   Thumb Code     0  startup_stm32f767xx.o(.text)
    CAN2_SCE_IRQHandler                      0x0800037f   Thumb Code     0  startup_stm32f767xx.o(.text)
    CAN2_TX_IRQHandler                       0x0800037f   Thumb Code     0  startup_stm32f767xx.o(.text)
    CAN3_RX0_IRQHandler                      0x0800037f   Thumb Code     0  startup_stm32f767xx.o(.text)
    CAN3_RX1_IRQHandler                      0x0800037f   Thumb Code     0  startup_stm32f767xx.o(.text)
    CAN3_SCE_IRQHandler                      0x0800037f   Thumb Code     0  startup_stm32f767xx.o(.text)
    CAN3_TX_IRQHandler                       0x0800037f   Thumb Code     0  startup_stm32f767xx.o(.text)
    CEC_IRQHandler                           0x0800037f   Thumb Code     0  startup_stm32f767xx.o(.text)
    DCMI_IRQHandler                          0x0800037f   Thumb Code     0  startup_stm32f767xx.o(.text)
    DFSDM1_FLT0_IRQHandler                   0x0800037f   Thumb Code     0  startup_stm32f767xx.o(.text)
    DFSDM1_FLT1_IRQHandler                   0x0800037f   Thumb Code     0  startup_stm32f767xx.o(.text)
    DFSDM1_FLT2_IRQHandler                   0x0800037f   Thumb Code     0  startup_stm32f767xx.o(.text)
    DFSDM1_FLT3_IRQHandler                   0x0800037f   Thumb Code     0  startup_stm32f767xx.o(.text)
    DMA1_Stream0_IRQHandler                  0x0800037f   Thumb Code     0  startup_stm32f767xx.o(.text)
    DMA1_Stream1_IRQHandler                  0x0800037f   Thumb Code     0  startup_stm32f767xx.o(.text)
    DMA1_Stream2_IRQHandler                  0x0800037f   Thumb Code     0  startup_stm32f767xx.o(.text)
    DMA1_Stream3_IRQHandler                  0x0800037f   Thumb Code     0  startup_stm32f767xx.o(.text)
    DMA1_Stream4_IRQHandler                  0x0800037f   Thumb Code     0  startup_stm32f767xx.o(.text)
    DMA1_Stream5_IRQHandler                  0x0800037f   Thumb Code     0  startup_stm32f767xx.o(.text)
    DMA1_Stream6_IRQHandler                  0x0800037f   Thumb Code     0  startup_stm32f767xx.o(.text)
    DMA1_Stream7_IRQHandler                  0x0800037f   Thumb Code     0  startup_stm32f767xx.o(.text)
    DMA2D_IRQHandler                         0x0800037f   Thumb Code     0  startup_stm32f767xx.o(.text)
    DMA2_Stream0_IRQHandler                  0x0800037f   Thumb Code     0  startup_stm32f767xx.o(.text)
    DMA2_Stream1_IRQHandler                  0x0800037f   Thumb Code     0  startup_stm32f767xx.o(.text)
    DMA2_Stream2_IRQHandler                  0x0800037f   Thumb Code     0  startup_stm32f767xx.o(.text)
    DMA2_Stream3_IRQHandler                  0x0800037f   Thumb Code     0  startup_stm32f767xx.o(.text)
    DMA2_Stream4_IRQHandler                  0x0800037f   Thumb Code     0  startup_stm32f767xx.o(.text)
    DMA2_Stream5_IRQHandler                  0x0800037f   Thumb Code     0  startup_stm32f767xx.o(.text)
    DMA2_Stream6_IRQHandler                  0x0800037f   Thumb Code     0  startup_stm32f767xx.o(.text)
    DMA2_Stream7_IRQHandler                  0x0800037f   Thumb Code     0  startup_stm32f767xx.o(.text)
    ETH_IRQHandler                           0x0800037f   Thumb Code     0  startup_stm32f767xx.o(.text)
    ETH_WKUP_IRQHandler                      0x0800037f   Thumb Code     0  startup_stm32f767xx.o(.text)
    EXTI0_IRQHandler                         0x0800037f   Thumb Code     0  startup_stm32f767xx.o(.text)
    EXTI15_10_IRQHandler                     0x0800037f   Thumb Code     0  startup_stm32f767xx.o(.text)
    EXTI1_IRQHandler                         0x0800037f   Thumb Code     0  startup_stm32f767xx.o(.text)
    EXTI2_IRQHandler                         0x0800037f   Thumb Code     0  startup_stm32f767xx.o(.text)
    EXTI3_IRQHandler                         0x0800037f   Thumb Code     0  startup_stm32f767xx.o(.text)
    EXTI4_IRQHandler                         0x0800037f   Thumb Code     0  startup_stm32f767xx.o(.text)
    EXTI9_5_IRQHandler                       0x0800037f   Thumb Code     0  startup_stm32f767xx.o(.text)
    FLASH_IRQHandler                         0x0800037f   Thumb Code     0  startup_stm32f767xx.o(.text)
    FMC_IRQHandler                           0x0800037f   Thumb Code     0  startup_stm32f767xx.o(.text)
    FPU_IRQHandler                           0x0800037f   Thumb Code     0  startup_stm32f767xx.o(.text)
    I2C1_ER_IRQHandler                       0x0800037f   Thumb Code     0  startup_stm32f767xx.o(.text)
    I2C1_EV_IRQHandler                       0x0800037f   Thumb Code     0  startup_stm32f767xx.o(.text)
    I2C2_ER_IRQHandler                       0x0800037f   Thumb Code     0  startup_stm32f767xx.o(.text)
    I2C2_EV_IRQHandler                       0x0800037f   Thumb Code     0  startup_stm32f767xx.o(.text)
    I2C3_ER_IRQHandler                       0x0800037f   Thumb Code     0  startup_stm32f767xx.o(.text)
    I2C3_EV_IRQHandler                       0x0800037f   Thumb Code     0  startup_stm32f767xx.o(.text)
    I2C4_ER_IRQHandler                       0x0800037f   Thumb Code     0  startup_stm32f767xx.o(.text)
    I2C4_EV_IRQHandler                       0x0800037f   Thumb Code     0  startup_stm32f767xx.o(.text)
    JPEG_IRQHandler                          0x0800037f   Thumb Code     0  startup_stm32f767xx.o(.text)
    LPTIM1_IRQHandler                        0x0800037f   Thumb Code     0  startup_stm32f767xx.o(.text)
    LTDC_ER_IRQHandler                       0x0800037f   Thumb Code     0  startup_stm32f767xx.o(.text)
    LTDC_IRQHandler                          0x0800037f   Thumb Code     0  startup_stm32f767xx.o(.text)
    MDIOS_IRQHandler                         0x0800037f   Thumb Code     0  startup_stm32f767xx.o(.text)
    OTG_FS_IRQHandler                        0x0800037f   Thumb Code     0  startup_stm32f767xx.o(.text)
    OTG_FS_WKUP_IRQHandler                   0x0800037f   Thumb Code     0  startup_stm32f767xx.o(.text)
    OTG_HS_EP1_IN_IRQHandler                 0x0800037f   Thumb Code     0  startup_stm32f767xx.o(.text)
    OTG_HS_EP1_OUT_IRQHandler                0x0800037f   Thumb Code     0  startup_stm32f767xx.o(.text)
    OTG_HS_IRQHandler                        0x0800037f   Thumb Code     0  startup_stm32f767xx.o(.text)
    OTG_HS_WKUP_IRQHandler                   0x0800037f   Thumb Code     0  startup_stm32f767xx.o(.text)
    PVD_IRQHandler                           0x0800037f   Thumb Code     0  startup_stm32f767xx.o(.text)
    QUADSPI_IRQHandler                       0x0800037f   Thumb Code     0  startup_stm32f767xx.o(.text)
    RCC_IRQHandler                           0x0800037f   Thumb Code     0  startup_stm32f767xx.o(.text)
    RNG_IRQHandler                           0x0800037f   Thumb Code     0  startup_stm32f767xx.o(.text)
    RTC_Alarm_IRQHandler                     0x0800037f   Thumb Code     0  startup_stm32f767xx.o(.text)
    RTC_WKUP_IRQHandler                      0x0800037f   Thumb Code     0  startup_stm32f767xx.o(.text)
    SAI1_IRQHandler                          0x0800037f   Thumb Code     0  startup_stm32f767xx.o(.text)
    SAI2_IRQHandler                          0x0800037f   Thumb Code     0  startup_stm32f767xx.o(.text)
    SDMMC1_IRQHandler                        0x0800037f   Thumb Code     0  startup_stm32f767xx.o(.text)
    SDMMC2_IRQHandler                        0x0800037f   Thumb Code     0  startup_stm32f767xx.o(.text)
    SPDIF_RX_IRQHandler                      0x0800037f   Thumb Code     0  startup_stm32f767xx.o(.text)
    SPI1_IRQHandler                          0x0800037f   Thumb Code     0  startup_stm32f767xx.o(.text)
    SPI2_IRQHandler                          0x0800037f   Thumb Code     0  startup_stm32f767xx.o(.text)
    SPI3_IRQHandler                          0x0800037f   Thumb Code     0  startup_stm32f767xx.o(.text)
    SPI4_IRQHandler                          0x0800037f   Thumb Code     0  startup_stm32f767xx.o(.text)
    SPI5_IRQHandler                          0x0800037f   Thumb Code     0  startup_stm32f767xx.o(.text)
    SPI6_IRQHandler                          0x0800037f   Thumb Code     0  startup_stm32f767xx.o(.text)
    TAMP_STAMP_IRQHandler                    0x0800037f   Thumb Code     0  startup_stm32f767xx.o(.text)
    TIM1_BRK_TIM9_IRQHandler                 0x0800037f   Thumb Code     0  startup_stm32f767xx.o(.text)
    TIM1_CC_IRQHandler                       0x0800037f   Thumb Code     0  startup_stm32f767xx.o(.text)
    TIM1_TRG_COM_TIM11_IRQHandler            0x0800037f   Thumb Code     0  startup_stm32f767xx.o(.text)
    TIM2_IRQHandler                          0x0800037f   Thumb Code     0  startup_stm32f767xx.o(.text)
    TIM3_IRQHandler                          0x0800037f   Thumb Code     0  startup_stm32f767xx.o(.text)
    TIM4_IRQHandler                          0x0800037f   Thumb Code     0  startup_stm32f767xx.o(.text)
    TIM5_IRQHandler                          0x0800037f   Thumb Code     0  startup_stm32f767xx.o(.text)
    TIM6_DAC_IRQHandler                      0x0800037f   Thumb Code     0  startup_stm32f767xx.o(.text)
    TIM7_IRQHandler                          0x0800037f   Thumb Code     0  startup_stm32f767xx.o(.text)
    TIM8_BRK_TIM12_IRQHandler                0x0800037f   Thumb Code     0  startup_stm32f767xx.o(.text)
    TIM8_CC_IRQHandler                       0x0800037f   Thumb Code     0  startup_stm32f767xx.o(.text)
    TIM8_TRG_COM_TIM14_IRQHandler            0x0800037f   Thumb Code     0  startup_stm32f767xx.o(.text)
    TIM8_UP_TIM13_IRQHandler                 0x0800037f   Thumb Code     0  startup_stm32f767xx.o(.text)
    UART4_IRQHandler                         0x0800037f   Thumb Code     0  startup_stm32f767xx.o(.text)
    UART5_IRQHandler                         0x0800037f   Thumb Code     0  startup_stm32f767xx.o(.text)
    UART7_IRQHandler                         0x0800037f   Thumb Code     0  startup_stm32f767xx.o(.text)
    UART8_IRQHandler                         0x0800037f   Thumb Code     0  startup_stm32f767xx.o(.text)
    USART1_IRQHandler                        0x0800037f   Thumb Code     0  startup_stm32f767xx.o(.text)
    USART2_IRQHandler                        0x0800037f   Thumb Code     0  startup_stm32f767xx.o(.text)
    USART6_IRQHandler                        0x0800037f   Thumb Code     0  startup_stm32f767xx.o(.text)
    WWDG_IRQHandler                          0x0800037f   Thumb Code     0  startup_stm32f767xx.o(.text)
    __user_initial_stackheap                 0x08000381   Thumb Code     0  startup_stm32f767xx.o(.text)
    __aeabi_uldivmod                         0x080003a5   Thumb Code     0  lludivv7m.o(.text)
    _ll_udiv                                 0x080003a5   Thumb Code   238  lludivv7m.o(.text)
    __2sprintf                               0x08000495   Thumb Code    34  noretval__2sprintf.o(.text)
    __printf                                 0x080004bd   Thumb Code   104  __printf.o(.text)
    _printf_int_dec                          0x08000525   Thumb Code   104  _printf_dec.o(.text)
    strlen                                   0x0800059d   Thumb Code    62  strlen.o(.text)
    __aeabi_memcpy                           0x080005db   Thumb Code     0  rt_memcpy_v6.o(.text)
    __rt_memcpy                              0x080005db   Thumb Code   138  rt_memcpy_v6.o(.text)
    _memcpy_lastbytes                        0x08000641   Thumb Code     0  rt_memcpy_v6.o(.text)
    __aeabi_memcpy4                          0x08000665   Thumb Code     0  rt_memcpy_w.o(.text)
    __aeabi_memcpy8                          0x08000665   Thumb Code     0  rt_memcpy_w.o(.text)
    __rt_memcpy_w                            0x08000665   Thumb Code   100  rt_memcpy_w.o(.text)
    _memcpy_lastbytes_aligned                0x080006ad   Thumb Code     0  rt_memcpy_w.o(.text)
    __aeabi_memclr4                          0x080006c9   Thumb Code     0  rt_memclr_w.o(.text)
    __aeabi_memclr8                          0x080006c9   Thumb Code     0  rt_memclr_w.o(.text)
    __rt_memclr_w                            0x080006c9   Thumb Code    78  rt_memclr_w.o(.text)
    _memset_w                                0x080006cd   Thumb Code     0  rt_memclr_w.o(.text)
    __use_two_region_memory                  0x08000717   Thumb Code     2  heapauxi.o(.text)
    __rt_heap_escrow$2region                 0x08000719   Thumb Code     2  heapauxi.o(.text)
    __rt_heap_expand$2region                 0x0800071b   Thumb Code     2  heapauxi.o(.text)
    _printf_int_common                       0x0800071d   Thumb Code   178  _printf_intcommon.o(.text)
    _printf_char_common                      0x080007db   Thumb Code    32  _printf_char_common.o(.text)
    _sputc                                   0x08000801   Thumb Code    10  _sputc.o(.text)
    __user_setup_stackheap                   0x0800080b   Thumb Code    74  sys_stackheap_outer.o(.text)
    exit                                     0x08000855   Thumb Code    18  exit.o(.text)
    __user_libspace                          0x08000869   Thumb Code     8  libspace.o(.text)
    __user_perproc_libspace                  0x08000869   Thumb Code     0  libspace.o(.text)
    __user_perthread_libspace                0x08000869   Thumb Code     0  libspace.o(.text)
    _sys_exit                                0x08000871   Thumb Code     8  sys_exit.o(.text)
    __I$use$semihosting                      0x0800087d   Thumb Code     0  use_no_semi.o(.text)
    __use_no_semihosting_swi                 0x0800087d   Thumb Code     2  use_no_semi.o(.text)
    BusFault_Handler                         0x0800087f   Thumb Code     2  stm32f7xx_it.o(i.BusFault_Handler)
    __semihosting_library_function           0x0800087f   Thumb Code     0  indicate_semi.o(.text)
    CAN1_RX0_IRQHandler                      0x08000881   Thumb Code     6  stm32f7xx_it.o(i.CAN1_RX0_IRQHandler)
    CAN1_RX1_IRQHandler                      0x0800088d   Thumb Code     6  stm32f7xx_it.o(i.CAN1_RX1_IRQHandler)
    DebugMon_Handler                         0x08000899   Thumb Code     2  stm32f7xx_it.o(i.DebugMon_Handler)
    Error_Handler                            0x08000b7d   Thumb Code     4  main.o(i.Error_Handler)
    HAL_CAN_ActivateNotification             0x08000b81   Thumb Code    36  stm32f7xx_hal_can.o(i.HAL_CAN_ActivateNotification)
    HAL_CAN_AddTxMessage                     0x08000ba5   Thumb Code   230  stm32f7xx_hal_can.o(i.HAL_CAN_AddTxMessage)
    HAL_CAN_ConfigFilter                     0x08000c8d   Thumb Code   278  stm32f7xx_hal_can.o(i.HAL_CAN_ConfigFilter)
    HAL_CAN_ErrorCallback                    0x08000dad   Thumb Code     2  stm32f7xx_hal_can.o(i.HAL_CAN_ErrorCallback)
    HAL_CAN_GetRxMessage                     0x08000db1   Thumb Code   250  stm32f7xx_hal_can.o(i.HAL_CAN_GetRxMessage)
    HAL_CAN_IRQHandler                       0x08000eab   Thumb Code   508  stm32f7xx_hal_can.o(i.HAL_CAN_IRQHandler)
    HAL_CAN_Init                             0x080010a7   Thumb Code   282  stm32f7xx_hal_can.o(i.HAL_CAN_Init)
    HAL_CAN_MspInit                          0x080011c1   Thumb Code   120  stm32f7xx_hal_msp.o(i.HAL_CAN_MspInit)
    HAL_CAN_RxFifo0FullCallback              0x08001245   Thumb Code     2  stm32f7xx_hal_can.o(i.HAL_CAN_RxFifo0FullCallback)
    HAL_CAN_RxFifo0MsgPendingCallback        0x08001247   Thumb Code     2  stm32f7xx_hal_can.o(i.HAL_CAN_RxFifo0MsgPendingCallback)
    HAL_CAN_RxFifo1FullCallback              0x08001249   Thumb Code     2  stm32f7xx_hal_can.o(i.HAL_CAN_RxFifo1FullCallback)
    HAL_CAN_RxFifo1MsgPendingCallback        0x0800124d   Thumb Code   152  main.o(i.HAL_CAN_RxFifo1MsgPendingCallback)
    HAL_CAN_SleepCallback                    0x080012ed   Thumb Code     2  stm32f7xx_hal_can.o(i.HAL_CAN_SleepCallback)
    HAL_CAN_Start                            0x080012f1   Thumb Code    88  stm32f7xx_hal_can.o(i.HAL_CAN_Start)
    HAL_CAN_TxMailbox0AbortCallback          0x08001349   Thumb Code     2  stm32f7xx_hal_can.o(i.HAL_CAN_TxMailbox0AbortCallback)
    HAL_CAN_TxMailbox0CompleteCallback       0x0800134b   Thumb Code     2  stm32f7xx_hal_can.o(i.HAL_CAN_TxMailbox0CompleteCallback)
    HAL_CAN_TxMailbox1AbortCallback          0x0800134d   Thumb Code     2  stm32f7xx_hal_can.o(i.HAL_CAN_TxMailbox1AbortCallback)
    HAL_CAN_TxMailbox1CompleteCallback       0x0800134f   Thumb Code     2  stm32f7xx_hal_can.o(i.HAL_CAN_TxMailbox1CompleteCallback)
    HAL_CAN_TxMailbox2AbortCallback          0x08001351   Thumb Code     2  stm32f7xx_hal_can.o(i.HAL_CAN_TxMailbox2AbortCallback)
    HAL_CAN_TxMailbox2CompleteCallback       0x08001353   Thumb Code     2  stm32f7xx_hal_can.o(i.HAL_CAN_TxMailbox2CompleteCallback)
    HAL_CAN_WakeUpFromRxMsgCallback          0x08001355   Thumb Code     2  stm32f7xx_hal_can.o(i.HAL_CAN_WakeUpFromRxMsgCallback)
    HAL_DMA_Abort                            0x08001357   Thumb Code   146  stm32f7xx_hal_dma.o(i.HAL_DMA_Abort)
    HAL_DMA_Abort_IT                         0x080013e9   Thumb Code    36  stm32f7xx_hal_dma.o(i.HAL_DMA_Abort_IT)
    HAL_Delay                                0x0800140d   Thumb Code    32  stm32f7xx_hal.o(i.HAL_Delay)
    HAL_ETH_Init                             0x08001431   Thumb Code   272  stm32f7xx_hal_eth.o(i.HAL_ETH_Init)
    HAL_ETH_MspInit                          0x0800154d   Thumb Code   206  stm32f7xx_hal_msp.o(i.HAL_ETH_MspInit)
    HAL_GPIO_Init                            0x08001635   Thumb Code   530  stm32f7xx_hal_gpio.o(i.HAL_GPIO_Init)
    HAL_GPIO_WritePin                        0x0800187d   Thumb Code    10  stm32f7xx_hal_gpio.o(i.HAL_GPIO_WritePin)
    HAL_GetTick                              0x08001889   Thumb Code     6  stm32f7xx_hal.o(i.HAL_GetTick)
    HAL_IncTick                              0x08001895   Thumb Code    12  stm32f7xx_hal.o(i.HAL_IncTick)
    HAL_Init                                 0x080018a5   Thumb Code    32  stm32f7xx_hal.o(i.HAL_Init)
    HAL_InitTick                             0x080018c9   Thumb Code   118  stm32f7xx_hal_timebase_tim.o(i.HAL_InitTick)
    HAL_MspInit                              0x08001955   Thumb Code    52  stm32f7xx_hal_msp.o(i.HAL_MspInit)
    HAL_NVIC_EnableIRQ                       0x0800198d   Thumb Code    26  stm32f7xx_hal_cortex.o(i.HAL_NVIC_EnableIRQ)
    HAL_NVIC_SetPriority                     0x080019a9   Thumb Code    60  stm32f7xx_hal_cortex.o(i.HAL_NVIC_SetPriority)
    HAL_NVIC_SetPriorityGrouping             0x080019e9   Thumb Code    28  stm32f7xx_hal_cortex.o(i.HAL_NVIC_SetPriorityGrouping)
    HAL_PWREx_EnableOverDrive                0x08001a0d   Thumb Code   100  stm32f7xx_hal_pwr_ex.o(i.HAL_PWREx_EnableOverDrive)
    HAL_PWR_EnableBkUpAccess                 0x08001a79   Thumb Code    12  stm32f7xx_hal_pwr.o(i.HAL_PWR_EnableBkUpAccess)
    HAL_RCCEx_PeriphCLKConfig                0x08001a89   Thumb Code  1336  stm32f7xx_hal_rcc_ex.o(i.HAL_RCCEx_PeriphCLKConfig)
    HAL_RCC_ClockConfig                      0x08001fc5   Thumb Code   284  stm32f7xx_hal_rcc.o(i.HAL_RCC_ClockConfig)
    HAL_RCC_GetClockConfig                   0x080020f5   Thumb Code    56  stm32f7xx_hal_rcc.o(i.HAL_RCC_GetClockConfig)
    HAL_RCC_GetPCLK1Freq                     0x08002135   Thumb Code    20  stm32f7xx_hal_rcc.o(i.HAL_RCC_GetPCLK1Freq)
    HAL_RCC_GetPCLK2Freq                     0x08002155   Thumb Code    20  stm32f7xx_hal_rcc.o(i.HAL_RCC_GetPCLK2Freq)
    HAL_RCC_GetSysClockFreq                  0x08002175   Thumb Code    88  stm32f7xx_hal_rcc.o(i.HAL_RCC_GetSysClockFreq)
    HAL_RCC_OscConfig                        0x080021d5   Thumb Code   906  stm32f7xx_hal_rcc.o(i.HAL_RCC_OscConfig)
    HAL_TIMEx_Break2Callback                 0x0800256d   Thumb Code     2  stm32f7xx_hal_tim_ex.o(i.HAL_TIMEx_Break2Callback)
    HAL_TIMEx_BreakCallback                  0x0800256f   Thumb Code     2  stm32f7xx_hal_tim_ex.o(i.HAL_TIMEx_BreakCallback)
    HAL_TIMEx_CommutCallback                 0x08002571   Thumb Code     2  stm32f7xx_hal_tim_ex.o(i.HAL_TIMEx_CommutCallback)
    HAL_TIM_Base_Init                        0x08002573   Thumb Code    98  stm32f7xx_hal_tim.o(i.HAL_TIM_Base_Init)
    HAL_TIM_Base_MspInit                     0x080025d5   Thumb Code     2  stm32f7xx_hal_tim.o(i.HAL_TIM_Base_MspInit)
    HAL_TIM_Base_Start_IT                    0x080025d9   Thumb Code   106  stm32f7xx_hal_tim.o(i.HAL_TIM_Base_Start_IT)
    HAL_TIM_IC_CaptureCallback               0x08002665   Thumb Code     2  stm32f7xx_hal_tim.o(i.HAL_TIM_IC_CaptureCallback)
    HAL_TIM_IRQHandler                       0x08002667   Thumb Code   386  stm32f7xx_hal_tim.o(i.HAL_TIM_IRQHandler)
    HAL_TIM_OC_DelayElapsedCallback          0x080027e9   Thumb Code     2  stm32f7xx_hal_tim.o(i.HAL_TIM_OC_DelayElapsedCallback)
    HAL_TIM_PWM_PulseFinishedCallback        0x080027eb   Thumb Code     2  stm32f7xx_hal_tim.o(i.HAL_TIM_PWM_PulseFinishedCallback)
    HAL_TIM_PeriodElapsedCallback            0x080027ed   Thumb Code    14  main.o(i.HAL_TIM_PeriodElapsedCallback)
    HAL_TIM_TriggerCallback                  0x08002801   Thumb Code     2  stm32f7xx_hal_tim.o(i.HAL_TIM_TriggerCallback)
    HAL_UARTEx_RxEventCallback               0x08002803   Thumb Code     2  stm32f7xx_hal_uart.o(i.HAL_UARTEx_RxEventCallback)
    HAL_UARTEx_WakeupCallback                0x08002805   Thumb Code     2  stm32f7xx_hal_uart.o(i.HAL_UARTEx_WakeupCallback)
    HAL_UART_ErrorCallback                   0x08002807   Thumb Code     2  stm32f7xx_hal_uart.o(i.HAL_UART_ErrorCallback)
    HAL_UART_IRQHandler                      0x08002809   Thumb Code   684  stm32f7xx_hal_uart.o(i.HAL_UART_IRQHandler)
    HAL_UART_Init                            0x08002abd   Thumb Code   102  stm32f7xx_hal_uart.o(i.HAL_UART_Init)
    HAL_UART_MspInit                         0x08002b25   Thumb Code   138  stm32f7xx_hal_msp.o(i.HAL_UART_MspInit)
    HAL_UART_Receive_IT                      0x08002bbd   Thumb Code    60  stm32f7xx_hal_uart.o(i.HAL_UART_Receive_IT)
    HAL_UART_RxCpltCallback                  0x08002bf9   Thumb Code    72  main.o(i.HAL_UART_RxCpltCallback)
    HAL_UART_Transmit                        0x08002c45   Thumb Code   162  stm32f7xx_hal_uart.o(i.HAL_UART_Transmit)
    HAL_UART_TxCpltCallback                  0x08002ce7   Thumb Code     2  stm32f7xx_hal_uart.o(i.HAL_UART_TxCpltCallback)
    HardFault_Handler                        0x08002ce9   Thumb Code     2  stm32f7xx_it.o(i.HardFault_Handler)
    MemManage_Handler                        0x08002f19   Thumb Code     2  stm32f7xx_it.o(i.MemManage_Handler)
    NMI_Handler                              0x08002f1b   Thumb Code     2  stm32f7xx_it.o(i.NMI_Handler)
    StartDefaultTask                         0x08002f1d   Thumb Code    16  main.o(i.StartDefaultTask)
    StartTask02                              0x08002f2d   Thumb Code    12  main.o(i.StartTask02)
    StartTask03                              0x08002f39   Thumb Code    62  main.o(i.StartTask03)
    SysTick_Handler                          0x08002fa5   Thumb Code    42  port.o(i.SysTick_Handler)
    SystemClock_Config                       0x08002fd5   Thumb Code   154  main.o(i.SystemClock_Config)
    SystemInit                               0x08003079   Thumb Code    12  system_stm32f7xx.o(i.SystemInit)
    TIM1_UP_TIM10_IRQHandler                 0x08003089   Thumb Code     6  stm32f7xx_it.o(i.TIM1_UP_TIM10_IRQHandler)
    TIM_Base_SetConfig                       0x08003095   Thumb Code   158  stm32f7xx_hal_tim.o(i.TIM_Base_SetConfig)
    UART_AdvFeatureConfig                    0x08003161   Thumb Code   200  stm32f7xx_hal_uart.o(i.UART_AdvFeatureConfig)
    UART_CheckIdleState                      0x08003229   Thumb Code    96  stm32f7xx_hal_uart.o(i.UART_CheckIdleState)
    UART_SetConfig                           0x08003431   Thumb Code   516  stm32f7xx_hal_uart.o(i.UART_SetConfig)
    UART_Start_Receive_IT                    0x08003661   Thumb Code   174  stm32f7xx_hal_uart.o(i.UART_Start_Receive_IT)
    UART_WaitOnFlagUntilTimeout              0x08003719   Thumb Code   202  stm32f7xx_hal_uart.o(i.UART_WaitOnFlagUntilTimeout)
    USART3_IRQHandler                        0x080037e5   Thumb Code     6  stm32f7xx_it.o(i.USART3_IRQHandler)
    UsageFault_Handler                       0x080037f1   Thumb Code     2  stm32f7xx_it.o(i.UsageFault_Handler)
    func                                     0x08003815   Thumb Code   308  main.o(i.func)
    main                                     0x08003951   Thumb Code   202  main.o(i.main)
    osDelay                                  0x08003a3b   Thumb Code    14  cmsis_os.o(i.osDelay)
    osKernelStart                            0x08003a49   Thumb Code    10  cmsis_os.o(i.osKernelStart)
    osMutexCreate                            0x08003a53   Thumb Code    16  cmsis_os.o(i.osMutexCreate)
    osSemaphoreCreate                        0x08003a63   Thumb Code    62  cmsis_os.o(i.osSemaphoreCreate)
    osThreadCreate                           0x08003aa1   Thumb Code    84  cmsis_os.o(i.osThreadCreate)
    pvPortMalloc                             0x08003f5d   Thumb Code   222  heap_4.o(i.pvPortMalloc)
    pxPortInitialiseStack                    0x08004041   Thumb Code    42  port.o(i.pxPortInitialiseStack)
    uxListRemove                             0x08004071   Thumb Code    38  list.o(i.uxListRemove)
    vApplicationGetIdleTaskMemory            0x08004099   Thumb Code    18  freertos.o(i.vApplicationGetIdleTaskMemory)
    vListInitialise                          0x080040b1   Thumb Code    22  list.o(i.vListInitialise)
    vListInitialiseItem                      0x080040c7   Thumb Code     6  list.o(i.vListInitialiseItem)
    vListInsert                              0x080040cd   Thumb Code    48  list.o(i.vListInsert)
    vListInsertEnd                           0x080040fd   Thumb Code    24  list.o(i.vListInsertEnd)
    vPortEnterCritical                       0x08004115   Thumb Code    62  port.o(i.vPortEnterCritical)
    vPortExitCritical                        0x0800415d   Thumb Code    38  port.o(i.vPortExitCritical)
    vPortFree                                0x08004189   Thumb Code    96  heap_4.o(i.vPortFree)
    vPortSetupTimerInterrupt                 0x080041ed   Thumb Code    32  port.o(i.vPortSetupTimerInterrupt)
    vTaskDelay                               0x08004211   Thumb Code    70  tasks.o(i.vTaskDelay)
    vTaskInternalSetTimeOutState             0x08004261   Thumb Code    12  tasks.o(i.vTaskInternalSetTimeOutState)
    vTaskMissedYield                         0x08004271   Thumb Code     8  tasks.o(i.vTaskMissedYield)
    vTaskPlaceOnEventList                    0x0800427d   Thumb Code    48  tasks.o(i.vTaskPlaceOnEventList)
    vTaskStartScheduler                      0x080042b1   Thumb Code    94  tasks.o(i.vTaskStartScheduler)
    vTaskSuspendAll                          0x08004321   Thumb Code    10  tasks.o(i.vTaskSuspendAll)
    vTaskSwitchContext                       0x08004331   Thumb Code    86  tasks.o(i.vTaskSwitchContext)
    xPortStartScheduler                      0x08004391   Thumb Code   176  port.o(i.xPortStartScheduler)
    xQueueCreateMutex                        0x08004451   Thumb Code    22  queue.o(i.xQueueCreateMutex)
    xQueueCreateMutexStatic                  0x08004467   Thumb Code    26  queue.o(i.xQueueCreateMutexStatic)
    xQueueGenericCreate                      0x08004481   Thumb Code    76  queue.o(i.xQueueGenericCreate)
    xQueueGenericCreateStatic                0x080044cd   Thumb Code   118  queue.o(i.xQueueGenericCreateStatic)
    xQueueGenericReset                       0x08004545   Thumb Code   148  queue.o(i.xQueueGenericReset)
    xQueueGenericSend                        0x080045dd   Thumb Code   362  queue.o(i.xQueueGenericSend)
    xTaskCheckForTimeOut                     0x0800474d   Thumb Code   124  tasks.o(i.xTaskCheckForTimeOut)
    xTaskCreate                              0x080047cd   Thumb Code    90  tasks.o(i.xTaskCreate)
    xTaskCreateStatic                        0x08004827   Thumb Code    94  tasks.o(i.xTaskCreateStatic)
    xTaskGetSchedulerState                   0x08004885   Thumb Code    22  tasks.o(i.xTaskGetSchedulerState)
    xTaskIncrementTick                       0x080048a1   Thumb Code   196  tasks.o(i.xTaskIncrementTick)
    xTaskPriorityDisinherit                  0x0800496d   Thumb Code   158  tasks.o(i.xTaskPriorityDisinherit)
    xTaskRemoveFromEventList                 0x08004a15   Thumb Code   112  tasks.o(i.xTaskRemoveFromEventList)
    xTaskResumeAll                           0x08004a8d   Thumb Code   188  tasks.o(i.xTaskResumeAll)
    _fp_init                                 0x08004b55   Thumb Code    10  fpinit.o(x$fpl$fpinit)
    __fplib_config_fpu_vfp                   0x08004b5d   Thumb Code     0  fpinit.o(x$fpl$fpinit)
    __fplib_config_pureend_doubles           0x08004b5d   Thumb Code     0  fpinit.o(x$fpl$fpinit)
    AHBPrescTable                            0x08004bb4   Data          16  system_stm32f7xx.o(.constdata)
    APBPrescTable                            0x08004bc4   Data           8  system_stm32f7xx.o(.constdata)
    Region$$Table$$Base                      0x08004bec   Number         0  anon$$obj.o(Region$$Table)
    Region$$Table$$Limit                     0x08004c0c   Number         0  anon$$obj.o(Region$$Table)
    datacheck                                0x20000000   Data           4  main.o(.data)
    defaultTaskHandle                        0x20000004   Data           4  main.o(.data)
    Inv_KMHandle                             0x20000008   Data           4  main.o(.data)
    trajectryHandle                          0x2000000c   Data           4  main.o(.data)
    myMutex01Handle                          0x20000010   Data           4  main.o(.data)
    myBinarySem01Handle                      0x20000014   Data           4  main.o(.data)
    myBinarySem02Handle                      0x20000018   Data           4  main.o(.data)
    TxMailbox                                0x2000001c   Data           4  main.o(.data)
    angle1                                   0x20000020   Data           4  main.o(.data)
    angle2                                   0x20000024   Data           4  main.o(.data)
    angle3                                   0x20000028   Data           4  main.o(.data)
    RxData                                   0x20000032   Data           8  main.o(.data)
    uwTickFreq                               0x2000003c   Data           1  stm32f7xx_hal.o(.data)
    uwTickPrio                               0x20000040   Data           4  stm32f7xx_hal.o(.data)
    uwTick                                   0x20000044   Data           4  stm32f7xx_hal.o(.data)
    SystemCoreClock                          0x20000048   Data           4  system_stm32f7xx.o(.data)
    pxCurrentTCB                             0x2000004c   Data           4  tasks.o(.data)
    buffer                                   0x200000ac   Data          13  main.o(.bss)
    rxBuffer                                 0x200000b9   Data          15  main.o(.bss)
    TxConfig                                 0x200000c8   Data          56  main.o(.bss)
    hcan1                                    0x20000100   Data          40  main.o(.bss)
    heth                                     0x20000128   Data         176  main.o(.bss)
    huart3                                   0x200001d8   Data         136  main.o(.bss)
    TxHeader                                 0x20000260   Data          24  main.o(.bss)
    RxHeader                                 0x20000278   Data          28  main.o(.bss)
    TxData                                   0x20000294   Data           9  main.o(.bss)
    RxData1                                  0x2000029d   Data           9  main.o(.bss)
    htim1                                    0x200004fc   Data          76  stm32f7xx_hal_timebase_tim.o(.bss)
    __libspace_start                         0x20004238   Data          96  libspace.o(.bss)
    __temporary_stack_top$libspace           0x20004298   Data           0  libspace.o(.bss)
    DMARxDscrTab                             0x2007c000   Data         160  main.o(.ARM.__AT_0x2007C000)
    DMATxDscrTab                             0x2007c0a0   Data         160  main.o(.ARM.__AT_0x2007C0A0)



==============================================================================

Memory Map of the image

  Image Entry point : 0x080001f9

  Load Region LR_IROM1 (Base: 0x08000000, Size: 0x00004cb8, Max: 0x00200000, ABSOLUTE)

    Execution Region ER_IROM1 (Exec base: 0x08000000, Load base: 0x08000000, Size: 0x00004c0c, Max: 0x00200000, ABSOLUTE)

    Exec Addr    Load Addr    Size         Type   Attr      Idx    E Section Name        Object

    0x08000000   0x08000000   0x000001f8   Data   RO            3    RESET               startup_stm32f767xx.o
    0x080001f8   0x080001f8   0x00000008   Code   RO         5772  * !!!main             c_w.l(__main.o)
    0x08000200   0x08000200   0x00000034   Code   RO         5952    !!!scatter          c_w.l(__scatter.o)
    0x08000234   0x08000234   0x0000001a   Code   RO         5954    !!handler_copy      c_w.l(__scatter_copy.o)
    0x0800024e   0x0800024e   0x00000002   PAD
    0x08000250   0x08000250   0x0000001c   Code   RO         5956    !!handler_zi        c_w.l(__scatter_zi.o)
    0x0800026c   0x0800026c   0x00000000   Code   RO         5759    .ARM.Collect$$_printf_percent$$00000000  c_w.l(_printf_percent.o)
    0x0800026c   0x0800026c   0x00000006   Code   RO         5758    .ARM.Collect$$_printf_percent$$00000008  c_w.l(_printf_i.o)
    0x08000272   0x08000272   0x00000004   Code   RO         5785    .ARM.Collect$$_printf_percent$$00000017  c_w.l(_printf_percent_end.o)
    0x08000276   0x08000276   0x00000002   Code   RO         5820    .ARM.Collect$$libinit$$00000000  c_w.l(libinit.o)
    0x08000278   0x08000278   0x00000004   Code   RO         5832    .ARM.Collect$$libinit$$00000001  c_w.l(libinit2.o)
    0x0800027c   0x0800027c   0x00000000   Code   RO         5835    .ARM.Collect$$libinit$$00000004  c_w.l(libinit2.o)
    0x0800027c   0x0800027c   0x00000000   Code   RO         5838    .ARM.Collect$$libinit$$0000000A  c_w.l(libinit2.o)
    0x0800027c   0x0800027c   0x00000000   Code   RO         5840    .ARM.Collect$$libinit$$0000000C  c_w.l(libinit2.o)
    0x0800027c   0x0800027c   0x00000000   Code   RO         5842    .ARM.Collect$$libinit$$0000000E  c_w.l(libinit2.o)
    0x0800027c   0x0800027c   0x00000000   Code   RO         5845    .ARM.Collect$$libinit$$00000011  c_w.l(libinit2.o)
    0x0800027c   0x0800027c   0x00000000   Code   RO         5847    .ARM.Collect$$libinit$$00000013  c_w.l(libinit2.o)
    0x0800027c   0x0800027c   0x00000000   Code   RO         5849    .ARM.Collect$$libinit$$00000015  c_w.l(libinit2.o)
    0x0800027c   0x0800027c   0x00000000   Code   RO         5851    .ARM.Collect$$libinit$$00000017  c_w.l(libinit2.o)
    0x0800027c   0x0800027c   0x00000000   Code   RO         5853    .ARM.Collect$$libinit$$00000019  c_w.l(libinit2.o)
    0x0800027c   0x0800027c   0x00000000   Code   RO         5855    .ARM.Collect$$libinit$$0000001B  c_w.l(libinit2.o)
    0x0800027c   0x0800027c   0x00000000   Code   RO         5857    .ARM.Collect$$libinit$$0000001D  c_w.l(libinit2.o)
    0x0800027c   0x0800027c   0x00000000   Code   RO         5859    .ARM.Collect$$libinit$$0000001F  c_w.l(libinit2.o)
    0x0800027c   0x0800027c   0x00000000   Code   RO         5861    .ARM.Collect$$libinit$$00000021  c_w.l(libinit2.o)
    0x0800027c   0x0800027c   0x00000000   Code   RO         5863    .ARM.Collect$$libinit$$00000023  c_w.l(libinit2.o)
    0x0800027c   0x0800027c   0x00000000   Code   RO         5865    .ARM.Collect$$libinit$$00000025  c_w.l(libinit2.o)
    0x0800027c   0x0800027c   0x00000000   Code   RO         5869    .ARM.Collect$$libinit$$0000002C  c_w.l(libinit2.o)
    0x0800027c   0x0800027c   0x00000000   Code   RO         5871    .ARM.Collect$$libinit$$0000002E  c_w.l(libinit2.o)
    0x0800027c   0x0800027c   0x00000000   Code   RO         5873    .ARM.Collect$$libinit$$00000030  c_w.l(libinit2.o)
    0x0800027c   0x0800027c   0x00000000   Code   RO         5875    .ARM.Collect$$libinit$$00000032  c_w.l(libinit2.o)
    0x0800027c   0x0800027c   0x00000002   Code   RO         5876    .ARM.Collect$$libinit$$00000033  c_w.l(libinit2.o)
    0x0800027e   0x0800027e   0x00000002   Code   RO         5907    .ARM.Collect$$libshutdown$$00000000  c_w.l(libshutdown.o)
    0x08000280   0x08000280   0x00000000   Code   RO         5933    .ARM.Collect$$libshutdown$$00000002  c_w.l(libshutdown2.o)
    0x08000280   0x08000280   0x00000000   Code   RO         5935    .ARM.Collect$$libshutdown$$00000004  c_w.l(libshutdown2.o)
    0x08000280   0x08000280   0x00000000   Code   RO         5937    .ARM.Collect$$libshutdown$$00000006  c_w.l(libshutdown2.o)
    0x08000280   0x08000280   0x00000000   Code   RO         5940    .ARM.Collect$$libshutdown$$00000009  c_w.l(libshutdown2.o)
    0x08000280   0x08000280   0x00000000   Code   RO         5943    .ARM.Collect$$libshutdown$$0000000C  c_w.l(libshutdown2.o)
    0x08000280   0x08000280   0x00000000   Code   RO         5945    .ARM.Collect$$libshutdown$$0000000E  c_w.l(libshutdown2.o)
    0x08000280   0x08000280   0x00000000   Code   RO         5948    .ARM.Collect$$libshutdown$$00000011  c_w.l(libshutdown2.o)
    0x08000280   0x08000280   0x00000002   Code   RO         5949    .ARM.Collect$$libshutdown$$00000012  c_w.l(libshutdown2.o)
    0x08000282   0x08000282   0x00000000   Code   RO         5774    .ARM.Collect$$rtentry$$00000000  c_w.l(__rtentry.o)
    0x08000282   0x08000282   0x00000000   Code   RO         5789    .ARM.Collect$$rtentry$$00000002  c_w.l(__rtentry2.o)
    0x08000282   0x08000282   0x00000006   Code   RO         5801    .ARM.Collect$$rtentry$$00000004  c_w.l(__rtentry4.o)
    0x08000288   0x08000288   0x00000000   Code   RO         5791    .ARM.Collect$$rtentry$$00000009  c_w.l(__rtentry2.o)
    0x08000288   0x08000288   0x00000004   Code   RO         5792    .ARM.Collect$$rtentry$$0000000A  c_w.l(__rtentry2.o)
    0x0800028c   0x0800028c   0x00000000   Code   RO         5794    .ARM.Collect$$rtentry$$0000000C  c_w.l(__rtentry2.o)
    0x0800028c   0x0800028c   0x00000008   Code   RO         5795    .ARM.Collect$$rtentry$$0000000D  c_w.l(__rtentry2.o)
    0x08000294   0x08000294   0x00000002   Code   RO         5824    .ARM.Collect$$rtexit$$00000000  c_w.l(rtexit.o)
    0x08000296   0x08000296   0x00000000   Code   RO         5880    .ARM.Collect$$rtexit$$00000002  c_w.l(rtexit2.o)
    0x08000296   0x08000296   0x00000004   Code   RO         5881    .ARM.Collect$$rtexit$$00000003  c_w.l(rtexit2.o)
    0x0800029a   0x0800029a   0x00000006   Code   RO         5882    .ARM.Collect$$rtexit$$00000004  c_w.l(rtexit2.o)
    0x080002a0   0x080002a0   0x000000c2   Code   RO         5649    .emb_text           port.o
    0x08000362   0x08000362   0x00000002   PAD
    0x08000364   0x08000364   0x00000040   Code   RO            4    .text               startup_stm32f767xx.o
    0x080003a4   0x080003a4   0x000000ee   Code   RO         5728    .text               c_w.l(lludivv7m.o)
    0x08000492   0x08000492   0x00000002   PAD
    0x08000494   0x08000494   0x00000028   Code   RO         5732    .text               c_w.l(noretval__2sprintf.o)
    0x080004bc   0x080004bc   0x00000068   Code   RO         5734    .text               c_w.l(__printf.o)
    0x08000524   0x08000524   0x00000078   Code   RO         5736    .text               c_w.l(_printf_dec.o)
    0x0800059c   0x0800059c   0x0000003e   Code   RO         5760    .text               c_w.l(strlen.o)
    0x080005da   0x080005da   0x0000008a   Code   RO         5762    .text               c_w.l(rt_memcpy_v6.o)
    0x08000664   0x08000664   0x00000064   Code   RO         5764    .text               c_w.l(rt_memcpy_w.o)
    0x080006c8   0x080006c8   0x0000004e   Code   RO         5768    .text               c_w.l(rt_memclr_w.o)
    0x08000716   0x08000716   0x00000006   Code   RO         5770    .text               c_w.l(heapauxi.o)
    0x0800071c   0x0800071c   0x000000b2   Code   RO         5779    .text               c_w.l(_printf_intcommon.o)
    0x080007ce   0x080007ce   0x00000002   PAD
    0x080007d0   0x080007d0   0x00000030   Code   RO         5781    .text               c_w.l(_printf_char_common.o)
    0x08000800   0x08000800   0x0000000a   Code   RO         5783    .text               c_w.l(_sputc.o)
    0x0800080a   0x0800080a   0x0000004a   Code   RO         5807    .text               c_w.l(sys_stackheap_outer.o)
    0x08000854   0x08000854   0x00000012   Code   RO         5809    .text               c_w.l(exit.o)
    0x08000866   0x08000866   0x00000002   PAD
    0x08000868   0x08000868   0x00000008   Code   RO         5821    .text               c_w.l(libspace.o)
    0x08000870   0x08000870   0x0000000c   Code   RO         5877    .text               c_w.l(sys_exit.o)
    0x0800087c   0x0800087c   0x00000002   Code   RO         5896    .text               c_w.l(use_no_semi.o)
    0x0800087e   0x0800087e   0x00000000   Code   RO         5898    .text               c_w.l(indicate_semi.o)
    0x0800087e   0x0800087e   0x00000002   Code   RO          456    i.BusFault_Handler  stm32f7xx_it.o
    0x08000880   0x08000880   0x0000000c   Code   RO          457    i.CAN1_RX0_IRQHandler  stm32f7xx_it.o
    0x0800088c   0x0800088c   0x0000000c   Code   RO          458    i.CAN1_RX1_IRQHandler  stm32f7xx_it.o
    0x08000898   0x08000898   0x00000002   Code   RO          459    i.DebugMon_Handler  stm32f7xx_it.o
    0x0800089a   0x0800089a   0x00000002   PAD
    0x0800089c   0x0800089c   0x0000006e   Code   RO         2579    i.ETH_DMARxDescListInit  stm32f7xx_hal_eth.o
    0x0800090a   0x0800090a   0x0000009a   Code   RO         2581    i.ETH_MACDMAConfig  stm32f7xx_hal_eth.o
    0x080009a4   0x080009a4   0x000000c4   Code   RO         2583    i.ETH_SetDMAConfig  stm32f7xx_hal_eth.o
    0x08000a68   0x08000a68   0x00000114   Code   RO         2584    i.ETH_SetMACConfig  stm32f7xx_hal_eth.o
    0x08000b7c   0x08000b7c   0x00000004   Code   RO           13    i.Error_Handler     main.o
    0x08000b80   0x08000b80   0x00000024   Code   RO          642    i.HAL_CAN_ActivateNotification  stm32f7xx_hal_can.o
    0x08000ba4   0x08000ba4   0x000000e6   Code   RO          643    i.HAL_CAN_AddTxMessage  stm32f7xx_hal_can.o
    0x08000c8a   0x08000c8a   0x00000002   PAD
    0x08000c8c   0x08000c8c   0x00000120   Code   RO          644    i.HAL_CAN_ConfigFilter  stm32f7xx_hal_can.o
    0x08000dac   0x08000dac   0x00000002   Code   RO          647    i.HAL_CAN_ErrorCallback  stm32f7xx_hal_can.o
    0x08000dae   0x08000dae   0x00000002   PAD
    0x08000db0   0x08000db0   0x000000fa   Code   RO          650    i.HAL_CAN_GetRxMessage  stm32f7xx_hal_can.o
    0x08000eaa   0x08000eaa   0x000001fc   Code   RO          654    i.HAL_CAN_IRQHandler  stm32f7xx_hal_can.o
    0x080010a6   0x080010a6   0x0000011a   Code   RO          655    i.HAL_CAN_Init      stm32f7xx_hal_can.o
    0x080011c0   0x080011c0   0x00000084   Code   RO          543    i.HAL_CAN_MspInit   stm32f7xx_hal_msp.o
    0x08001244   0x08001244   0x00000002   Code   RO          662    i.HAL_CAN_RxFifo0FullCallback  stm32f7xx_hal_can.o
    0x08001246   0x08001246   0x00000002   Code   RO          663    i.HAL_CAN_RxFifo0MsgPendingCallback  stm32f7xx_hal_can.o
    0x08001248   0x08001248   0x00000002   Code   RO          664    i.HAL_CAN_RxFifo1FullCallback  stm32f7xx_hal_can.o
    0x0800124a   0x0800124a   0x00000002   PAD
    0x0800124c   0x0800124c   0x000000a0   Code   RO           14    i.HAL_CAN_RxFifo1MsgPendingCallback  main.o
    0x080012ec   0x080012ec   0x00000002   Code   RO          666    i.HAL_CAN_SleepCallback  stm32f7xx_hal_can.o
    0x080012ee   0x080012ee   0x00000002   PAD
    0x080012f0   0x080012f0   0x00000058   Code   RO          667    i.HAL_CAN_Start     stm32f7xx_hal_can.o
    0x08001348   0x08001348   0x00000002   Code   RO          669    i.HAL_CAN_TxMailbox0AbortCallback  stm32f7xx_hal_can.o
    0x0800134a   0x0800134a   0x00000002   Code   RO          670    i.HAL_CAN_TxMailbox0CompleteCallback  stm32f7xx_hal_can.o
    0x0800134c   0x0800134c   0x00000002   Code   RO          671    i.HAL_CAN_TxMailbox1AbortCallback  stm32f7xx_hal_can.o
    0x0800134e   0x0800134e   0x00000002   Code   RO          672    i.HAL_CAN_TxMailbox1CompleteCallback  stm32f7xx_hal_can.o
    0x08001350   0x08001350   0x00000002   Code   RO          673    i.HAL_CAN_TxMailbox2AbortCallback  stm32f7xx_hal_can.o
    0x08001352   0x08001352   0x00000002   Code   RO          674    i.HAL_CAN_TxMailbox2CompleteCallback  stm32f7xx_hal_can.o
    0x08001354   0x08001354   0x00000002   Code   RO          676    i.HAL_CAN_WakeUpFromRxMsgCallback  stm32f7xx_hal_can.o
    0x08001356   0x08001356   0x00000092   Code   RO         1288    i.HAL_DMA_Abort     stm32f7xx_hal_dma.o
    0x080013e8   0x080013e8   0x00000024   Code   RO         1289    i.HAL_DMA_Abort_IT  stm32f7xx_hal_dma.o
    0x0800140c   0x0800140c   0x00000024   Code   RO         1790    i.HAL_Delay         stm32f7xx_hal.o
    0x08001430   0x08001430   0x0000011c   Code   RO         2600    i.HAL_ETH_Init      stm32f7xx_hal_eth.o
    0x0800154c   0x0800154c   0x000000e8   Code   RO          545    i.HAL_ETH_MspInit   stm32f7xx_hal_msp.o
    0x08001634   0x08001634   0x00000248   Code   RO         1222    i.HAL_GPIO_Init     stm32f7xx_hal_gpio.o
    0x0800187c   0x0800187c   0x0000000a   Code   RO         1226    i.HAL_GPIO_WritePin  stm32f7xx_hal_gpio.o
    0x08001886   0x08001886   0x00000002   PAD
    0x08001888   0x08001888   0x0000000c   Code   RO         1800    i.HAL_GetTick       stm32f7xx_hal.o
    0x08001894   0x08001894   0x00000010   Code   RO         1806    i.HAL_IncTick       stm32f7xx_hal.o
    0x080018a4   0x080018a4   0x00000024   Code   RO         1807    i.HAL_Init          stm32f7xx_hal.o
    0x080018c8   0x080018c8   0x0000008c   Code   RO          602    i.HAL_InitTick      stm32f7xx_hal_timebase_tim.o
    0x08001954   0x08001954   0x00000038   Code   RO          546    i.HAL_MspInit       stm32f7xx_hal_msp.o
    0x0800198c   0x0800198c   0x0000001a   Code   RO         1653    i.HAL_NVIC_EnableIRQ  stm32f7xx_hal_cortex.o
    0x080019a6   0x080019a6   0x00000002   PAD
    0x080019a8   0x080019a8   0x00000040   Code   RO         1659    i.HAL_NVIC_SetPriority  stm32f7xx_hal_cortex.o
    0x080019e8   0x080019e8   0x00000024   Code   RO         1660    i.HAL_NVIC_SetPriorityGrouping  stm32f7xx_hal_cortex.o
    0x08001a0c   0x08001a0c   0x0000006c   Code   RO         1562    i.HAL_PWREx_EnableOverDrive  stm32f7xx_hal_pwr_ex.o
    0x08001a78   0x08001a78   0x00000010   Code   RO         1439    i.HAL_PWR_EnableBkUpAccess  stm32f7xx_hal_pwr.o
    0x08001a88   0x08001a88   0x0000053c   Code   RO          983    i.HAL_RCCEx_PeriphCLKConfig  stm32f7xx_hal_rcc_ex.o
    0x08001fc4   0x08001fc4   0x00000130   Code   RO          876    i.HAL_RCC_ClockConfig  stm32f7xx_hal_rcc.o
    0x080020f4   0x080020f4   0x00000040   Code   RO          880    i.HAL_RCC_GetClockConfig  stm32f7xx_hal_rcc.o
    0x08002134   0x08002134   0x00000020   Code   RO          883    i.HAL_RCC_GetPCLK1Freq  stm32f7xx_hal_rcc.o
    0x08002154   0x08002154   0x00000020   Code   RO          884    i.HAL_RCC_GetPCLK2Freq  stm32f7xx_hal_rcc.o
    0x08002174   0x08002174   0x00000060   Code   RO          885    i.HAL_RCC_GetSysClockFreq  stm32f7xx_hal_rcc.o
    0x080021d4   0x080021d4   0x00000398   Code   RO          888    i.HAL_RCC_OscConfig  stm32f7xx_hal_rcc.o
    0x0800256c   0x0800256c   0x00000002   Code   RO         3636    i.HAL_TIMEx_Break2Callback  stm32f7xx_hal_tim_ex.o
    0x0800256e   0x0800256e   0x00000002   Code   RO         3637    i.HAL_TIMEx_BreakCallback  stm32f7xx_hal_tim_ex.o
    0x08002570   0x08002570   0x00000002   Code   RO         3638    i.HAL_TIMEx_CommutCallback  stm32f7xx_hal_tim_ex.o
    0x08002572   0x08002572   0x00000062   Code   RO         2922    i.HAL_TIM_Base_Init  stm32f7xx_hal_tim.o
    0x080025d4   0x080025d4   0x00000002   Code   RO         2924    i.HAL_TIM_Base_MspInit  stm32f7xx_hal_tim.o
    0x080025d6   0x080025d6   0x00000002   PAD
    0x080025d8   0x080025d8   0x0000008c   Code   RO         2927    i.HAL_TIM_Base_Start_IT  stm32f7xx_hal_tim.o
    0x08002664   0x08002664   0x00000002   Code   RO         2956    i.HAL_TIM_IC_CaptureCallback  stm32f7xx_hal_tim.o
    0x08002666   0x08002666   0x00000182   Code   RO         2970    i.HAL_TIM_IRQHandler  stm32f7xx_hal_tim.o
    0x080027e8   0x080027e8   0x00000002   Code   RO         2973    i.HAL_TIM_OC_DelayElapsedCallback  stm32f7xx_hal_tim.o
    0x080027ea   0x080027ea   0x00000002   Code   RO         3000    i.HAL_TIM_PWM_PulseFinishedCallback  stm32f7xx_hal_tim.o
    0x080027ec   0x080027ec   0x00000014   Code   RO           15    i.HAL_TIM_PeriodElapsedCallback  main.o
    0x08002800   0x08002800   0x00000002   Code   RO         3013    i.HAL_TIM_TriggerCallback  stm32f7xx_hal_tim.o
    0x08002802   0x08002802   0x00000002   Code   RO         3930    i.HAL_UARTEx_RxEventCallback  stm32f7xx_hal_uart.o
    0x08002804   0x08002804   0x00000002   Code   RO         3931    i.HAL_UARTEx_WakeupCallback  stm32f7xx_hal_uart.o
    0x08002806   0x08002806   0x00000002   Code   RO         3947    i.HAL_UART_ErrorCallback  stm32f7xx_hal_uart.o
    0x08002808   0x08002808   0x000002b4   Code   RO         3950    i.HAL_UART_IRQHandler  stm32f7xx_hal_uart.o
    0x08002abc   0x08002abc   0x00000066   Code   RO         3951    i.HAL_UART_Init     stm32f7xx_hal_uart.o
    0x08002b22   0x08002b22   0x00000002   PAD
    0x08002b24   0x08002b24   0x00000098   Code   RO          548    i.HAL_UART_MspInit  stm32f7xx_hal_msp.o
    0x08002bbc   0x08002bbc   0x0000003c   Code   RO         3956    i.HAL_UART_Receive_IT  stm32f7xx_hal_uart.o
    0x08002bf8   0x08002bf8   0x0000004c   Code   RO           16    i.HAL_UART_RxCpltCallback  main.o
    0x08002c44   0x08002c44   0x000000a2   Code   RO         3960    i.HAL_UART_Transmit  stm32f7xx_hal_uart.o
    0x08002ce6   0x08002ce6   0x00000002   Code   RO         3963    i.HAL_UART_TxCpltCallback  stm32f7xx_hal_uart.o
    0x08002ce8   0x08002ce8   0x00000002   Code   RO          460    i.HardFault_Handler  stm32f7xx_it.o
    0x08002cea   0x08002cea   0x00000002   PAD
    0x08002cec   0x08002cec   0x00000064   Code   RO           17    i.MX_CAN1_Init      main.o
    0x08002d50   0x08002d50   0x0000006c   Code   RO           18    i.MX_ETH_Init       main.o
    0x08002dbc   0x08002dbc   0x00000120   Code   RO           19    i.MX_GPIO_Init      main.o
    0x08002edc   0x08002edc   0x0000003c   Code   RO           20    i.MX_USART3_UART_Init  main.o
    0x08002f18   0x08002f18   0x00000002   Code   RO          461    i.MemManage_Handler  stm32f7xx_it.o
    0x08002f1a   0x08002f1a   0x00000002   Code   RO          462    i.NMI_Handler       stm32f7xx_it.o
    0x08002f1c   0x08002f1c   0x00000010   Code   RO           21    i.StartDefaultTask  main.o
    0x08002f2c   0x08002f2c   0x0000000c   Code   RO           22    i.StartTask02       main.o
    0x08002f38   0x08002f38   0x0000006c   Code   RO           23    i.StartTask03       main.o
    0x08002fa4   0x08002fa4   0x00000030   Code   RO         5650    i.SysTick_Handler   port.o
    0x08002fd4   0x08002fd4   0x000000a4   Code   RO           24    i.SystemClock_Config  main.o
    0x08003078   0x08003078   0x00000010   Code   RO         4404    i.SystemInit        system_stm32f7xx.o
    0x08003088   0x08003088   0x0000000c   Code   RO          463    i.TIM1_UP_TIM10_IRQHandler  stm32f7xx_it.o
    0x08003094   0x08003094   0x000000cc   Code   RO         3015    i.TIM_Base_SetConfig  stm32f7xx_hal_tim.o
    0x08003160   0x08003160   0x000000c8   Code   RO         3965    i.UART_AdvFeatureConfig  stm32f7xx_hal_uart.o
    0x08003228   0x08003228   0x00000060   Code   RO         3966    i.UART_CheckIdleState  stm32f7xx_hal_uart.o
    0x08003288   0x08003288   0x00000014   Code   RO         3967    i.UART_DMAAbortOnError  stm32f7xx_hal_uart.o
    0x0800329c   0x0800329c   0x0000004c   Code   RO         3977    i.UART_EndRxTransfer  stm32f7xx_hal_uart.o
    0x080032e8   0x080032e8   0x000000a4   Code   RO         3979    i.UART_RxISR_16BIT  stm32f7xx_hal_uart.o
    0x0800338c   0x0800338c   0x000000a4   Code   RO         3980    i.UART_RxISR_8BIT   stm32f7xx_hal_uart.o
    0x08003430   0x08003430   0x00000230   Code   RO         3981    i.UART_SetConfig    stm32f7xx_hal_uart.o
    0x08003660   0x08003660   0x000000b8   Code   RO         3983    i.UART_Start_Receive_IT  stm32f7xx_hal_uart.o
    0x08003718   0x08003718   0x000000ca   Code   RO         3986    i.UART_WaitOnFlagUntilTimeout  stm32f7xx_hal_uart.o
    0x080037e2   0x080037e2   0x00000002   PAD
    0x080037e4   0x080037e4   0x0000000c   Code   RO          464    i.USART3_IRQHandler  stm32f7xx_it.o
    0x080037f0   0x080037f0   0x00000002   Code   RO          465    i.UsageFault_Handler  stm32f7xx_it.o
    0x080037f2   0x080037f2   0x00000022   Code   RO         1666    i.__NVIC_SetPriority  stm32f7xx_hal_cortex.o
    0x08003814   0x08003814   0x0000013c   Code   RO           25    i.func              main.o
    0x08003950   0x08003950   0x000000dc   Code   RO           26    i.main              main.o
    0x08003a2c   0x08003a2c   0x0000000e   Code   RO         5218    i.makeFreeRtosPriority  cmsis_os.o
    0x08003a3a   0x08003a3a   0x0000000e   Code   RO         5220    i.osDelay           cmsis_os.o
    0x08003a48   0x08003a48   0x0000000a   Code   RO         5223    i.osKernelStart     cmsis_os.o
    0x08003a52   0x08003a52   0x00000010   Code   RO         5238    i.osMutexCreate     cmsis_os.o
    0x08003a62   0x08003a62   0x0000003e   Code   RO         5249    i.osSemaphoreCreate  cmsis_os.o
    0x08003aa0   0x08003aa0   0x00000054   Code   RO         5257    i.osThreadCreate    cmsis_os.o
    0x08003af4   0x08003af4   0x00000070   Code   RO         4909    i.prvAddCurrentTaskToDelayedList  tasks.o
    0x08003b64   0x08003b64   0x000000d0   Code   RO         4910    i.prvAddNewTaskToReadyList  tasks.o
    0x08003c34   0x08003c34   0x0000006c   Code   RO         4586    i.prvCopyDataToQueue  queue.o
    0x08003ca0   0x08003ca0   0x00000038   Code   RO         4911    i.prvDeleteTCB      tasks.o
    0x08003cd8   0x08003cd8   0x00000050   Code   RO         5588    i.prvHeapInit       heap_4.o
    0x08003d28   0x08003d28   0x00000060   Code   RO         4912    i.prvIdleTask       tasks.o
    0x08003d88   0x08003d88   0x00000016   Code   RO         4587    i.prvInitialiseMutex  queue.o
    0x08003d9e   0x08003d9e   0x00000016   Code   RO         4588    i.prvInitialiseNewQueue  queue.o
    0x08003db4   0x08003db4   0x0000009e   Code   RO         4913    i.prvInitialiseNewTask  tasks.o
    0x08003e52   0x08003e52   0x00000002   PAD
    0x08003e54   0x08003e54   0x0000004c   Code   RO         5589    i.prvInsertBlockIntoFreeList  heap_4.o
    0x08003ea0   0x08003ea0   0x00000020   Code   RO         4914    i.prvResetNextTaskUnblockTime  tasks.o
    0x08003ec0   0x08003ec0   0x00000030   Code   RO         5651    i.prvTaskExitError  port.o
    0x08003ef0   0x08003ef0   0x0000006a   Code   RO         4590    i.prvUnlockQueue    queue.o
    0x08003f5a   0x08003f5a   0x00000002   PAD
    0x08003f5c   0x08003f5c   0x000000e4   Code   RO         5590    i.pvPortMalloc      heap_4.o
    0x08004040   0x08004040   0x00000030   Code   RO         5652    i.pxPortInitialiseStack  port.o
    0x08004070   0x08004070   0x00000026   Code   RO         4545    i.uxListRemove      list.o
    0x08004096   0x08004096   0x00000002   PAD
    0x08004098   0x08004098   0x00000018   Code   RO          300    i.vApplicationGetIdleTaskMemory  freertos.o
    0x080040b0   0x080040b0   0x00000016   Code   RO         4546    i.vListInitialise   list.o
    0x080040c6   0x080040c6   0x00000006   Code   RO         4547    i.vListInitialiseItem  list.o
    0x080040cc   0x080040cc   0x00000030   Code   RO         4548    i.vListInsert       list.o
    0x080040fc   0x080040fc   0x00000018   Code   RO         4549    i.vListInsertEnd    list.o
    0x08004114   0x08004114   0x00000048   Code   RO         5654    i.vPortEnterCritical  port.o
    0x0800415c   0x0800415c   0x0000002c   Code   RO         5655    i.vPortExitCritical  port.o
    0x08004188   0x08004188   0x00000064   Code   RO         5591    i.vPortFree         heap_4.o
    0x080041ec   0x080041ec   0x00000024   Code   RO         5656    i.vPortSetupTimerInterrupt  port.o
    0x08004210   0x08004210   0x00000050   Code   RO         4922    i.vTaskDelay        tasks.o
    0x08004260   0x08004260   0x00000010   Code   RO         4925    i.vTaskInternalSetTimeOutState  tasks.o
    0x08004270   0x08004270   0x0000000c   Code   RO         4926    i.vTaskMissedYield  tasks.o
    0x0800427c   0x0800427c   0x00000034   Code   RO         4928    i.vTaskPlaceOnEventList  tasks.o
    0x080042b0   0x080042b0   0x00000070   Code   RO         4935    i.vTaskStartScheduler  tasks.o
    0x08004320   0x08004320   0x00000010   Code   RO         4937    i.vTaskSuspendAll   tasks.o
    0x08004330   0x08004330   0x00000060   Code   RO         4938    i.vTaskSwitchContext  tasks.o
    0x08004390   0x08004390   0x000000c0   Code   RO         5658    i.xPortStartScheduler  port.o
    0x08004450   0x08004450   0x00000016   Code   RO         4597    i.xQueueCreateMutex  queue.o
    0x08004466   0x08004466   0x0000001a   Code   RO         4598    i.xQueueCreateMutexStatic  queue.o
    0x08004480   0x08004480   0x0000004c   Code   RO         4599    i.xQueueGenericCreate  queue.o
    0x080044cc   0x080044cc   0x00000076   Code   RO         4600    i.xQueueGenericCreateStatic  queue.o
    0x08004542   0x08004542   0x00000002   PAD
    0x08004544   0x08004544   0x00000098   Code   RO         4601    i.xQueueGenericReset  queue.o
    0x080045dc   0x080045dc   0x00000170   Code   RO         4602    i.xQueueGenericSend  queue.o
    0x0800474c   0x0800474c   0x00000080   Code   RO         4939    i.xTaskCheckForTimeOut  tasks.o
    0x080047cc   0x080047cc   0x0000005a   Code   RO         4940    i.xTaskCreate       tasks.o
    0x08004826   0x08004826   0x0000005e   Code   RO         4941    i.xTaskCreateStatic  tasks.o
    0x08004884   0x08004884   0x0000001c   Code   RO         4945    i.xTaskGetSchedulerState  tasks.o
    0x080048a0   0x080048a0   0x000000cc   Code   RO         4948    i.xTaskIncrementTick  tasks.o
    0x0800496c   0x0800496c   0x000000a8   Code   RO         4951    i.xTaskPriorityDisinherit  tasks.o
    0x08004a14   0x08004a14   0x00000078   Code   RO         4953    i.xTaskRemoveFromEventList  tasks.o
    0x08004a8c   0x08004a8c   0x000000c8   Code   RO         4954    i.xTaskResumeAll    tasks.o
    0x08004b54   0x08004b54   0x0000000a   Code   RO         5892    x$fpl$fpinit        fz_wv.l(fpinit.o)
    0x08004b5e   0x08004b5e   0x00000002   PAD
    0x08004b60   0x08004b60   0x00000054   Data   RO           33    .constdata          main.o
    0x08004bb4   0x08004bb4   0x00000010   Data   RO         4405    .constdata          system_stm32f7xx.o
    0x08004bc4   0x08004bc4   0x00000008   Data   RO         4406    .constdata          system_stm32f7xx.o
    0x08004bcc   0x08004bcc   0x0000001e   Data   RO           34    .conststring        main.o
    0x08004bea   0x08004bea   0x00000002   PAD
    0x08004bec   0x08004bec   0x00000020   Data   RO         5950    Region$$Table       anon$$obj.o


    Execution Region RW_IRAM1 (Exec base: 0x20000000, Load base: 0x08004c0c, Size: 0x0007c140, Max: 0x00080000, ABSOLUTE)

    Exec Addr    Load Addr    Size         Type   Attr      Idx    E Section Name        Object

    0x20000000   0x08004c0c   0x0000003a   Data   RW           45    .data               main.o
    0x2000003a   0x08004c46   0x00000002   PAD
    0x2000003c   0x08004c48   0x0000000c   Data   RW         1814    .data               stm32f7xx_hal.o
    0x20000048   0x08004c54   0x00000004   Data   RW         4407    .data               system_stm32f7xx.o
    0x2000004c   0x08004c58   0x0000003c   Data   RW         4957    .data               tasks.o
    0x20000088   0x08004c94   0x00000018   Data   RW         5596    .data               heap_4.o
    0x200000a0   0x08004cac   0x0000000c   Data   RW         5659    .data               port.o
    0x200000ac        -       0x000001fa   Zero   RW           29    .bss                main.o
    0x200002a6   0x08004cb8   0x00000002   PAD
    0x200002a8        -       0x00000254   Zero   RW          301    .bss                freertos.o
    0x200004fc        -       0x0000004c   Zero   RW          605    .bss                stm32f7xx_hal_timebase_tim.o
    0x20000548        -       0x000000f0   Zero   RW         4956    .bss                tasks.o
    0x20000638        -       0x00003c00   Zero   RW         5595    .bss                heap_4.o
    0x20004238        -       0x00000060   Zero   RW         5822    .bss                c_w.l(libspace.o)
    0x20004298        -       0x00000200   Zero   RW            2    HEAP                startup_stm32f767xx.o
    0x20004498        -       0x00000400   Zero   RW            1    STACK               startup_stm32f767xx.o
    0x20004898   0x08004cb8   0x00077768   PAD
    0x2007c000        -       0x000000a0   Zero   RW           27    .ARM.__AT_0x2007C000  main.o
    0x2007c0a0        -       0x000000a0   Zero   RW           28    .ARM.__AT_0x2007C0A0  main.o


==============================================================================

Image component sizes


      Code (inc. data)   RO Data    RW Data    ZI Data      Debug   Object Name

       200          0          0          0          0      27089   cmsis_os.o
         0          0          0          0          0      21376   event_groups.o
        24          6          0          0        596     927188   freertos.o
       484         24          0         24      15360       7439   heap_4.o
       138          0          0          0          0       3602   list.o
      1652        164        114         58        826     953013   main.o
       682         70          0         12          0      11132   port.o
      1020         10          0          0          0      14317   queue.o
        64         26        504          0       1536        852   startup_stm32f767xx.o
       100         18          0         12          0       8554   stm32f7xx_hal.o
      1706         10          0          0          0      14527   stm32f7xx_hal_can.o
       160         12          0          0          0      38238   stm32f7xx_hal_cortex.o
       182          0          0          0          0       2155   stm32f7xx_hal_dma.o
      1020         22          0          0          0       6463   stm32f7xx_hal_eth.o
       594         54          0          0          0       2288   stm32f7xx_hal_gpio.o
       572         56          0          0          0       3301   stm32f7xx_hal_msp.o
        16          4          0          0          0        555   stm32f7xx_hal_pwr.o
       108          8          0          0          0       1284   stm32f7xx_hal_pwr_ex.o
      1448         74          0          0          0       5937   stm32f7xx_hal_rcc.o
      1340         22          0          0          0       2340   stm32f7xx_hal_rcc_ex.o
       838         80          0          0          0       7504   stm32f7xx_hal_tim.o
         6          0          0          0          0       2228   stm32f7xx_hal_tim_ex.o
       140         22          0          0         76       1451   stm32f7xx_hal_timebase_tim.o
      2690         82          0          0          0      15197   stm32f7xx_hal_uart.o
        60         24          0          0          0       4760   stm32f7xx_it.o
         0          0          0          0          0        392   stream_buffer.o
        16          4         24          4          0       1151   system_stm32f7xx.o
      2078        148          0         60        240      25510   tasks.o
         0          0          0          0          0       2496   timers.o

    ----------------------------------------------------------------------
     17370        940        676        172     507956    2112339   Object Totals
         0          0         32          0          0          0   (incl. Generated)
        32          0          2          2     489322          0   (incl. Padding)

    ----------------------------------------------------------------------

      Code (inc. data)   RO Data    RW Data    ZI Data      Debug   Library Member Name

         8          0          0          0          0         68   __main.o
       104          0          0          0          0         84   __printf.o
         0          0          0          0          0          0   __rtentry.o
        12          0          0          0          0          0   __rtentry2.o
         6          0          0          0          0          0   __rtentry4.o
        52          8          0          0          0          0   __scatter.o
        26          0          0          0          0          0   __scatter_copy.o
        28          0          0          0          0          0   __scatter_zi.o
        48          6          0          0          0         96   _printf_char_common.o
       120         16          0          0          0         92   _printf_dec.o
         6          0          0          0          0          0   _printf_i.o
       178          0          0          0          0         88   _printf_intcommon.o
         0          0          0          0          0          0   _printf_percent.o
         4          0          0          0          0          0   _printf_percent_end.o
        10          0          0          0          0         68   _sputc.o
        18          0          0          0          0         80   exit.o
         6          0          0          0          0        152   heapauxi.o
         0          0          0          0          0          0   indicate_semi.o
         2          0          0          0          0          0   libinit.o
         6          0          0          0          0          0   libinit2.o
         2          0          0          0          0          0   libshutdown.o
         2          0          0          0          0          0   libshutdown2.o
         8          4          0          0         96         68   libspace.o
       238          0          0          0          0        100   lludivv7m.o
        40          6          0          0          0         84   noretval__2sprintf.o
        78          0          0          0          0         80   rt_memclr_w.o
       138          0          0          0          0         68   rt_memcpy_v6.o
       100          0          0          0          0         80   rt_memcpy_w.o
         2          0          0          0          0          0   rtexit.o
        10          0          0          0          0          0   rtexit2.o
        62          0          0          0          0         76   strlen.o
        12          4          0          0          0         68   sys_exit.o
        74          0          0          0          0         80   sys_stackheap_outer.o
         2          0          0          0          0         68   use_no_semi.o
        10          0          0          0          0        116   fpinit.o

    ----------------------------------------------------------------------
      1422         44          0          0         96       1616   Library Totals
        10          0          0          0          0          0   (incl. Padding)

    ----------------------------------------------------------------------

      Code (inc. data)   RO Data    RW Data    ZI Data      Debug   Library Name

      1402         44          0          0         96       1500   c_w.l
        10          0          0          0          0        116   fz_wv.l

    ----------------------------------------------------------------------
      1422         44          0          0         96       1616   Library Totals

    ----------------------------------------------------------------------

==============================================================================


      Code (inc. data)   RO Data    RW Data    ZI Data      Debug   

     18792        984        676        172     508052    2097927   Grand Totals
     18792        984        676        172     508052    2097927   ELF Image Totals
     18792        984        676        172          0          0   ROM Totals

==============================================================================

    Total RO  Size (Code + RO Data)                19468 (  19.01kB)
    Total RW  Size (RW Data + ZI Data)            508224 ( 496.31kB)
    Total ROM Size (Code + RO Data + RW Data)      19640 (  19.18kB)

==============================================================================

