Component: ARM Compiler 5.06 update 7 (build 960) Tool: armlink [4d3601]

==============================================================================

Section Cross References

    startup_stm32f767xx.o(STACK) refers (Special) to heapauxi.o(.text) for __use_two_region_memory
    startup_stm32f767xx.o(HEAP) refers (Special) to heapauxi.o(.text) for __use_two_region_memory
    startup_stm32f767xx.o(RESET) refers (Special) to heapauxi.o(.text) for __use_two_region_memory
    startup_stm32f767xx.o(RESET) refers to startup_stm32f767xx.o(STACK) for __initial_sp
    startup_stm32f767xx.o(RESET) refers to startup_stm32f767xx.o(.text) for Reset_Handler
    startup_stm32f767xx.o(RESET) refers to stm32f7xx_it.o(i.NMI_Handler) for NMI_Handler
    startup_stm32f767xx.o(RESET) refers to stm32f7xx_it.o(i.HardFault_Handler) for HardFault_Handler
    startup_stm32f767xx.o(RESET) refers to stm32f7xx_it.o(i.MemManage_Handler) for MemManage_Handler
    startup_stm32f767xx.o(RESET) refers to stm32f7xx_it.o(i.BusFault_Handler) for BusFault_Handler
    startup_stm32f767xx.o(RESET) refers to stm32f7xx_it.o(i.UsageFault_Handler) for UsageFault_Handler
    startup_stm32f767xx.o(RESET) refers to port.o(.emb_text) for SVC_Handler
    startup_stm32f767xx.o(RESET) refers to stm32f7xx_it.o(i.DebugMon_Handler) for DebugMon_Handler
    startup_stm32f767xx.o(RESET) refers to port.o(i.SysTick_Handler) for SysTick_Handler
    startup_stm32f767xx.o(RESET) refers to stm32f7xx_it.o(i.CAN1_RX0_IRQHandler) for CAN1_RX0_IRQHandler
    startup_stm32f767xx.o(RESET) refers to stm32f7xx_it.o(i.CAN1_RX1_IRQHandler) for CAN1_RX1_IRQHandler
    startup_stm32f767xx.o(RESET) refers to stm32f7xx_it.o(i.TIM1_UP_TIM10_IRQHandler) for TIM1_UP_TIM10_IRQHandler
    startup_stm32f767xx.o(RESET) refers to stm32f7xx_it.o(i.USART3_IRQHandler) for USART3_IRQHandler
    startup_stm32f767xx.o(.text) refers (Special) to heapauxi.o(.text) for __use_two_region_memory
    startup_stm32f767xx.o(.text) refers to system_stm32f7xx.o(i.SystemInit) for SystemInit
    startup_stm32f767xx.o(.text) refers to __main.o(!!!main) for __main
    startup_stm32f767xx.o(.text) refers to startup_stm32f767xx.o(HEAP) for Heap_Mem
    startup_stm32f767xx.o(.text) refers to startup_stm32f767xx.o(STACK) for Stack_Mem
    main.o(i.HAL_CAN_RxFifo1MsgPendingCallback) refers to stm32f7xx_hal_can.o(i.HAL_CAN_GetRxMessage) for HAL_CAN_GetRxMessage
    main.o(i.HAL_CAN_RxFifo1MsgPendingCallback) refers to main.o(.data) for .data
    main.o(i.HAL_CAN_RxFifo1MsgPendingCallback) refers to main.o(.bss) for .bss
    main.o(i.HAL_TIM_PeriodElapsedCallback) refers to stm32f7xx_hal.o(i.HAL_IncTick) for HAL_IncTick
    main.o(i.HAL_UART_RxCpltCallback) refers to stm32f7xx_hal_uart.o(i.HAL_UART_Receive_IT) for HAL_UART_Receive_IT
    main.o(i.HAL_UART_RxCpltCallback) refers to main.o(i.func) for func
    main.o(i.HAL_UART_RxCpltCallback) refers to main.o(.bss) for .bss
    main.o(i.MX_CAN1_Init) refers to stm32f7xx_hal_can.o(i.HAL_CAN_Init) for HAL_CAN_Init
    main.o(i.MX_CAN1_Init) refers to stm32f7xx_hal_can.o(i.HAL_CAN_ConfigFilter) for HAL_CAN_ConfigFilter
    main.o(i.MX_CAN1_Init) refers to main.o(.bss) for .bss
    main.o(i.MX_ETH_Init) refers to stm32f7xx_hal_eth.o(i.HAL_ETH_Init) for HAL_ETH_Init
    main.o(i.MX_ETH_Init) refers to rt_memclr_w.o(.text) for __aeabi_memclr4
    main.o(i.MX_ETH_Init) refers to main.o(.bss) for .bss
    main.o(i.MX_ETH_Init) refers to main.o(.data) for .data
    main.o(i.MX_ETH_Init) refers to main.o(.ARM.__AT_0x2007C0A0) for .ARM.__AT_0x2007C0A0
    main.o(i.MX_ETH_Init) refers to main.o(.ARM.__AT_0x2007C000) for .ARM.__AT_0x2007C000
    main.o(i.MX_GPIO_Init) refers to rt_memclr_w.o(.text) for __aeabi_memclr4
    main.o(i.MX_GPIO_Init) refers to stm32f7xx_hal_gpio.o(i.HAL_GPIO_WritePin) for HAL_GPIO_WritePin
    main.o(i.MX_GPIO_Init) refers to stm32f7xx_hal_gpio.o(i.HAL_GPIO_Init) for HAL_GPIO_Init
    main.o(i.MX_USART3_UART_Init) refers to stm32f7xx_hal_uart.o(i.HAL_UART_Init) for HAL_UART_Init
    main.o(i.MX_USART3_UART_Init) refers to main.o(.bss) for .bss
    main.o(i.StartDefaultTask) refers to cmsis_os.o(i.osDelay) for osDelay
    main.o(i.StartTask02) refers to cmsis_os.o(i.osDelay) for osDelay
    main.o(i.StartTask03) refers to _printf_percent.o(.ARM.Collect$$_printf_percent$$00000000) for _printf_percent
    main.o(i.StartTask03) refers to _printf_i.o(.ARM.Collect$$_printf_percent$$00000008) for _printf_i
    main.o(i.StartTask03) refers to _printf_dec.o(.text) for _printf_int_dec
    main.o(i.StartTask03) refers to noretval__2sprintf.o(.text) for __2sprintf
    main.o(i.StartTask03) refers to strlen.o(.text) for strlen
    main.o(i.StartTask03) refers to stm32f7xx_hal_uart.o(i.HAL_UART_Transmit) for HAL_UART_Transmit
    main.o(i.StartTask03) refers to cmsis_os.o(i.osDelay) for osDelay
    main.o(i.StartTask03) refers to main.o(.data) for .data
    main.o(i.StartTask03) refers to main.o(.bss) for .bss
[...]
    $v0                                      0x080059e4   Number         0  fpinit.o(x$fpl$fpinit)
    x$fpl$usenofp                            0x080059ee   Section        0  usenofp.o(x$fpl$usenofp)
    .constdata                               0x080059f0   Section       84  main.o(.constdata)
    .constdata                               0x08005a44   Section       16  system_stm32f7xx.o(.constdata)
    .constdata                               0x08005a54   Section        8  system_stm32f7xx.o(.constdata)
    .constdata                               0x08005a60   Section       80  acos.o(.constdata)
    pS                                       0x08005a60   Data          48  acos.o(.constdata)
    qS                                       0x08005a90   Data          32  acos.o(.constdata)
    .constdata                               0x08005ab0   Section      152  atan.o(.constdata)
    atanhi                                   0x08005ab0   Data          32  atan.o(.constdata)
    atanlo                                   0x08005ad0   Data          32  atan.o(.constdata)
    aTodd                                    0x08005af0   Data          40  atan.o(.constdata)
    aTeven                                   0x08005b18   Data          48  atan.o(.constdata)
    .constdata                               0x08005b48   Section       48  cos_i.o(.constdata)
    C                                        0x08005b48   Data          48  cos_i.o(.constdata)
    .constdata                               0x08005b78   Section        8  qnan.o(.constdata)
    .constdata                               0x08005b80   Section      200  rred.o(.constdata)
    pio2s                                    0x08005b80   Data          48  rred.o(.constdata)
    twooverpi                                0x08005bb0   Data         152  rred.o(.constdata)
    .constdata                               0x08005c48   Section       40  sin_i.o(.constdata)
    S                                        0x08005c48   Data          40  sin_i.o(.constdata)
    .conststring                             0x08005c70   Section       30  main.o(.conststring)
    .data                                    0x20000000   Section      152  main.o(.data)
    MACAddr                                  0x2000002c   Data           6  main.o(.data)
    .data                                    0x20000098   Section       12  stm32f7xx_hal.o(.data)
    .data                                    0x200000a4   Section        4  system_stm32f7xx.o(.data)
    .data                                    0x200000a8   Section       60  tasks.o(.data)
    pxDelayedTaskList                        0x200000ac   Data           4  tasks.o(.data)
    pxOverflowDelayedTaskList                0x200000b0   Data           4  tasks.o(.data)
    uxDeletedTasksWaitingCleanUp             0x200000b4   Data           4  tasks.o(.data)
    uxCurrentNumberOfTasks                   0x200000b8   Data           4  tasks.o(.data)
    xTickCount                               0x200000bc   Data           4  tasks.o(.data)
    uxTopReadyPriority                       0x200000c0   Data           4  tasks.o(.data)
    xSchedulerRunning                        0x200000c4   Data           4  tasks.o(.data)
    uxPendedTicks                            0x200000c8   Data           4  tasks.o(.data)
    xYieldPending                            0x200000cc   Data           4  tasks.o(.data)
    xNumOfOverflows                          0x200000d0   Data           4  tasks.o(.data)
    uxTaskNumber                             0x200000d4   Data           4  tasks.o(.data)
    xNextTaskUnblockTime                     0x200000d8   Data           4  tasks.o(.data)
    xIdleTaskHandle                          0x200000dc   Data           4  tasks.o(.data)
    uxSchedulerSuspended                     0x200000e0   Data           4  tasks.o(.data)
    .data                                    0x200000e4   Section       24  heap_4.o(.data)
    pxEnd                                    0x200000e4   Data           4  heap_4.o(.data)
    xFreeBytesRemaining                      0x200000e8   Data           4  heap_4.o(.data)
    xMinimumEverFreeBytesRemaining           0x200000ec   Data           4  heap_4.o(.data)
    xBlockAllocatedBit                       0x200000f0   Data           4  heap_4.o(.data)
    xStart                                   0x200000f4   Data           8  heap_4.o(.data)
    .data                                    0x200000fc   Section       12  port.o(.data)
    ucMaxSysCallPriority                     0x200000fc   Data           1  port.o(.data)
    uxCriticalNesting                        0x20000100   Data           4  port.o(.data)
    ulMaxPRIGROUPValue                       0x20000104   Data           4  port.o(.data)
    .bss                                     0x20000108   Section      546  main.o(.bss)
    .bss                                     0x2000032c   Section      596  freertos.o(.bss)
    xIdleTaskTCBBuffer                       0x2000032c   Data          84  freertos.o(.bss)
    xIdleStack                               0x20000380   Data         512  freertos.o(.bss)
    .bss                                     0x20000580   Section       76  stm32f7xx_hal_timebase_tim.o(.bss)
    .bss                                     0x200005cc   Section      240  tasks.o(.bss)
    pxReadyTasksLists                        0x200005cc   Data         140  tasks.o(.bss)
    xDelayedTaskList1                        0x20000658   Data          20  tasks.o(.bss)
    xDelayedTaskList2                        0x2000066c   Data          20  tasks.o(.bss)
    xPendingReadyList                        0x20000680   Data          20  tasks.o(.bss)
    xTasksWaitingTermination                 0x20000694   Data          20  tasks.o(.bss)
    xSuspendedTaskList                       0x200006a8   Data          20  tasks.o(.bss)
    .bss                                     0x200006bc   Section    15360  heap_4.o(.bss)
    ucHeap                                   0x200006bc   Data       15360  heap_4.o(.bss)
    .bss                                     0x200042bc   Section       96  libspace.o(.bss)
    HEAP                                     0x20004320   Section      512  startup_stm32f767xx.o(HEAP)
    Heap_Mem                                 0x20004320   Data         512  startup_stm32f767xx.o(HEAP)
    STACK                                    0x20004520   Section     1024  startup_stm32f767xx.o(STACK)
    Stack_Mem                                0x20004520   Data        1024  startup_stm32f767xx.o(STACK)
    __initial_sp                             0x20004920   Data           0  startup_stm32f767xx.o(STACK)
    .ARM.__AT_0x2007C000                     0x2007c000   Section      160  main.o(.ARM.__AT_0x2007C000)
    .ARM.__AT_0x2007C0A0                     0x2007c0a0   Section      160  main.o(.ARM.__AT_0x2007C0A0)

    Global Symbols

    Symbol Name                              Value     Ov Type        Size  Object(Section)

    BuildAttributes$$THM_ISAv4$E$P$D$K$B$S$7EM$VFPv5_D16$PE$PLD8$A:L22UL41UL21$X:L11$S22US41US21$IEEE1$IW$USESV6$~STKCKD$USESV7$~SHL$OTIME$ROPI$IEEEX$EBA8$UX$STANDARDLIB$REQ8$PRES8$EABIv2 0x00000000   Number         0  anon$$obj.o ABSOLUTE
    __ARM_use_no_argv                        0x00000000   Number         0  main.o ABSOLUTE
    __ARM_exceptions_init                     - Undefined Weak Reference
    __alloca_initialize                       - Undefined Weak Reference
    __arm_fini_                               - Undefined Weak Reference
    __arm_preinit_                            - Undefined Weak Reference
    __cpp_initialize__aeabi_                  - Undefined Weak Reference
    __cxa_finalize                            - Undefined Weak Reference
    __rt_locale                               - Undefined Weak Reference
    __sigvec_lookup                           - Undefined Weak Reference
    _atexit_init                              - Undefined Weak Reference
    _call_atexit_fns                          - Undefined Weak Reference
    _clock_init                               - Undefined Weak Reference
    _fp_trap_init                             - Undefined Weak Reference
    _fp_trap_shutdown                         - Undefined Weak Reference
    _get_lc_collate                           - Undefined Weak Reference
    _get_lc_ctype                             - Undefined Weak Reference
    _get_lc_monetary                          - Undefined Weak Reference
    _get_lc_numeric                           - Undefined Weak Reference
    _get_lc_time                              - Undefined Weak Reference
    _getenv_init                              - Undefined Weak Reference
    _handle_redirection                       - Undefined Weak Reference
    _init_alloc                               - Undefined Weak Reference
    _init_user_alloc                          - Undefined Weak Reference
    _initio                                   - Undefined Weak Reference
    _printf_post_padding                      - Undefined Weak Reference
    _printf_pre_padding                       - Undefined Weak Reference
    _printf_truncate_signed                   - Undefined Weak Reference
    _printf_truncate_unsigned                 - Undefined Weak Reference
    _rand_init                                - Undefined Weak Reference
    _signal_finish                            - Undefined Weak Reference
    _signal_init                              - Undefined Weak Reference
    _terminate_alloc                          - Undefined Weak Reference
    _terminate_user_alloc                     - Undefined Weak Reference
    _terminateio                              - Undefined Weak Reference
    __Vectors_Size                           0x000001f8   Number         0  startup_stm32f767xx.o ABSOLUTE
    __Vectors                                0x08000000   Data           4  startup_stm32f767xx.o(RESET)
    __Vectors_End                            0x080001f8   Data           0  startup_stm32f767xx.o(RESET)
    __main                                   0x080001f9   Thumb Code     8  __main.o(!!!main)
    __scatterload                            0x08000201   Thumb Code     0  __scatter.o(!!!scatter)
    __scatterload_rt2                        0x08000201   Thumb Code    44  __scatter.o(!!!scatter)
    __scatterload_rt2_thumb_only             0x08000201   Thumb Code     0  __scatter.o(!!!scatter)
    __scatterload_null                       0x0800020f   Thumb Code     0  __scatter.o(!!!scatter)
    __scatterload_copy                       0x08000235   Thumb Code    26  __scatter_copy.o(!!handler_copy)
    __scatterload_zeroinit                   0x08000251   Thumb Code    28  __scatter_zi.o(!!handler_zi)
    _printf_i                                0x0800026d   Thumb Code     0  _printf_i.o(.ARM.Collect$$_printf_percent$$00000008)
    _printf_percent                          0x0800026d   Thumb Code     0  _printf_percent.o(.ARM.Collect$$_printf_percent$$00000000)
    _printf_d                                0x08000273   Thumb Code     0  _printf_d.o(.ARM.Collect$$_printf_percent$$00000009)
    _printf_percent_end                      0x08000279   Thumb Code     0  _printf_percent_end.o(.ARM.Collect$$_printf_percent$$00000017)
    __rt_lib_init                            0x0800027d   Thumb Code     0  libinit.o(.ARM.Collect$$libinit$$00000000)
    __rt_lib_init_fp_1                       0x0800027f   Thumb Code     0  libinit2.o(.ARM.Collect$$libinit$$00000001)
    __rt_lib_init_alloca_1                   0x08000283   Thumb Code     0  libinit2.o(.ARM.Collect$$libinit$$0000002E)
    __rt_lib_init_argv_1                     0x08000283   Thumb Code     0  libinit2.o(.ARM.Collect$$libinit$$0000002C)
    __rt_lib_init_atexit_1                   0x08000283   Thumb Code     0  libinit2.o(.ARM.Collect$$libinit$$0000001B)
    __rt_lib_init_clock_1                    0x08000283   Thumb Code     0  libinit2.o(.ARM.Collect$$libinit$$00000021)
    __rt_lib_init_cpp_1                      0x08000283   Thumb Code     0  libinit2.o(.ARM.Collect$$libinit$$00000032)
    __rt_lib_init_exceptions_1               0x08000283   Thumb Code     0  libinit2.o(.ARM.Collect$$libinit$$00000030)
    __rt_lib_init_fp_trap_1                  0x08000283   Thumb Code     0  libinit2.o(.ARM.Collect$$libinit$$0000001F)
    __rt_lib_init_getenv_1                   0x08000283   Thumb Code     0  libinit2.o(.ARM.Collect$$libinit$$00000023)
    __rt_lib_init_heap_1                     0x08000283   Thumb Code     0  libinit2.o(.ARM.Collect$$libinit$$0000000A)
    __rt_lib_init_lc_collate_1               0x08000283   Thumb Code     0  libinit2.o(.ARM.Collect$$libinit$$00000011)
    __rt_lib_init_lc_ctype_1                 0x08000283   Thumb Code     0  libinit2.o(.ARM.Collect$$libinit$$00000013)
    __rt_lib_init_lc_monetary_1              0x08000283   Thumb Code     0  libinit2.o(.ARM.Collect$$libinit$$00000015)
    __rt_lib_init_lc_numeric_1               0x08000283   Thumb Code     0  libinit2.o(.ARM.Collect$$libinit$$00000017)
    __rt_lib_init_lc_time_1                  0x08000283   Thumb Code     0  libinit2.o(.ARM.Collect$$libinit$$00000019)
    __rt_lib_init_preinit_1                  0x08000283   Thumb Code     0  libinit2.o(.ARM.Collect$$libinit$$00000004)
    __rt_lib_init_rand_1                     0x08000283   Thumb Code     0  libinit2.o(.ARM.Collect$$libinit$$0000000E)
    __rt_lib_init_return                     0x08000283   Thumb Code     0  libinit2.o(.ARM.Collect$$libinit$$00000033)
    __rt_lib_init_signal_1                   0x08000283   Thumb Code     0  libinit2.o(.ARM.Collect$$libinit$$0000001D)
    __rt_lib_init_stdio_1                    0x08000283   Thumb Code     0  libinit2.o(.ARM.Collect$$libinit$$00000025)
    __rt_lib_init_user_alloc_1               0x08000283   Thumb Code     0  libinit2.o(.ARM.Collect$$libinit$$0000000C)
    __rt_lib_shutdown                        0x08000285   Thumb Code     0  libshutdown.o(.ARM.Collect$$libshutdown$$00000000)
    __rt_lib_shutdown_cpp_1                  0x08000287   Thumb Code     0  libshutdown2.o(.ARM.Collect$$libshutdown$$00000004)
    __rt_lib_shutdown_fini_1                 0x08000287   Thumb Code     0  libshutdown2.o(.ARM.Collect$$libshutdown$$00000002)
    __rt_lib_shutdown_fp_trap_1              0x08000287   Thumb Code     0  libshutdown2.o(.ARM.Collect$$libshutdown$$00000009)
    __rt_lib_shutdown_heap_1                 0x08000287   Thumb Code     0  libshutdown2.o(.ARM.Collect$$libshutdown$$00000011)
    __rt_lib_shutdown_return                 0x08000287   Thumb Code     0  libshutdown2.o(.ARM.Collect$$libshutdown$$00000012)
    __rt_lib_shutdown_signal_1               0x08000287   Thumb Code     0  libshutdown2.o(.ARM.Collect$$libshutdown$$0000000C)
    __rt_lib_shutdown_stdio_1                0x08000287   Thumb Code     0  libshutdown2.o(.ARM.Collect$$libshutdown$$00000006)
    __rt_lib_shutdown_user_alloc_1           0x08000287   Thumb Code     0  libshutdown2.o(.ARM.Collect$$libshutdown$$0000000E)
    __rt_entry                               0x08000289   Thumb Code     0  __rtentry.o(.ARM.Collect$$rtentry$$00000000)
    __rt_entry_presh_1                       0x08000289   Thumb Code     0  __rtentry2.o(.ARM.Collect$$rtentry$$00000002)
    __rt_entry_sh                            0x08000289   Thumb Code     0  __rtentry4.o(.ARM.Collect$$rtentry$$00000004)
    __rt_entry_li                            0x0800028f   Thumb Code     0  __rtentry2.o(.ARM.Collect$$rtentry$$0000000A)
    __rt_entry_postsh_1                      0x0800028f   Thumb Code     0  __rtentry2.o(.ARM.Collect$$rtentry$$00000009)
    __rt_entry_main                          0x08000293   Thumb Code     0  __rtentry2.o(.ARM.Collect$$rtentry$$0000000D)
    __rt_entry_postli_1                      0x08000293   Thumb Code     0  __rtentry2.o(.ARM.Collect$$rtentry$$0000000C)
    __rt_exit                                0x0800029b   Thumb Code     0  rtexit.o(.ARM.Collect$$rtexit$$00000000)
    __rt_exit_ls                             0x0800029d   Thumb Code     0  rtexit2.o(.ARM.Collect$$rtexit$$00000003)
    __rt_exit_prels_1                        0x0800029d   Thumb Code     0  rtexit2.o(.ARM.Collect$$rtexit$$00000002)
    __rt_exit_exit                           0x080002a1   Thumb Code     0  rtexit2.o(.ARM.Collect$$rtexit$$00000004)
    SVC_Handler                              0x080002a9   Thumb Code    28  port.o(.emb_text)
    __asm___6_port_c_39a90d8d__prvStartFirstTask 0x080002c9   Thumb Code    36  port.o(.emb_text)
    __asm___6_port_c_39a90d8d__prvEnableVFP  0x080002f1   Thumb Code    16  port.o(.emb_text)
    PendSV_Handler                           0x08000305   Thumb Code    92  port.o(.emb_text)
    vPortGetIPSR                             0x08000365   Thumb Code     6  port.o(.emb_text)
    Reset_Handler                            0x0800036d   Thumb Code     8  startup_stm32f767xx.o(.text)
    ADC_IRQHandler                           0x08000387   Thumb Code     0  startup_stm32f767xx.o(.text)
    CAN1_SCE_IRQHandler                      0x08000387   Thumb Code     0  startup_stm32f767xx.o(.text)
    CAN1_TX_IRQHandler                       0x08000387   Thumb Code     0  startup_stm32f767xx.o(.text)
    CAN2_RX0_IRQHandler                      0x08000387   Thumb Code     0  startup_stm32f767xx.o(.text)
    CAN2_RX1_IRQHandler                      0x08000387   Thumb Code     0  startup_stm32f767xx.o(.text)
    CAN2_SCE_IRQHandler                      0x08000387   Thumb Code     0  startup_stm32f767xx.o(.text)
    CAN2_TX_IRQHandler                       0x08000387   Thumb Code     0  startup_stm32f767xx.o(.text)
    CAN3_RX0_IRQHandler                      0x08000387   Thumb Code     0  startup_stm32f767xx.o(.text)
    CAN3_RX1_IRQHandler                      0x08000387   Thumb Code     0  startup_stm32f767xx.o(.text)
    CAN3_SCE_IRQHandler                      0x08000387   Thumb Code     0  startup_stm32f767xx.o(.text)
    CAN3_TX_IRQHandler                       0x08000387   Thumb Code     0  startup_stm32f767xx.o(.text)
    CEC_IRQHandler                           0x08000387   Thumb Code     0  startup_stm32f767xx.o(.text)
    DCMI_IRQHandler                          0x08000387   Thumb Code     0  startup_stm32f767xx.o(.text)
    DFSDM1_FLT0_IRQHandler                   0x08000387   Thumb Code     0  startup_stm32f767xx.o(.text)
    DFSDM1_FLT1_IRQHandler                   0x08000387   Thumb Code     0  startup_stm32f767xx.o(.text)
    DFSDM1_FLT2_IRQHandler                   0x08000387   Thumb Code     0  startup_stm32f767xx.o(.text)
    DFSDM1_FLT3_IRQHandler                   0x08000387   Thumb Code     0  startup_stm32f767xx.o(.text)
    DMA1_Stream0_IRQHandler                  0x08000387   Thumb Code     0  startup_stm32f767xx.o(.text)
    DMA1_Stream1_IRQHandler                  0x08000387   Thumb Code     0  startup_stm32f767xx.o(.text)
    DMA1_Stream2_IRQHandler                  0x08000387   Thumb Code     0  startup_stm32f767xx.o(.text)
    DMA1_Stream3_IRQHandler                  0x08000387   Thumb Code     0  startup_stm32f767xx.o(.text)
    DMA1_Stream4_IRQHandler                  0x08000387   Thumb Code     0  startup_stm32f767xx.o(.text)
    DMA1_Stream5_IRQHandler                  0x08000387   Thumb Code     0  startup_stm32f767xx.o(.text)
    DMA1_Stream6_IRQHandler                  0x08000387   Thumb Code     0  startup_stm32f767xx.o(.text)
    DMA1_Stream7_IRQHandler                  0x08000387   Thumb Code     0  startup_stm32f767xx.o(.text)
    DMA2D_IRQHandler                         0x08000387   Thumb Code     0  startup_stm32f767xx.o(.text)
    DMA2_Stream0_IRQHandler                  0x08000387   Thumb Code     0  startup_stm32f767xx.o(.text)
    DMA2_Stream1_IRQHandler                  0x08000387   Thumb Code     0  startup_stm32f767xx.o(.text)
    DMA2_Stream2_IRQHandler                  0x08000387   Thumb Code     0  startup_stm32f767xx.o(.text)
    DMA2_Stream3_IRQHandler                  0x08000387   Thumb Code     0  startup_stm32f767xx.o(.text)
    DMA2_Stream4_IRQHandler                  0x08000387   Thumb Code     0  startup_stm32f767xx.o(.text)
    DMA2_Stream5_IRQHandler                  0x08000387   Thumb Code     0  startup_stm32f767xx.o(.text)
    DMA2_Stream6_IRQHandler                  0x08000387   Thumb Code     0  startup_stm32f767xx.o(.text)
    DMA2_Stream7_IRQHandler                  0x08000387   Thumb Code     0  startup_stm32f767xx.o(.text)
    ETH_IRQHandler                           0x08000387   Thumb Code     0  startup_stm32f767xx.o(.text)
    ETH_WKUP_IRQHandler                      0x08000387   Thumb Code     0  startup_stm32f767xx.o(.text)
    EXTI0_IRQHandler                         0x08000387   Thumb Code     0  startup_stm32f767xx.o(.text)
    EXTI15_10_IRQHandler                     0x08000387   Thumb Code     0  startup_stm32f767xx.o(.text)
    EXTI1_IRQHandler                         0x08000387   Thumb Code     0  startup_stm32f767xx.o(.text)
    EXTI2_IRQHandler                         0x08000387   Thumb Code     0  startup_stm32f767xx.o(.text)
    EXTI3_IRQHandler                         0x08000387   Thumb Code     0  startup_stm32f767xx.o(.text)
    EXTI4_IRQHandler                         0x08000387   Thumb Code     0  startup_stm32f767xx.o(.text)
    EXTI9_5_IRQHandler                       0x08000387   Thumb Code     0  startup_stm32f767xx.o(.text)
    FLASH_IRQHandler                         0x08000387   Thumb Code     0  startup_stm32f767xx.o(.text)
    FMC_IRQHandler                           0x08000387   Thumb Code     0  startup_stm32f767xx.o(.text)
    FPU_IRQHandler                           0x08000387   Thumb Code     0  startup_stm32f767xx.o(.text)
    I2C1_ER_IRQHandler                       0x08000387   Thumb Code     0  startup_stm32f767xx.o(.text)
    I2C1_EV_IRQHandler                       0x08000387   Thumb Code     0  startup_stm32f767xx.o(.text)
    I2C2_ER_IRQHandler                       0x08000387   Thumb Code     0  startup_stm32f767xx.o(.text)
    I2C2_EV_IRQHandler                       0x08000387   Thumb Code     0  startup_stm32f767xx.o(.text)
    I2C3_ER_IRQHandler                       0x08000387   Thumb Code     0  startup_stm32f767xx.o(.text)
    I2C3_EV_IRQHandler                       0x08000387   Thumb Code     0  startup_stm32f767xx.o(.text)
    I2C4_ER_IRQHandler                       0x08000387   Thumb Code     0  startup_stm32f767xx.o(.text)
    I2C4_EV_IRQHandler                       0x08000387   Thumb Code     0  startup_stm32f767xx.o(.text)
    JPEG_IRQHandler                          0x08000387   Thumb Code     0  startup_stm32f767xx.o(.text)
    LPTIM1_IRQHandler                        0x08000387   Thumb Code     0  startup_stm32f767xx.o(.text)
    LTDC_ER_IRQHandler                       0x08000387   Thumb Code     0  startup_stm32f767xx.o(.text)
    LTDC_IRQHandler                          0x08000387   Thumb Code     0  startup_stm32f767xx.o(.text)
    MDIOS_IRQHandler                         0x08000387   Thumb Code     0  startup_stm32f767xx.o(.text)
    OTG_FS_IRQHandler                        0x08000387   Thumb Code     0  startup_stm32f767xx.o(.text)
    OTG_FS_WKUP_IRQHandler                   0x08000387   Thumb Code     0  startup_stm32f767xx.o(.text)
    OTG_HS_EP1_IN_IRQHandler                 0x08000387   Thumb Code     0  startup_stm32f767xx.o(.text)
    OTG_HS_EP1_OUT_IRQHandler                0x08000387   Thumb Code     0  startup_stm32f767xx.o(.text)
    OTG_HS_IRQHandler                        0x08000387   Thumb Code     0  startup_stm32f767xx.o(.text)
    OTG_HS_WKUP_IRQHandler                   0x08000387   Thumb Code     0  startup_stm32f767xx.o(.text)
    PVD_IRQHandler                           0x08000387   Thumb Code     0  startup_stm32f767xx.o(.text)
    QUADSPI_IRQHandler                       0x08000387   Thumb Code     0  startup_stm32f767xx.o(.text)
    RCC_IRQHandler                           0x08000387   Thumb Code     0  startup_stm32f767xx.o(.text)
    RNG_IRQHandler                           0x08000387   Thumb Code     0  startup_stm32f767xx.o(.text)
    RTC_Alarm_IRQHandler                     0x08000387   Thumb Code     0  startup_stm32f767xx.o(.text)
    RTC_WKUP_IRQHandler                      0x08000387   Thumb Code     0  startup_stm32f767xx.o(.text)
    SAI1_IRQHandler                          0x08000387   Thumb Code     0  startup_stm32f767xx.o(.text)
    SAI2_IRQHandler                          0x08000387   Thumb Code     0  startup_stm32f767xx.o(.text)
    SDMMC1_IRQHandler                        0x08000387   Thumb Code     0  startup_stm32f767xx.o(.text)
    SDMMC2_IRQHandler                        0x08000387   Thumb Code     0  startup_stm32f767xx.o(.text)
    SPDIF_RX_IRQHandler                      0x08000387   Thumb Code     0  startup_stm32f767xx.o(.text)
    SPI1_IRQHandler                          0x08000387   Thumb Code     0  startup_stm32f767xx.o(.text)
    SPI2_IRQHandler                          0x08000387   Thumb Code     0  startup_stm32f767xx.o(.text)
    SPI3_IRQHandler                          0x08000387   Thumb Code     0  startup_stm32f767xx.o(.text)
    SPI4_IRQHandler                          0x08000387   Thumb Code     0  startup_stm32f767xx.o(.text)
    SPI5_IRQHandler                          0x08000387   Thumb Code     0  startup_stm32f767xx.o(.text)
    SPI6_IRQHandler                          0x08000387   Thumb Code     0  startup_stm32f767xx.o(.text)
    TAMP_STAMP_IRQHandler                    0x08000387   Thumb Code     0  startup_stm32f767xx.o(.text)
    TIM1_BRK_TIM9_IRQHandler                 0x08000387   Thumb Code     0  startup_stm32f767xx.o(.text)
    TIM1_CC_IRQHandler                       0x08000387   Thumb Code     0  startup_stm32f767xx.o(.text)
    TIM1_TRG_COM_TIM11_IRQHandler            0x08000387   Thumb Code     0  startup_stm32f767xx.o(.text)
    TIM2_IRQHandler                          0x08000387   Thumb Code     0  startup_stm32f767xx.o(.text)
    TIM3_IRQHandler                          0x08000387   Thumb Code     0  startup_stm32f767xx.o(.text)
    TIM4_IRQHandler                          0x08000387   Thumb Code     0  startup_stm32f767xx.o(.text)
    TIM5_IRQHandler                          0x08000387   Thumb Code     0  startup_stm32f767xx.o(.text)
    TIM6_DAC_IRQHandler                      0x08000387   Thumb Code     0  startup_stm32f767xx.o(.text)
    TIM7_IRQHandler                          0x08000387   Thumb Code     0  startup_stm32f767xx.o(.text)
    TIM8_BRK_TIM12_IRQHandler                0x08000387   Thumb Code     0  startup_stm32f767xx.o(.text)
    TIM8_CC_IRQHandler                       0x08000387   Thumb Code     0  startup_stm32f767xx.o(.text)
    TIM8_TRG_COM_TIM14_IRQHandler            0x08000387   Thumb Code     0  startup_stm32f767xx.o(.text)
    TIM8_UP_TIM13_IRQHandler                 0x08000387   Thumb Code     0  startup_stm32f767xx.o(.text)
    UART4_IRQHandler                         0x08000387   Thumb Code     0  startup_stm32f767xx.o(.text)
    UART5_IRQHandler                         0x08000387   Thumb Code     0  startup_stm32f767xx.o(.text)
    UART7_IRQHandler                         0x08000387   Thumb Code     0  startup_stm32f767xx.o(.text)
    UART8_IRQHandler                         0x08000387   Thumb Code     0  startup_stm32f767xx.o(.text)
    USART1_IRQHandler                        0x08000387   Thumb Code     0  startup_stm32f767xx.o(.text)
    USART2_IRQHandler                        0x08000387   Thumb Code     0  startup_stm32f767xx.o(.text)
    USART6_IRQHandler                        0x08000387   Thumb Code     0  startup_stm32f767xx.o(.text)
    WWDG_IRQHandler                          0x08000387   Thumb Code     0  startup_stm32f767xx.o(.text)
    __user_initial_stackheap                 0x08000389   Thumb Code     0  startup_stm32f767xx.o(.text)
    __aeabi_uldivmod                         0x080003ad   Thumb Code     0  lludivv7m.o(.text)
    _ll_udiv                                 0x080003ad   Thumb Code   238  lludivv7m.o(.text)
    __2sprintf                               0x0800049d   Thumb Code    34  noretval__2sprintf.o(.text)
    __printf                                 0x080004c5   Thumb Code   104  __printf.o(.text)
    _printf_int_dec                          0x0800052d   Thumb Code   104  _printf_dec.o(.text)
    strlen                                   0x080005a5   Thumb Code    62  strlen.o(.text)
    __aeabi_memcpy                           0x080005e3   Thumb Code     0  rt_memcpy_v6.o(.text)
    __rt_memcpy                              0x080005e3   Thumb Code   138  rt_memcpy_v6.o(.text)
    _memcpy_lastbytes                        0x08000649   Thumb Code     0  rt_memcpy_v6.o(.text)
    __aeabi_memcpy4                          0x0800066d   Thumb Code     0  rt_memcpy_w.o(.text)
    __aeabi_memcpy8                          0x0800066d   Thumb Code     0  rt_memcpy_w.o(.text)
    __rt_memcpy_w                            0x0800066d   Thumb Code   100  rt_memcpy_w.o(.text)
    _memcpy_lastbytes_aligned                0x080006b5   Thumb Code     0  rt_memcpy_w.o(.text)
    __aeabi_memclr4                          0x080006d1   Thumb Code     0  rt_memclr_w.o(.text)
    __aeabi_memclr8                          0x080006d1   Thumb Code     0  rt_memclr_w.o(.text)
    __rt_memclr_w                            0x080006d1   Thumb Code    78  rt_memclr_w.o(.text)
    _memset_w                                0x080006d5   Thumb Code     0  rt_memclr_w.o(.text)
    __use_two_region_memory                  0x0800071f   Thumb Code     2  heapauxi.o(.text)
    __rt_heap_escrow$2region                 0x08000721   Thumb Code     2  heapauxi.o(.text)
    __rt_heap_expand$2region                 0x08000723   Thumb Code     2  heapauxi.o(.text)
    __read_errno                             0x08000725   Thumb Code    10  _rserrno.o(.text)
    __set_errno                              0x0800072f   Thumb Code    12  _rserrno.o(.text)
    _printf_int_common                       0x0800073b   Thumb Code   178  _printf_intcommon.o(.text)
    _printf_char_common                      0x080007f7   Thumb Code    32  _printf_char_common.o(.text)
    _sputc                                   0x0800081d   Thumb Code    10  _sputc.o(.text)
    __aeabi_errno_addr                       0x08000829   Thumb Code     8  rt_errno_addr_intlibspace.o(.text)
    __errno$intlibspace                      0x08000829   Thumb Code     0  rt_errno_addr_intlibspace.o(.text)
    __rt_errno_addr$intlibspace              0x08000829   Thumb Code     0  rt_errno_addr_intlibspace.o(.text)
    __user_libspace                          0x08000831   Thumb Code     8  libspace.o(.text)
    __user_perproc_libspace                  0x08000831   Thumb Code     0  libspace.o(.text)
    __user_perthread_libspace                0x08000831   Thumb Code     0  libspace.o(.text)
    __user_setup_stackheap                   0x08000839   Thumb Code    74  sys_stackheap_outer.o(.text)
    exit                                     0x08000883   Thumb Code    18  exit.o(.text)
    _sys_exit                                0x08000895   Thumb Code     8  sys_exit.o(.text)
    __I$use$semihosting                      0x080008a1   Thumb Code     0  use_no_semi.o(.text)
    __use_no_semihosting_swi                 0x080008a1   Thumb Code     2  use_no_semi.o(.text)
    BusFault_Handler                         0x080008a3   Thumb Code     2  stm32f7xx_it.o(i.BusFault_Handler)
    __semihosting_library_function           0x080008a3   Thumb Code     0  indicate_semi.o(.text)
    CAN1_RX0_IRQHandler                      0x080008a5   Thumb Code     6  stm32f7xx_it.o(i.CAN1_RX0_IRQHandler)
    CAN1_RX1_IRQHandler                      0x080008b1   Thumb Code     6  stm32f7xx_it.o(i.CAN1_RX1_IRQHandler)
    DebugMon_Handler                         0x080008bd   Thumb Code     2  stm32f7xx_it.o(i.DebugMon_Handler)
    Error_Handler                            0x08000ba1   Thumb Code     4  main.o(i.Error_Handler)
    HAL_CAN_ActivateNotification             0x08000ba5   Thumb Code    36  stm32f7xx_hal_can.o(i.HAL_CAN_ActivateNotification)
    HAL_CAN_AddTxMessage                     0x08000bc9   Thumb Code   230  stm32f7xx_hal_can.o(i.HAL_CAN_AddTxMessage)
    HAL_CAN_ConfigFilter                     0x08000cb1   Thumb Code   278  stm32f7xx_hal_can.o(i.HAL_CAN_ConfigFilter)
    HAL_CAN_ErrorCallback                    0x08000dd1   Thumb Code     2  stm32f7xx_hal_can.o(i.HAL_CAN_ErrorCallback)
    HAL_CAN_GetRxMessage                     0x08000dd5   Thumb Code   250  stm32f7xx_hal_can.o(i.HAL_CAN_GetRxMessage)
    HAL_CAN_IRQHandler                       0x08000ecf   Thumb Code   508  stm32f7xx_hal_can.o(i.HAL_CAN_IRQHandler)
    HAL_CAN_Init                             0x080010cb   Thumb Code   282  stm32f7xx_hal_can.o(i.HAL_CAN_Init)
    HAL_CAN_MspInit                          0x080011e5   Thumb Code   120  stm32f7xx_hal_msp.o(i.HAL_CAN_MspInit)
    HAL_CAN_RxFifo0FullCallback              0x08001269   Thumb Code     2  stm32f7xx_hal_can.o(i.HAL_CAN_RxFifo0FullCallback)
    HAL_CAN_RxFifo0MsgPendingCallback        0x0800126b   Thumb Code     2  stm32f7xx_hal_can.o(i.HAL_CAN_RxFifo0MsgPendingCallback)
    HAL_CAN_RxFifo1FullCallback              0x0800126d   Thumb Code     2  stm32f7xx_hal_can.o(i.HAL_CAN_RxFifo1FullCallback)
    HAL_CAN_RxFifo1MsgPendingCallback        0x08001271   Thumb Code   152  main.o(i.HAL_CAN_RxFifo1MsgPendingCallback)
    HAL_CAN_SleepCallback                    0x08001311   Thumb Code     2  stm32f7xx_hal_can.o(i.HAL_CAN_SleepCallback)
    HAL_CAN_Start                            0x08001315   Thumb Code    88  stm32f7xx_hal_can.o(i.HAL_CAN_Start)
    HAL_CAN_TxMailbox0AbortCallback          0x0800136d   Thumb Code     2  stm32f7xx_hal_can.o(i.HAL_CAN_TxMailbox0AbortCallback)
    HAL_CAN_TxMailbox0CompleteCallback       0x0800136f   Thumb Code     2  stm32f7xx_hal_can.o(i.HAL_CAN_TxMailbox0CompleteCallback)
    HAL_CAN_TxMailbox1AbortCallback          0x08001371   Thumb Code     2  stm32f7xx_hal_can.o(i.HAL_CAN_TxMailbox1AbortCallback)
    HAL_CAN_TxMailbox1CompleteCallback       0x08001373   Thumb Code     2  stm32f7xx_hal_can.o(i.HAL_CAN_TxMailbox1CompleteCallback)
    HAL_CAN_TxMailbox2AbortCallback          0x08001375   Thumb Code     2  stm32f7xx_hal_can.o(i.HAL_CAN_TxMailbox2AbortCallback)
    HAL_CAN_TxMailbox2CompleteCallback       0x08001377   Thumb Code     2  stm32f7xx_hal_can.o(i.HAL_CAN_TxMailbox2CompleteCallback)
    HAL_CAN_WakeUpFromRxMsgCallback          0x08001379   Thumb Code     2  stm32f7xx_hal_can.o(i.HAL_CAN_WakeUpFromRxMsgCallback)
    HAL_DMA_Abort                            0x0800137b   Thumb Code   146  stm32f7xx_hal_dma.o(i.HAL_DMA_Abort)
    HAL_DMA_Abort_IT                         0x0800140d   Thumb Code    36  stm32f7xx_hal_dma.o(i.HAL_DMA_Abort_IT)
    HAL_Delay                                0x08001431   Thumb Code    32  stm32f7xx_hal.o(i.HAL_Delay)
    HAL_ETH_Init                             0x08001455   Thumb Code   272  stm32f7xx_hal_eth.o(i.HAL_ETH_Init)
    HAL_ETH_MspInit                          0x08001571   Thumb Code   206  stm32f7xx_hal_msp.o(i.HAL_ETH_MspInit)
    HAL_GPIO_Init                            0x08001659   Thumb Code   530  stm32f7xx_hal_gpio.o(i.HAL_GPIO_Init)
    HAL_GPIO_WritePin                        0x080018a1   Thumb Code    10  stm32f7xx_hal_gpio.o(i.HAL_GPIO_WritePin)
    HAL_GetTick                              0x080018ad   Thumb Code     6  stm32f7xx_hal.o(i.HAL_GetTick)
    HAL_IncTick                              0x080018b9   Thumb Code    12  stm32f7xx_hal.o(i.HAL_IncTick)
    HAL_Init                                 0x080018c9   Thumb Code    32  stm32f7xx_hal.o(i.HAL_Init)
    HAL_InitTick                             0x080018ed   Thumb Code   118  stm32f7xx_hal_timebase_tim.o(i.HAL_InitTick)
    HAL_MspInit                              0x08001979   Thumb Code    52  stm32f7xx_hal_msp.o(i.HAL_MspInit)
    HAL_NVIC_EnableIRQ                       0x080019b1   Thumb Code    26  stm32f7xx_hal_cortex.o(i.HAL_NVIC_EnableIRQ)
    HAL_NVIC_SetPriority                     0x080019cd   Thumb Code    60  stm32f7xx_hal_cortex.o(i.HAL_NVIC_SetPriority)
    HAL_NVIC_SetPriorityGrouping             0x08001a0d   Thumb Code    28  stm32f7xx_hal_cortex.o(i.HAL_NVIC_SetPriorityGrouping)
    HAL_PWREx_EnableOverDrive                0x08001a31   Thumb Code   100  stm32f7xx_hal_pwr_ex.o(i.HAL_PWREx_EnableOverDrive)
    HAL_PWR_EnableBkUpAccess                 0x08001a9d   Thumb Code    12  stm32f7xx_hal_pwr.o(i.HAL_PWR_EnableBkUpAccess)
    HAL_RCCEx_PeriphCLKConfig                0x08001aad   Thumb Code  1336  stm32f7xx_hal_rcc_ex.o(i.HAL_RCCEx_PeriphCLKConfig)
    HAL_RCC_ClockConfig                      0x08001fe9   Thumb Code   284  stm32f7xx_hal_rcc.o(i.HAL_RCC_ClockConfig)
    HAL_RCC_GetClockConfig                   0x08002119   Thumb Code    56  stm32f7xx_hal_rcc.o(i.HAL_RCC_GetClockConfig)
    HAL_RCC_GetPCLK1Freq                     0x08002159   Thumb Code    20  stm32f7xx_hal_rcc.o(i.HAL_RCC_GetPCLK1Freq)
    HAL_RCC_GetPCLK2Freq                     0x08002179   Thumb Code    20  stm32f7xx_hal_rcc.o(i.HAL_RCC_GetPCLK2Freq)
    HAL_RCC_GetSysClockFreq                  0x08002199   Thumb Code    88  stm32f7xx_hal_rcc.o(i.HAL_RCC_GetSysClockFreq)
    HAL_RCC_OscConfig                        0x080021f9   Thumb Code   906  stm32f7xx_hal_rcc.o(i.HAL_RCC_OscConfig)
    HAL_TIMEx_Break2Callback                 0x08002591   Thumb Code     2  stm32f7xx_hal_tim_ex.o(i.HAL_TIMEx_Break2Callback)
    HAL_TIMEx_BreakCallback                  0x08002593   Thumb Code     2  stm32f7xx_hal_tim_ex.o(i.HAL_TIMEx_BreakCallback)
    HAL_TIMEx_CommutCallback                 0x08002595   Thumb Code     2  stm32f7xx_hal_tim_ex.o(i.HAL_TIMEx_CommutCallback)
    HAL_TIM_Base_Init                        0x08002597   Thumb Code    98  stm32f7xx_hal_tim.o(i.HAL_TIM_Base_Init)
    HAL_TIM_Base_MspInit                     0x080025f9   Thumb Code     2  stm32f7xx_hal_tim.o(i.HAL_TIM_Base_MspInit)
    HAL_TIM_Base_Start_IT                    0x080025fd   Thumb Code   106  stm32f7xx_hal_tim.o(i.HAL_TIM_Base_Start_IT)
    HAL_TIM_IC_CaptureCallback               0x08002689   Thumb Code     2  stm32f7xx_hal_tim.o(i.HAL_TIM_IC_CaptureCallback)
    HAL_TIM_IRQHandler                       0x0800268b   Thumb Code   386  stm32f7xx_hal_tim.o(i.HAL_TIM_IRQHandler)
    HAL_TIM_OC_DelayElapsedCallback          0x0800280d   Thumb Code     2  stm32f7xx_hal_tim.o(i.HAL_TIM_OC_DelayElapsedCallback)
    HAL_TIM_PWM_PulseFinishedCallback        0x0800280f   Thumb Code     2  stm32f7xx_hal_tim.o(i.HAL_TIM_PWM_PulseFinishedCallback)
    HAL_TIM_PeriodElapsedCallback            0x08002811   Thumb Code    14  main.o(i.HAL_TIM_PeriodElapsedCallback)
    HAL_TIM_TriggerCallback                  0x08002825   Thumb Code     2  stm32f7xx_hal_tim.o(i.HAL_TIM_TriggerCallback)
    HAL_UARTEx_RxEventCallback               0x08002827   Thumb Code     2  stm32f7xx_hal_uart.o(i.HAL_UARTEx_RxEventCallback)
    HAL_UARTEx_WakeupCallback                0x08002829   Thumb Code     2  stm32f7xx_hal_uart.o(i.HAL_UARTEx_WakeupCallback)
    HAL_UART_ErrorCallback                   0x0800282b   Thumb Code     2  stm32f7xx_hal_uart.o(i.HAL_UART_ErrorCallback)
    HAL_UART_IRQHandler                      0x0800282d   Thumb Code   684  stm32f7xx_hal_uart.o(i.HAL_UART_IRQHandler)
    HAL_UART_Init                            0x08002ae1   Thumb Code   102  stm32f7xx_hal_uart.o(i.HAL_UART_Init)
    HAL_UART_MspInit                         0x08002b49   Thumb Code   138  stm32f7xx_hal_msp.o(i.HAL_UART_MspInit)
    HAL_UART_Receive_IT                      0x08002be1   Thumb Code    60  stm32f7xx_hal_uart.o(i.HAL_UART_Receive_IT)
    HAL_UART_RxCpltCallback                  0x08002c1d   Thumb Code    88  main.o(i.HAL_UART_RxCpltCallback)
    HAL_UART_Transmit                        0x08002c79   Thumb Code   162  stm32f7xx_hal_uart.o(i.HAL_UART_Transmit)
    HAL_UART_TxCpltCallback                  0x08002d1b   Thumb Code     2  stm32f7xx_hal_uart.o(i.HAL_UART_TxCpltCallback)
    HardFault_Handler                        0x08002d1d   Thumb Code     2  stm32f7xx_it.o(i.HardFault_Handler)
    MemManage_Handler                        0x08002f4d   Thumb Code     2  stm32f7xx_it.o(i.MemManage_Handler)
    NMI_Handler                              0x08002f4f   Thumb Code     2  stm32f7xx_it.o(i.NMI_Handler)
    StartDefaultTask                         0x08002f51   Thumb Code     8  main.o(i.StartDefaultTask)
    StartTask02                              0x08002f59   Thumb Code     8  main.o(i.StartTask02)
    StartTask03                              0x08002f61   Thumb Code    66  main.o(i.StartTask03)
    SysTick_Handler                          0x08002fcd   Thumb Code    42  port.o(i.SysTick_Handler)
    SystemClock_Config                       0x08002ffd   Thumb Code   154  main.o(i.SystemClock_Config)
    SystemInit                               0x080030a1   Thumb Code    12  system_stm32f7xx.o(i.SystemInit)
    TIM1_UP_TIM10_IRQHandler                 0x080030b1   Thumb Code     6  stm32f7xx_it.o(i.TIM1_UP_TIM10_IRQHandler)
    TIM_Base_SetConfig                       0x080030bd   Thumb Code   158  stm32f7xx_hal_tim.o(i.TIM_Base_SetConfig)
    UART_AdvFeatureConfig                    0x08003189   Thumb Code   200  stm32f7xx_hal_uart.o(i.UART_AdvFeatureConfig)
    UART_CheckIdleState                      0x08003251   Thumb Code    96  stm32f7xx_hal_uart.o(i.UART_CheckIdleState)
    UART_SetConfig                           0x08003459   Thumb Code   516  stm32f7xx_hal_uart.o(i.UART_SetConfig)
    UART_Start_Receive_IT                    0x08003689   Thumb Code   174  stm32f7xx_hal_uart.o(i.UART_Start_Receive_IT)
    UART_WaitOnFlagUntilTimeout              0x08003741   Thumb Code   202  stm32f7xx_hal_uart.o(i.UART_WaitOnFlagUntilTimeout)
    USART3_IRQHandler                        0x0800380d   Thumb Code     6  stm32f7xx_it.o(i.USART3_IRQHandler)
    UsageFault_Handler                       0x08003819   Thumb Code     2  stm32f7xx_it.o(i.UsageFault_Handler)
    __ARM_fpclassify                         0x0800381b   Thumb Code    48  fpclassify.o(i.__ARM_fpclassify)
    __hardfp_acos                            0x08003871   Thumb Code   422  acos.o(i.__hardfp_acos)
    __hardfp_atan                            0x08003a89   Thumb Code   402  atan.o(i.__hardfp_atan)
    __hardfp_atan2                           0x08003c89   Thumb Code   392  atan2.o(i.__hardfp_atan2)
    __hardfp_cos                             0x08003e51   Thumb Code   158  cos.o(i.__hardfp_cos)
    __hardfp_sin                             0x08003f01   Thumb Code   158  sin.o(i.__hardfp_sin)
    __ieee754_rem_pio2                       0x08003fb1   Thumb Code   646  rred.o(i.__ieee754_rem_pio2)
    __kernel_cos                             0x080042c1   Thumb Code   182  cos_i.o(i.__kernel_cos)
    __kernel_poly                            0x080043a1   Thumb Code   112  poly.o(i.__kernel_poly)
    __kernel_sin                             0x08004411   Thumb Code   144  sin_i.o(i.__kernel_sin)
    __mathlib_dbl_infnan                     0x080044b9   Thumb Code     6  dunder.o(i.__mathlib_dbl_infnan)
    __mathlib_dbl_infnan2                    0x080044bf   Thumb Code     6  dunder.o(i.__mathlib_dbl_infnan2)
    __mathlib_dbl_invalid                    0x080044c9   Thumb Code    10  dunder.o(i.__mathlib_dbl_invalid)
    __mathlib_dbl_underflow                  0x080044e1   Thumb Code    10  dunder.o(i.__mathlib_dbl_underflow)
    atan                                     0x080044f9   Thumb Code    16  atan.o(i.atan)
    cant                                     0x08004509   Thumb Code   172  main.o(i.cant)
    fabs                                     0x080045bd   Thumb Code    24  fabs.o(i.fabs)
    func                                     0x080045d5   Thumb Code   390  main.o(i.func)
    main                                     0x08004779   Thumb Code   202  main.o(i.main)
    osDelay                                  0x08004863   Thumb Code    14  cmsis_os.o(i.osDelay)
    osKernelStart                            0x08004871   Thumb Code    10  cmsis_os.o(i.osKernelStart)
    osMutexCreate                            0x0800487b   Thumb Code    16  cmsis_os.o(i.osMutexCreate)
    osSemaphoreCreate                        0x0800488b   Thumb Code    62  cmsis_os.o(i.osSemaphoreCreate)
    osThreadCreate                           0x080048c9   Thumb Code    84  cmsis_os.o(i.osThreadCreate)
    pvPortMalloc                             0x08004d85   Thumb Code   222  heap_4.o(i.pvPortMalloc)
    pxPortInitialiseStack                    0x08004e69   Thumb Code    42  port.o(i.pxPortInitialiseStack)
    sqrt                                     0x08004e99   Thumb Code   106  sqrt.o(i.sqrt)
    uxListRemove                             0x08004f03   Thumb Code    38  list.o(i.uxListRemove)
    vApplicationGetIdleTaskMemory            0x08004f29   Thumb Code    18  freertos.o(i.vApplicationGetIdleTaskMemory)
    vListInitialise                          0x08004f41   Thumb Code    22  list.o(i.vListInitialise)
    vListInitialiseItem                      0x08004f57   Thumb Code     6  list.o(i.vListInitialiseItem)
    vListInsert                              0x08004f5d   Thumb Code    48  list.o(i.vListInsert)
    vListInsertEnd                           0x08004f8d   Thumb Code    24  list.o(i.vListInsertEnd)
    vPortEnterCritical                       0x08004fa5   Thumb Code    62  port.o(i.vPortEnterCritical)
    vPortExitCritical                        0x08004fed   Thumb Code    38  port.o(i.vPortExitCritical)
    vPortFree                                0x08005019   Thumb Code    96  heap_4.o(i.vPortFree)
    vPortSetupTimerInterrupt                 0x0800507d   Thumb Code    32  port.o(i.vPortSetupTimerInterrupt)
    vTaskDelay                               0x080050a1   Thumb Code    70  tasks.o(i.vTaskDelay)
    vTaskInternalSetTimeOutState             0x080050f1   Thumb Code    12  tasks.o(i.vTaskInternalSetTimeOutState)
    vTaskMissedYield                         0x08005101   Thumb Code     8  tasks.o(i.vTaskMissedYield)
    vTaskPlaceOnEventList                    0x0800510d   Thumb Code    48  tasks.o(i.vTaskPlaceOnEventList)
    vTaskStartScheduler                      0x08005141   Thumb Code    94  tasks.o(i.vTaskStartScheduler)
    vTaskSuspendAll                          0x080051b1   Thumb Code    10  tasks.o(i.vTaskSuspendAll)
    vTaskSwitchContext                       0x080051c1   Thumb Code    86  tasks.o(i.vTaskSwitchContext)
    xPortStartScheduler                      0x08005221   Thumb Code   176  port.o(i.xPortStartScheduler)
    xQueueCreateMutex                        0x080052e1   Thumb Code    22  queue.o(i.xQueueCreateMutex)
    xQueueCreateMutexStatic                  0x080052f7   Thumb Code    26  queue.o(i.xQueueCreateMutexStatic)
    xQueueGenericCreate                      0x08005311   Thumb Code    76  queue.o(i.xQueueGenericCreate)
    xQueueGenericCreateStatic                0x0800535d   Thumb Code   118  queue.o(i.xQueueGenericCreateStatic)
    xQueueGenericReset                       0x080053d5   Thumb Code   148  queue.o(i.xQueueGenericReset)
    xQueueGenericSend                        0x0800546d   Thumb Code   362  queue.o(i.xQueueGenericSend)
    xTaskCheckForTimeOut                     0x080055dd   Thumb Code   124  tasks.o(i.xTaskCheckForTimeOut)
    xTaskCreate                              0x0800565d   Thumb Code    90  tasks.o(i.xTaskCreate)
    xTaskCreateStatic                        0x080056b7   Thumb Code    94  tasks.o(i.xTaskCreateStatic)
    xTaskGetSchedulerState                   0x08005715   Thumb Code    22  tasks.o(i.xTaskGetSchedulerState)
    xTaskIncrementTick                       0x08005731   Thumb Code   196  tasks.o(i.xTaskIncrementTick)
    xTaskPriorityDisinherit                  0x080057fd   Thumb Code   158  tasks.o(i.xTaskPriorityDisinherit)
    xTaskRemoveFromEventList                 0x080058a5   Thumb Code   112  tasks.o(i.xTaskRemoveFromEventList)
    xTaskResumeAll                           0x0800591d   Thumb Code   188  tasks.o(i.xTaskResumeAll)
    _fp_init                                 0x080059e5   Thumb Code    10  fpinit.o(x$fpl$fpinit)
    __fplib_config_fpu_vfp                   0x080059ed   Thumb Code     0  fpinit.o(x$fpl$fpinit)
    __fplib_config_pureend_doubles           0x080059ed   Thumb Code     0  fpinit.o(x$fpl$fpinit)
    __I$use$fp                               0x080059ee   Number         0  usenofp.o(x$fpl$usenofp)
    AHBPrescTable                            0x08005a44   Data          16  system_stm32f7xx.o(.constdata)
    APBPrescTable                            0x08005a54   Data           8  system_stm32f7xx.o(.constdata)
    __mathlib_zero                           0x08005b78   Data           8  qnan.o(.constdata)
    Region$$Table$$Base                      0x08005c90   Number         0  anon$$obj.o(Region$$Table)
    Region$$Table$$Limit                     0x08005cb0   Number         0  anon$$obj.o(Region$$Table)
    datacheck                                0x20000000   Data           4  main.o(.data)
    defaultTaskHandle                        0x20000004   Data           4  main.o(.data)
    Inv_KMHandle                             0x20000008   Data           4  main.o(.data)
    trajectryHandle                          0x2000000c   Data           4  main.o(.data)
    myMutex01Handle                          0x20000010   Data           4  main.o(.data)
    myBinarySem01Handle                      0x20000014   Data           4  main.o(.data)
    myBinarySem02Handle                      0x20000018   Data           4  main.o(.data)
    TxMailbox                                0x2000001c   Data           4  main.o(.data)
    angle1                                   0x20000020   Data           4  main.o(.data)
    angle2                                   0x20000024   Data           4  main.o(.data)
    angle3                                   0x20000028   Data           4  main.o(.data)
    a                                        0x20000038   Data           8  main.o(.data)
    b                                        0x20000040   Data           8  main.o(.data)
    l1                                       0x20000048   Data           8  main.o(.data)
    l2                                       0x20000050   Data           8  main.o(.data)
    z0                                       0x20000058   Data           8  main.o(.data)
    x                                        0x20000060   Data           8  main.o(.data)
    y                                        0x20000068   Data           8  main.o(.data)
    z                                        0x20000070   Data           8  main.o(.data)
    t1                                       0x20000078   Data           8  main.o(.data)
    t2                                       0x20000080   Data           8  main.o(.data)
    zt                                       0x20000088   Data           8  main.o(.data)
    RxData                                   0x20000090   Data           8  main.o(.data)
    uwTickFreq                               0x20000098   Data           1  stm32f7xx_hal.o(.data)
    uwTickPrio                               0x2000009c   Data           4  stm32f7xx_hal.o(.data)
    uwTick                                   0x200000a0   Data           4  stm32f7xx_hal.o(.data)
    SystemCoreClock                          0x200000a4   Data           4  system_stm32f7xx.o(.data)
    pxCurrentTCB                             0x200000a8   Data           4  tasks.o(.data)
    buffer                                   0x20000108   Data          13  main.o(.bss)
    rxBuffer                                 0x20000115   Data          15  main.o(.bss)
    re                                       0x20000124   Data          40  main.o(.bss)
    TxConfig                                 0x2000014c   Data          56  main.o(.bss)
    hcan1                                    0x20000184   Data          40  main.o(.bss)
    heth                                     0x200001ac   Data         176  main.o(.bss)
    huart3                                   0x2000025c   Data         136  main.o(.bss)
    TxHeader                                 0x200002e4   Data          24  main.o(.bss)
    RxHeader                                 0x200002fc   Data          28  main.o(.bss)
    TxData                                   0x20000318   Data           9  main.o(.bss)
    RxData1                                  0x20000321   Data           9  main.o(.bss)
    htim1                                    0x20000580   Data          76  stm32f7xx_hal_timebase_tim.o(.bss)
    __libspace_start                         0x200042bc   Data          96  libspace.o(.bss)
    __temporary_stack_top$libspace           0x2000431c   Data           0  libspace.o(.bss)
    DMARxDscrTab                             0x2007c000   Data         160  main.o(.ARM.__AT_0x2007C000)
    DMATxDscrTab                             0x2007c0a0   Data         160  main.o(.ARM.__AT_0x2007C0A0)



==============================================================================

Memory Map of the image

  Image Entry point : 0x080001f9

  Load Region LR_IROM1 (Base: 0x08000000, Size: 0x00005db8, Max: 0x00200000, ABSOLUTE)

    Execution Region ER_IROM1 (Exec base: 0x08000000, Load base: 0x08000000, Size: 0x00005cb0, Max: 0x00200000, ABSOLUTE)

    Exec Addr    Load Addr    Size         Type   Attr      Idx    E Section Name        Object

    0x08000000   0x08000000   0x000001f8   Data   RO            3    RESET               startup_stm32f767xx.o
    0x080001f8   0x080001f8   0x00000008   Code   RO         5767  * !!!main             c_w.l(__main.o)
    0x08000200   0x08000200   0x00000034   Code   RO         6070    !!!scatter          c_w.l(__scatter.o)
    0x08000234   0x08000234   0x0000001a   Code   RO         6072    !!handler_copy      c_w.l(__scatter_copy.o)
    0x0800024e   0x0800024e   0x00000002   PAD
    0x08000250   0x08000250   0x0000001c   Code   RO         6074    !!handler_zi        c_w.l(__scatter_zi.o)
    0x0800026c   0x0800026c   0x00000000   Code   RO         5754    .ARM.Collect$$_printf_percent$$00000000  c_w.l(_printf_percent.o)
    0x0800026c   0x0800026c   0x00000006   Code   RO         5752    .ARM.Collect$$_printf_percent$$00000008  c_w.l(_printf_i.o)
    0x08000272   0x08000272   0x00000006   Code   RO         5753    .ARM.Collect$$_printf_percent$$00000009  c_w.l(_printf_d.o)
    0x08000278   0x08000278   0x00000004   Code   RO         5832    .ARM.Collect$$_printf_percent$$00000017  c_w.l(_printf_percent_end.o)
    0x0800027c   0x0800027c   0x00000002   Code   RO         5941    .ARM.Collect$$libinit$$00000000  c_w.l(libinit.o)
    0x0800027e   0x0800027e   0x00000004   Code   RO         5950    .ARM.Collect$$libinit$$00000001  c_w.l(libinit2.o)
    0x08000282   0x08000282   0x00000000   Code   RO         5953    .ARM.Collect$$libinit$$00000004  c_w.l(libinit2.o)
    0x08000282   0x08000282   0x00000000   Code   RO         5956    .ARM.Collect$$libinit$$0000000A  c_w.l(libinit2.o)
    0x08000282   0x08000282   0x00000000   Code   RO         5958    .ARM.Collect$$libinit$$0000000C  c_w.l(libinit2.o)
    0x08000282   0x08000282   0x00000000   Code   RO         5960    .ARM.Collect$$libinit$$0000000E  c_w.l(libinit2.o)
    0x08000282   0x08000282   0x00000000   Code   RO         5963    .ARM.Collect$$libinit$$00000011  c_w.l(libinit2.o)
    0x08000282   0x08000282   0x00000000   Code   RO         5965    .ARM.Collect$$libinit$$00000013  c_w.l(libinit2.o)
    0x08000282   0x08000282   0x00000000   Code   RO         5967    .ARM.Collect$$libinit$$00000015  c_w.l(libinit2.o)
    0x08000282   0x08000282   0x00000000   Code   RO         5969    .ARM.Collect$$libinit$$00000017  c_w.l(libinit2.o)
    0x08000282   0x08000282   0x00000000   Code   RO         5971    .ARM.Collect$$libinit$$00000019  c_w.l(libinit2.o)
    0x08000282   0x08000282   0x00000000   Code   RO         5973    .ARM.Collect$$libinit$$0000001B  c_w.l(libinit2.o)
    0x08000282   0x08000282   0x00000000   Code   RO         5975    .ARM.Collect$$libinit$$0000001D  c_w.l(libinit2.o)
    0x08000282   0x08000282   0x00000000   Code   RO         5977    .ARM.Collect$$libinit$$0000001F  c_w.l(libinit2.o)
    0x08000282   0x08000282   0x00000000   Code   RO         5979    .ARM.Collect$$libinit$$00000021  c_w.l(libinit2.o)
    0x08000282   0x08000282   0x00000000   Code   RO         5981    .ARM.Collect$$libinit$$00000023  c_w.l(libinit2.o)
    0x08000282   0x08000282   0x00000000   Code   RO         5983    .ARM.Collect$$libinit$$00000025  c_w.l(libinit2.o)
    0x08000282   0x08000282   0x00000000   Code   RO         5987    .ARM.Collect$$libinit$$0000002C  c_w.l(libinit2.o)
    0x08000282   0x08000282   0x00000000   Code   RO         5989    .ARM.Collect$$libinit$$0000002E  c_w.l(libinit2.o)
    0x08000282   0x08000282   0x00000000   Code   RO         5991    .ARM.Collect$$libinit$$00000030  c_w.l(libinit2.o)
    0x08000282   0x08000282   0x00000000   Code   RO         5993    .ARM.Collect$$libinit$$00000032  c_w.l(libinit2.o)
    0x08000282   0x08000282   0x00000002   Code   RO         5994    .ARM.Collect$$libinit$$00000033  c_w.l(libinit2.o)
    0x08000284   0x08000284   0x00000002   Code   RO         6025    .ARM.Collect$$libshutdown$$00000000  c_w.l(libshutdown.o)
    0x08000286   0x08000286   0x00000000   Code   RO         6051    .ARM.Collect$$libshutdown$$00000002  c_w.l(libshutdown2.o)
    0x08000286   0x08000286   0x00000000   Code   RO         6053    .ARM.Collect$$libshutdown$$00000004  c_w.l(libshutdown2.o)
    0x08000286   0x08000286   0x00000000   Code   RO         6055    .ARM.Collect$$libshutdown$$00000006  c_w.l(libshutdown2.o)
    0x08000286   0x08000286   0x00000000   Code   RO         6058    .ARM.Collect$$libshutdown$$00000009  c_w.l(libshutdown2.o)
    0x08000286   0x08000286   0x00000000   Code   RO         6061    .ARM.Collect$$libshutdown$$0000000C  c_w.l(libshutdown2.o)
    0x08000286   0x08000286   0x00000000   Code   RO         6063    .ARM.Collect$$libshutdown$$0000000E  c_w.l(libshutdown2.o)
    0x08000286   0x08000286   0x00000000   Code   RO         6066    .ARM.Collect$$libshutdown$$00000011  c_w.l(libshutdown2.o)
    0x08000286   0x08000286   0x00000002   Code   RO         6067    .ARM.Collect$$libshutdown$$00000012  c_w.l(libshutdown2.o)
    0x08000288   0x08000288   0x00000000   Code   RO         5819    .ARM.Collect$$rtentry$$00000000  c_w.l(__rtentry.o)
    0x08000288   0x08000288   0x00000000   Code   RO         5900    .ARM.Collect$$rtentry$$00000002  c_w.l(__rtentry2.o)
    0x08000288   0x08000288   0x00000006   Code   RO         5912    .ARM.Collect$$rtentry$$00000004  c_w.l(__rtentry4.o)
    0x0800028e   0x0800028e   0x00000000   Code   RO         5902    .ARM.Collect$$rtentry$$00000009  c_w.l(__rtentry2.o)
    0x0800028e   0x0800028e   0x00000004   Code   RO         5903    .ARM.Collect$$rtentry$$0000000A  c_w.l(__rtentry2.o)
    0x08000292   0x08000292   0x00000000   Code   RO         5905    .ARM.Collect$$rtentry$$0000000C  c_w.l(__rtentry2.o)
    0x08000292   0x08000292   0x00000008   Code   RO         5906    .ARM.Collect$$rtentry$$0000000D  c_w.l(__rtentry2.o)
    0x0800029a   0x0800029a   0x00000002   Code   RO         5942    .ARM.Collect$$rtexit$$00000000  c_w.l(rtexit.o)
    0x0800029c   0x0800029c   0x00000000   Code   RO         5998    .ARM.Collect$$rtexit$$00000002  c_w.l(rtexit2.o)
    0x0800029c   0x0800029c   0x00000004   Code   RO         5999    .ARM.Collect$$rtexit$$00000003  c_w.l(rtexit2.o)
    0x080002a0   0x080002a0   0x00000006   Code   RO         6000    .ARM.Collect$$rtexit$$00000004  c_w.l(rtexit2.o)
    0x080002a6   0x080002a6   0x00000002   PAD
    0x080002a8   0x080002a8   0x000000c2   Code   RO         5643    .emb_text           port.o
    0x0800036a   0x0800036a   0x00000002   PAD
    0x0800036c   0x0800036c   0x00000040   Code   RO            4    .text               startup_stm32f767xx.o
    0x080003ac   0x080003ac   0x000000ee   Code   RO         5722    .text               c_w.l(lludivv7m.o)
    0x0800049a   0x0800049a   0x00000002   PAD
    0x0800049c   0x0800049c   0x00000028   Code   RO         5726    .text               c_w.l(noretval__2sprintf.o)
    0x080004c4   0x080004c4   0x00000068   Code   RO         5728    .text               c_w.l(__printf.o)
    0x0800052c   0x0800052c   0x00000078   Code   RO         5730    .text               c_w.l(_printf_dec.o)
    0x080005a4   0x080005a4   0x0000003e   Code   RO         5755    .text               c_w.l(strlen.o)
    0x080005e2   0x080005e2   0x0000008a   Code   RO         5757    .text               c_w.l(rt_memcpy_v6.o)
    0x0800066c   0x0800066c   0x00000064   Code   RO         5759    .text               c_w.l(rt_memcpy_w.o)
    0x080006d0   0x080006d0   0x0000004e   Code   RO         5763    .text               c_w.l(rt_memclr_w.o)
    0x0800071e   0x0800071e   0x00000006   Code   RO         5765    .text               c_w.l(heapauxi.o)
    0x08000724   0x08000724   0x00000016   Code   RO         5824    .text               c_w.l(_rserrno.o)
    0x0800073a   0x0800073a   0x000000b2   Code   RO         5826    .text               c_w.l(_printf_intcommon.o)
    0x080007ec   0x080007ec   0x00000030   Code   RO         5828    .text               c_w.l(_printf_char_common.o)
    0x0800081c   0x0800081c   0x0000000a   Code   RO         5830    .text               c_w.l(_sputc.o)
    0x08000826   0x08000826   0x00000002   PAD
    0x08000828   0x08000828   0x00000008   Code   RO         5919    .text               c_w.l(rt_errno_addr_intlibspace.o)
    0x08000830   0x08000830   0x00000008   Code   RO         5925    .text               c_w.l(libspace.o)
    0x08000838   0x08000838   0x0000004a   Code   RO         5928    .text               c_w.l(sys_stackheap_outer.o)
    0x08000882   0x08000882   0x00000012   Code   RO         5930    .text               c_w.l(exit.o)
    0x08000894   0x08000894   0x0000000c   Code   RO         5995    .text               c_w.l(sys_exit.o)
    0x080008a0   0x080008a0   0x00000002   Code   RO         6014    .text               c_w.l(use_no_semi.o)
    0x080008a2   0x080008a2   0x00000000   Code   RO         6016    .text               c_w.l(indicate_semi.o)
    0x080008a2   0x080008a2   0x00000002   Code   RO          450    i.BusFault_Handler  stm32f7xx_it.o
    0x080008a4   0x080008a4   0x0000000c   Code   RO          451    i.CAN1_RX0_IRQHandler  stm32f7xx_it.o
    0x080008b0   0x080008b0   0x0000000c   Code   RO          452    i.CAN1_RX1_IRQHandler  stm32f7xx_it.o
    0x080008bc   0x080008bc   0x00000002   Code   RO          453    i.DebugMon_Handler  stm32f7xx_it.o
    0x080008be   0x080008be   0x00000002   PAD
    0x080008c0   0x080008c0   0x0000006e   Code   RO         2573    i.ETH_DMARxDescListInit  stm32f7xx_hal_eth.o
    0x0800092e   0x0800092e   0x0000009a   Code   RO         2575    i.ETH_MACDMAConfig  stm32f7xx_hal_eth.o
    0x080009c8   0x080009c8   0x000000c4   Code   RO         2577    i.ETH_SetDMAConfig  stm32f7xx_hal_eth.o
    0x08000a8c   0x08000a8c   0x00000114   Code   RO         2578    i.ETH_SetMACConfig  stm32f7xx_hal_eth.o
    0x08000ba0   0x08000ba0   0x00000004   Code   RO           13    i.Error_Handler     main.o
    0x08000ba4   0x08000ba4   0x00000024   Code   RO          636    i.HAL_CAN_ActivateNotification  stm32f7xx_hal_can.o
    0x08000bc8   0x08000bc8   0x000000e6   Code   RO          637    i.HAL_CAN_AddTxMessage  stm32f7xx_hal_can.o
    0x08000cae   0x08000cae   0x00000002   PAD
    0x08000cb0   0x08000cb0   0x00000120   Code   RO          638    i.HAL_CAN_ConfigFilter  stm32f7xx_hal_can.o
    0x08000dd0   0x08000dd0   0x00000002   Code   RO          641    i.HAL_CAN_ErrorCallback  stm32f7xx_hal_can.o
    0x08000dd2   0x08000dd2   0x00000002   PAD
    0x08000dd4   0x08000dd4   0x000000fa   Code   RO          644    i.HAL_CAN_GetRxMessage  stm32f7xx_hal_can.o
    0x08000ece   0x08000ece   0x000001fc   Code   RO          648    i.HAL_CAN_IRQHandler  stm32f7xx_hal_can.o
    0x080010ca   0x080010ca   0x0000011a   Code   RO          649    i.HAL_CAN_Init      stm32f7xx_hal_can.o
    0x080011e4   0x080011e4   0x00000084   Code   RO          537    i.HAL_CAN_MspInit   stm32f7xx_hal_msp.o
    0x08001268   0x08001268   0x00000002   Code   RO          656    i.HAL_CAN_RxFifo0FullCallback  stm32f7xx_hal_can.o
    0x0800126a   0x0800126a   0x00000002   Code   RO          657    i.HAL_CAN_RxFifo0MsgPendingCallback  stm32f7xx_hal_can.o
    0x0800126c   0x0800126c   0x00000002   Code   RO          658    i.HAL_CAN_RxFifo1FullCallback  stm32f7xx_hal_can.o
    0x0800126e   0x0800126e   0x00000002   PAD
    0x08001270   0x08001270   0x000000a0   Code   RO           14    i.HAL_CAN_RxFifo1MsgPendingCallback  main.o
    0x08001310   0x08001310   0x00000002   Code   RO          660    i.HAL_CAN_SleepCallback  stm32f7xx_hal_can.o
    0x08001312   0x08001312   0x00000002   PAD
    0x08001314   0x08001314   0x00000058   Code   RO          661    i.HAL_CAN_Start     stm32f7xx_hal_can.o
    0x0800136c   0x0800136c   0x00000002   Code   RO          663    i.HAL_CAN_TxMailbox0AbortCallback  stm32f7xx_hal_can.o
    0x0800136e   0x0800136e   0x00000002   Code   RO          664    i.HAL_CAN_TxMailbox0CompleteCallback  stm32f7xx_hal_can.o
    0x08001370   0x08001370   0x00000002   Code   RO          665    i.HAL_CAN_TxMailbox1AbortCallback  stm32f7xx_hal_can.o
    0x08001372   0x08001372   0x00000002   Code   RO          666    i.HAL_CAN_TxMailbox1CompleteCallback  stm32f7xx_hal_can.o
    0x08001374   0x08001374   0x00000002   Code   RO          667    i.HAL_CAN_TxMailbox2AbortCallback  stm32f7xx_hal_can.o
    0x08001376   0x08001376   0x00000002   Code   RO          668    i.HAL_CAN_TxMailbox2CompleteCallback  stm32f7xx_hal_can.o
    0x08001378   0x08001378   0x00000002   Code   RO          670    i.HAL_CAN_WakeUpFromRxMsgCallback  stm32f7xx_hal_can.o
    0x0800137a   0x0800137a   0x00000092   Code   RO         1282    i.HAL_DMA_Abort     stm32f7xx_hal_dma.o
    0x0800140c   0x0800140c   0x00000024   Code   RO         1283    i.HAL_DMA_Abort_IT  stm32f7xx_hal_dma.o
    0x08001430   0x08001430   0x00000024   Code   RO         1784    i.HAL_Delay         stm32f7xx_hal.o
    0x08001454   0x08001454   0x0000011c   Code   RO         2594    i.HAL_ETH_Init      stm32f7xx_hal_eth.o
    0x08001570   0x08001570   0x000000e8   Code   RO          539    i.HAL_ETH_MspInit   stm32f7xx_hal_msp.o
    0x08001658   0x08001658   0x00000248   Code   RO         1216    i.HAL_GPIO_Init     stm32f7xx_hal_gpio.o
    0x080018a0   0x080018a0   0x0000000a   Code   RO         1220    i.HAL_GPIO_WritePin  stm32f7xx_hal_gpio.o
    0x080018aa   0x080018aa   0x00000002   PAD
    0x080018ac   0x080018ac   0x0000000c   Code   RO         1794    i.HAL_GetTick       stm32f7xx_hal.o
    0x080018b8   0x080018b8   0x00000010   Code   RO         1800    i.HAL_IncTick       stm32f7xx_hal.o
    0x080018c8   0x080018c8   0x00000024   Code   RO         1801    i.HAL_Init          stm32f7xx_hal.o
    0x080018ec   0x080018ec   0x0000008c   Code   RO          596    i.HAL_InitTick      stm32f7xx_hal_timebase_tim.o
    0x08001978   0x08001978   0x00000038   Code   RO          540    i.HAL_MspInit       stm32f7xx_hal_msp.o
    0x080019b0   0x080019b0   0x0000001a   Code   RO         1647    i.HAL_NVIC_EnableIRQ  stm32f7xx_hal_cortex.o
    0x080019ca   0x080019ca   0x00000002   PAD
    0x080019cc   0x080019cc   0x00000040   Code   RO         1653    i.HAL_NVIC_SetPriority  stm32f7xx_hal_cortex.o
    0x08001a0c   0x08001a0c   0x00000024   Code   RO         1654    i.HAL_NVIC_SetPriorityGrouping  stm32f7xx_hal_cortex.o
    0x08001a30   0x08001a30   0x0000006c   Code   RO         1556    i.HAL_PWREx_EnableOverDrive  stm32f7xx_hal_pwr_ex.o
    0x08001a9c   0x08001a9c   0x00000010   Code   RO         1433    i.HAL_PWR_EnableBkUpAccess  stm32f7xx_hal_pwr.o
    0x08001aac   0x08001aac   0x0000053c   Code   RO          977    i.HAL_RCCEx_PeriphCLKConfig  stm32f7xx_hal_rcc_ex.o
    0x08001fe8   0x08001fe8   0x00000130   Code   RO          870    i.HAL_RCC_ClockConfig  stm32f7xx_hal_rcc.o
    0x08002118   0x08002118   0x00000040   Code   RO          874    i.HAL_RCC_GetClockConfig  stm32f7xx_hal_rcc.o
    0x08002158   0x08002158   0x00000020   Code   RO          877    i.HAL_RCC_GetPCLK1Freq  stm32f7xx_hal_rcc.o
    0x08002178   0x08002178   0x00000020   Code   RO          878    i.HAL_RCC_GetPCLK2Freq  stm32f7xx_hal_rcc.o
    0x08002198   0x08002198   0x00000060   Code   RO          879    i.HAL_RCC_GetSysClockFreq  stm32f7xx_hal_rcc.o
    0x080021f8   0x080021f8   0x00000398   Code   RO          882    i.HAL_RCC_OscConfig  stm32f7xx_hal_rcc.o
    0x08002590   0x08002590   0x00000002   Code   RO         3630    i.HAL_TIMEx_Break2Callback  stm32f7xx_hal_tim_ex.o
    0x08002592   0x08002592   0x00000002   Code   RO         3631    i.HAL_TIMEx_BreakCallback  stm32f7xx_hal_tim_ex.o
    0x08002594   0x08002594   0x00000002   Code   RO         3632    i.HAL_TIMEx_CommutCallback  stm32f7xx_hal_tim_ex.o
    0x08002596   0x08002596   0x00000062   Code   RO         2916    i.HAL_TIM_Base_Init  stm32f7xx_hal_tim.o
    0x080025f8   0x080025f8   0x00000002   Code   RO         2918    i.HAL_TIM_Base_MspInit  stm32f7xx_hal_tim.o
    0x080025fa   0x080025fa   0x00000002   PAD
    0x080025fc   0x080025fc   0x0000008c   Code   RO         2921    i.HAL_TIM_Base_Start_IT  stm32f7xx_hal_tim.o
    0x08002688   0x08002688   0x00000002   Code   RO         2950    i.HAL_TIM_IC_CaptureCallback  stm32f7xx_hal_tim.o
    0x0800268a   0x0800268a   0x00000182   Code   RO         2964    i.HAL_TIM_IRQHandler  stm32f7xx_hal_tim.o
    0x0800280c   0x0800280c   0x00000002   Code   RO         2967    i.HAL_TIM_OC_DelayElapsedCallback  stm32f7xx_hal_tim.o
    0x0800280e   0x0800280e   0x00000002   Code   RO         2994    i.HAL_TIM_PWM_PulseFinishedCallback  stm32f7xx_hal_tim.o
    0x08002810   0x08002810   0x00000014   Code   RO           15    i.HAL_TIM_PeriodElapsedCallback  main.o
    0x08002824   0x08002824   0x00000002   Code   RO         3007    i.HAL_TIM_TriggerCallback  stm32f7xx_hal_tim.o
    0x08002826   0x08002826   0x00000002   Code   RO         3924    i.HAL_UARTEx_RxEventCallback  stm32f7xx_hal_uart.o
    0x08002828   0x08002828   0x00000002   Code   RO         3925    i.HAL_UARTEx_WakeupCallback  stm32f7xx_hal_uart.o
    0x0800282a   0x0800282a   0x00000002   Code   RO         3941    i.HAL_UART_ErrorCallback  stm32f7xx_hal_uart.o
    0x0800282c   0x0800282c   0x000002b4   Code   RO         3944    i.HAL_UART_IRQHandler  stm32f7xx_hal_uart.o
    0x08002ae0   0x08002ae0   0x00000066   Code   RO         3945    i.HAL_UART_Init     stm32f7xx_hal_uart.o
    0x08002b46   0x08002b46   0x00000002   PAD
    0x08002b48   0x08002b48   0x00000098   Code   RO          542    i.HAL_UART_MspInit  stm32f7xx_hal_msp.o
    0x08002be0   0x08002be0   0x0000003c   Code   RO         3950    i.HAL_UART_Receive_IT  stm32f7xx_hal_uart.o
    0x08002c1c   0x08002c1c   0x0000005c   Code   RO           16    i.HAL_UART_RxCpltCallback  main.o
    0x08002c78   0x08002c78   0x000000a2   Code   RO         3954    i.HAL_UART_Transmit  stm32f7xx_hal_uart.o
    0x08002d1a   0x08002d1a   0x00000002   Code   RO         3957    i.HAL_UART_TxCpltCallback  stm32f7xx_hal_uart.o
    0x08002d1c   0x08002d1c   0x00000002   Code   RO          454    i.HardFault_Handler  stm32f7xx_it.o
    0x08002d1e   0x08002d1e   0x00000002   PAD
    0x08002d20   0x08002d20   0x00000064   Code   RO           17    i.MX_CAN1_Init      main.o
    0x08002d84   0x08002d84   0x0000006c   Code   RO           18    i.MX_ETH_Init       main.o
    0x08002df0   0x08002df0   0x00000120   Code   RO           19    i.MX_GPIO_Init      main.o
    0x08002f10   0x08002f10   0x0000003c   Code   RO           20    i.MX_USART3_UART_Init  main.o
    0x08002f4c   0x08002f4c   0x00000002   Code   RO          455    i.MemManage_Handler  stm32f7xx_it.o
    0x08002f4e   0x08002f4e   0x00000002   Code   RO          456    i.NMI_Handler       stm32f7xx_it.o
    0x08002f50   0x08002f50   0x00000008   Code   RO           21    i.StartDefaultTask  main.o
    0x08002f58   0x08002f58   0x00000008   Code   RO           22    i.StartTask02       main.o
    0x08002f60   0x08002f60   0x0000006c   Code   RO           23    i.StartTask03       main.o
    0x08002fcc   0x08002fcc   0x00000030   Code   RO         5644    i.SysTick_Handler   port.o
    0x08002ffc   0x08002ffc   0x000000a4   Code   RO           24    i.SystemClock_Config  main.o
    0x080030a0   0x080030a0   0x00000010   Code   RO         4398    i.SystemInit        system_stm32f7xx.o
    0x080030b0   0x080030b0   0x0000000c   Code   RO          457    i.TIM1_UP_TIM10_IRQHandler  stm32f7xx_it.o
    0x080030bc   0x080030bc   0x000000cc   Code   RO         3009    i.TIM_Base_SetConfig  stm32f7xx_hal_tim.o
    0x08003188   0x08003188   0x000000c8   Code   RO         3959    i.UART_AdvFeatureConfig  stm32f7xx_hal_uart.o
    0x08003250   0x08003250   0x00000060   Code   RO         3960    i.UART_CheckIdleState  stm32f7xx_hal_uart.o
    0x080032b0   0x080032b0   0x00000014   Code   RO         3961    i.UART_DMAAbortOnError  stm32f7xx_hal_uart.o
    0x080032c4   0x080032c4   0x0000004c   Code   RO         3971    i.UART_EndRxTransfer  stm32f7xx_hal_uart.o
    0x08003310   0x08003310   0x000000a4   Code   RO         3973    i.UART_RxISR_16BIT  stm32f7xx_hal_uart.o
    0x080033b4   0x080033b4   0x000000a4   Code   RO         3974    i.UART_RxISR_8BIT   stm32f7xx_hal_uart.o
    0x08003458   0x08003458   0x00000230   Code   RO         3975    i.UART_SetConfig    stm32f7xx_hal_uart.o
    0x08003688   0x08003688   0x000000b8   Code   RO         3977    i.UART_Start_Receive_IT  stm32f7xx_hal_uart.o
    0x08003740   0x08003740   0x000000ca   Code   RO         3980    i.UART_WaitOnFlagUntilTimeout  stm32f7xx_hal_uart.o
    0x0800380a   0x0800380a   0x00000002   PAD
    0x0800380c   0x0800380c   0x0000000c   Code   RO          458    i.USART3_IRQHandler  stm32f7xx_it.o
    0x08003818   0x08003818   0x00000002   Code   RO          459    i.UsageFault_Handler  stm32f7xx_it.o
    0x0800381a   0x0800381a   0x00000030   Code   RO         5923    i.__ARM_fpclassify  m_wv.l(fpclassify.o)
    0x0800384a   0x0800384a   0x00000022   Code   RO         1660    i.__NVIC_SetPriority  stm32f7xx_hal_cortex.o
    0x0800386c   0x0800386c   0x00000004   PAD
    0x08003870   0x08003870   0x00000218   Code   RO         5769    i.__hardfp_acos     m_wv.l(acos.o)
    0x08003a88   0x08003a88   0x00000200   Code   RO         5836    i.__hardfp_atan     m_wv.l(atan.o)
    0x08003c88   0x08003c88   0x000001c8   Code   RO         5783    i.__hardfp_atan2    m_wv.l(atan2.o)
    0x08003e50   0x08003e50   0x000000b0   Code   RO         5795    i.__hardfp_cos      m_wv.l(cos.o)
    0x08003f00   0x08003f00   0x000000b0   Code   RO         5807    i.__hardfp_sin      m_wv.l(sin.o)
    0x08003fb0   0x08003fb0   0x00000310   Code   RO         5876    i.__ieee754_rem_pio2  m_wv.l(rred.o)
    0x080042c0   0x080042c0   0x000000e0   Code   RO         5850    i.__kernel_cos      m_wv.l(cos_i.o)
    0x080043a0   0x080043a0   0x00000070   Code   RO         5873    i.__kernel_poly     m_wv.l(poly.o)
    0x08004410   0x08004410   0x000000a8   Code   RO         5881    i.__kernel_sin      m_wv.l(sin_i.o)
    0x080044b8   0x080044b8   0x00000006   Code   RO         5854    i.__mathlib_dbl_infnan  m_wv.l(dunder.o)
    0x080044be   0x080044be   0x00000006   Code   RO         5855    i.__mathlib_dbl_infnan2  m_wv.l(dunder.o)
    0x080044c4   0x080044c4   0x00000004   PAD
    0x080044c8   0x080044c8   0x00000018   Code   RO         5856    i.__mathlib_dbl_invalid  m_wv.l(dunder.o)
    0x080044e0   0x080044e0   0x00000018   Code   RO         5859    i.__mathlib_dbl_underflow  m_wv.l(dunder.o)
    0x080044f8   0x080044f8   0x00000010   Code   RO         5838    i.atan              m_wv.l(atan.o)
    0x08004508   0x08004508   0x000000b4   Code   RO           25    i.cant              main.o
    0x080045bc   0x080045bc   0x00000018   Code   RO         5869    i.fabs              m_wv.l(fabs.o)
    0x080045d4   0x080045d4   0x000001a4   Code   RO           26    i.func              main.o
    0x08004778   0x08004778   0x000000dc   Code   RO           27    i.main              main.o
    0x08004854   0x08004854   0x0000000e   Code   RO         5212    i.makeFreeRtosPriority  cmsis_os.o
    0x08004862   0x08004862   0x0000000e   Code   RO         5214    i.osDelay           cmsis_os.o
    0x08004870   0x08004870   0x0000000a   Code   RO         5217    i.osKernelStart     cmsis_os.o
    0x0800487a   0x0800487a   0x00000010   Code   RO         5232    i.osMutexCreate     cmsis_os.o
    0x0800488a   0x0800488a   0x0000003e   Code   RO         5243    i.osSemaphoreCreate  cmsis_os.o
    0x080048c8   0x080048c8   0x00000054   Code   RO         5251    i.osThreadCreate    cmsis_os.o
    0x0800491c   0x0800491c   0x00000070   Code   RO         4903    i.prvAddCurrentTaskToDelayedList  tasks.o
    0x0800498c   0x0800498c   0x000000d0   Code   RO         4904    i.prvAddNewTaskToReadyList  tasks.o
    0x08004a5c   0x08004a5c   0x0000006c   Code   RO         4580    i.prvCopyDataToQueue  queue.o
    0x08004ac8   0x08004ac8   0x00000038   Code   RO         4905    i.prvDeleteTCB      tasks.o
    0x08004b00   0x08004b00   0x00000050   Code   RO         5582    i.prvHeapInit       heap_4.o
    0x08004b50   0x08004b50   0x00000060   Code   RO         4906    i.prvIdleTask       tasks.o
    0x08004bb0   0x08004bb0   0x00000016   Code   RO         4581    i.prvInitialiseMutex  queue.o
    0x08004bc6   0x08004bc6   0x00000016   Code   RO         4582    i.prvInitialiseNewQueue  queue.o
    0x08004bdc   0x08004bdc   0x0000009e   Code   RO         4907    i.prvInitialiseNewTask  tasks.o
    0x08004c7a   0x08004c7a   0x00000002   PAD
    0x08004c7c   0x08004c7c   0x0000004c   Code   RO         5583    i.prvInsertBlockIntoFreeList  heap_4.o
    0x08004cc8   0x08004cc8   0x00000020   Code   RO         4908    i.prvResetNextTaskUnblockTime  tasks.o
    0x08004ce8   0x08004ce8   0x00000030   Code   RO         5645    i.prvTaskExitError  port.o
    0x08004d18   0x08004d18   0x0000006a   Code   RO         4584    i.prvUnlockQueue    queue.o
    0x08004d82   0x08004d82   0x00000002   PAD
    0x08004d84   0x08004d84   0x000000e4   Code   RO         5584    i.pvPortMalloc      heap_4.o
    0x08004e68   0x08004e68   0x00000030   Code   RO         5646    i.pxPortInitialiseStack  port.o
    0x08004e98   0x08004e98   0x0000006a   Code   RO         5889    i.sqrt              m_wv.l(sqrt.o)
    0x08004f02   0x08004f02   0x00000026   Code   RO         4539    i.uxListRemove      list.o
    0x08004f28   0x08004f28   0x00000018   Code   RO          294    i.vApplicationGetIdleTaskMemory  freertos.o
    0x08004f40   0x08004f40   0x00000016   Code   RO         4540    i.vListInitialise   list.o
    0x08004f56   0x08004f56   0x00000006   Code   RO         4541    i.vListInitialiseItem  list.o
    0x08004f5c   0x08004f5c   0x00000030   Code   RO         4542    i.vListInsert       list.o
    0x08004f8c   0x08004f8c   0x00000018   Code   RO         4543    i.vListInsertEnd    list.o
    0x08004fa4   0x08004fa4   0x00000048   Code   RO         5648    i.vPortEnterCritical  port.o
    0x08004fec   0x08004fec   0x0000002c   Code   RO         5649    i.vPortExitCritical  port.o
    0x08005018   0x08005018   0x00000064   Code   RO         5585    i.vPortFree         heap_4.o
    0x0800507c   0x0800507c   0x00000024   Code   RO         5650    i.vPortSetupTimerInterrupt  port.o
    0x080050a0   0x080050a0   0x00000050   Code   RO         4916    i.vTaskDelay        tasks.o
    0x080050f0   0x080050f0   0x00000010   Code   RO         4919    i.vTaskInternalSetTimeOutState  tasks.o
    0x08005100   0x08005100   0x0000000c   Code   RO         4920    i.vTaskMissedYield  tasks.o
    0x0800510c   0x0800510c   0x00000034   Code   RO         4922    i.vTaskPlaceOnEventList  tasks.o
    0x08005140   0x08005140   0x00000070   Code   RO         4929    i.vTaskStartScheduler  tasks.o
    0x080051b0   0x080051b0   0x00000010   Code   RO         4931    i.vTaskSuspendAll   tasks.o
    0x080051c0   0x080051c0   0x00000060   Code   RO         4932    i.vTaskSwitchContext  tasks.o
    0x08005220   0x08005220   0x000000c0   Code   RO         5652    i.xPortStartScheduler  port.o
    0x080052e0   0x080052e0   0x00000016   Code   RO         4591    i.xQueueCreateMutex  queue.o
    0x080052f6   0x080052f6   0x0000001a   Code   RO         4592    i.xQueueCreateMutexStatic  queue.o
    0x08005310   0x08005310   0x0000004c   Code   RO         4593    i.xQueueGenericCreate  queue.o
    0x0800535c   0x0800535c   0x00000076   Code   RO         4594    i.xQueueGenericCreateStatic  queue.o
    0x080053d2   0x080053d2   0x00000002   PAD
    0x080053d4   0x080053d4   0x00000098   Code   RO         4595    i.xQueueGenericReset  queue.o
    0x0800546c   0x0800546c   0x00000170   Code   RO         4596    i.xQueueGenericSend  queue.o
    0x080055dc   0x080055dc   0x00000080   Code   RO         4933    i.xTaskCheckForTimeOut  tasks.o
    0x0800565c   0x0800565c   0x0000005a   Code   RO         4934    i.xTaskCreate       tasks.o
    0x080056b6   0x080056b6   0x0000005e   Code   RO         4935    i.xTaskCreateStatic  tasks.o
    0x08005714   0x08005714   0x0000001c   Code   RO         4939    i.xTaskGetSchedulerState  tasks.o
    0x08005730   0x08005730   0x000000cc   Code   RO         4942    i.xTaskIncrementTick  tasks.o
    0x080057fc   0x080057fc   0x000000a8   Code   RO         4945    i.xTaskPriorityDisinherit  tasks.o
    0x080058a4   0x080058a4   0x00000078   Code   RO         4947    i.xTaskRemoveFromEventList  tasks.o
    0x0800591c   0x0800591c   0x000000c8   Code   RO         4948    i.xTaskResumeAll    tasks.o
    0x080059e4   0x080059e4   0x0000000a   Code   RO         6010    x$fpl$fpinit        fz_wv.l(fpinit.o)
    0x080059ee   0x080059ee   0x00000000   Code   RO         5835    x$fpl$usenofp       fz_wv.l(usenofp.o)
    0x080059ee   0x080059ee   0x00000002   PAD
    0x080059f0   0x080059f0   0x00000054   Data   RO           33    .constdata          main.o
    0x08005a44   0x08005a44   0x00000010   Data   RO         4399    .constdata          system_stm32f7xx.o
    0x08005a54   0x08005a54   0x00000008   Data   RO         4400    .constdata          system_stm32f7xx.o
    0x08005a5c   0x08005a5c   0x00000004   PAD
    0x08005a60   0x08005a60   0x00000050   Data   RO         5772    .constdata          m_wv.l(acos.o)
    0x08005ab0   0x08005ab0   0x00000098   Data   RO         5839    .constdata          m_wv.l(atan.o)
    0x08005b48   0x08005b48   0x00000030   Data   RO         5851    .constdata          m_wv.l(cos_i.o)
    0x08005b78   0x08005b78   0x00000008   Data   RO         5875    .constdata          m_wv.l(qnan.o)
    0x08005b80   0x08005b80   0x000000c8   Data   RO         5878    .constdata          m_wv.l(rred.o)
    0x08005c48   0x08005c48   0x00000028   Data   RO         5882    .constdata          m_wv.l(sin_i.o)
    0x08005c70   0x08005c70   0x0000001e   Data   RO           34    .conststring        main.o
    0x08005c8e   0x08005c8e   0x00000002   PAD
    0x08005c90   0x08005c90   0x00000020   Data   RO         6068    Region$$Table       anon$$obj.o


    Execution Region RW_IRAM1 (Exec base: 0x20000000, Load base: 0x08005cb0, Size: 0x0007c140, Max: 0x00080000, ABSOLUTE)

    Exec Addr    Load Addr    Size         Type   Attr      Idx    E Section Name        Object

    0x20000000   0x08005cb0   0x00000098   Data   RW           35    .data               main.o
    0x20000098   0x08005d48   0x0000000c   Data   RW         1808    .data               stm32f7xx_hal.o
    0x200000a4   0x08005d54   0x00000004   Data   RW         4401    .data               system_stm32f7xx.o
    0x200000a8   0x08005d58   0x0000003c   Data   RW         4951    .data               tasks.o
    0x200000e4   0x08005d94   0x00000018   Data   RW         5590    .data               heap_4.o
    0x200000fc   0x08005dac   0x0000000c   Data   RW         5653    .data               port.o
    0x20000108        -       0x00000222   Zero   RW           30    .bss                main.o
    0x2000032a   0x08005db8   0x00000002   PAD
    0x2000032c        -       0x00000254   Zero   RW          295    .bss                freertos.o
    0x20000580        -       0x0000004c   Zero   RW          599    .bss                stm32f7xx_hal_timebase_tim.o
    0x200005cc        -       0x000000f0   Zero   RW         4950    .bss                tasks.o
    0x200006bc        -       0x00003c00   Zero   RW         5589    .bss                heap_4.o
    0x200042bc        -       0x00000060   Zero   RW         5926    .bss                c_w.l(libspace.o)
    0x2000431c   0x08005db8   0x00000004   PAD
    0x20004320        -       0x00000200   Zero   RW            2    HEAP                startup_stm32f767xx.o
    0x20004520        -       0x00000400   Zero   RW            1    STACK               startup_stm32f767xx.o
    0x20004920   0x08005db8   0x000776e0   PAD
    0x2007c000        -       0x000000a0   Zero   RW           28    .ARM.__AT_0x2007C000  main.o
    0x2007c0a0        -       0x000000a0   Zero   RW           29    .ARM.__AT_0x2007C0A0  main.o


==============================================================================

Image component sizes


      Code (inc. data)   RO Data    RW Data    ZI Data      Debug   Object Name

       200          0          0          0          0      27089   cmsis_os.o
         0          0          0          0          0      21376   event_groups.o
        24          6          0          0        596     927188   freertos.o
       484         24          0         24      15360       7439   heap_4.o
       138          0          0          0          0       3602   list.o
      1940        190        114        152        866     952900   main.o
       682         70          0         12          0      11132   port.o
      1020         10          0          0          0      14317   queue.o
        64         26        504          0       1536        852   startup_stm32f767xx.o
       100         18          0         12          0       8554   stm32f7xx_hal.o
      1706         10          0          0          0      14527   stm32f7xx_hal_can.o
       160         12          0          0          0      38238   stm32f7xx_hal_cortex.o
       182          0          0          0          0       2155   stm32f7xx_hal_dma.o
      1020         22          0          0          0       6463   stm32f7xx_hal_eth.o
       594         54          0          0          0       2288   stm32f7xx_hal_gpio.o
       572         56          0          0          0       3301   stm32f7xx_hal_msp.o
        16          4          0          0          0        555   stm32f7xx_hal_pwr.o
       108          8          0          0          0       1284   stm32f7xx_hal_pwr_ex.o
      1448         74          0          0          0       5937   stm32f7xx_hal_rcc.o
      1340         22          0          0          0       2340   stm32f7xx_hal_rcc_ex.o
       838         80          0          0          0       7504   stm32f7xx_hal_tim.o
         6          0          0          0          0       2228   stm32f7xx_hal_tim_ex.o
       140         22          0          0         76       1451   stm32f7xx_hal_timebase_tim.o
      2690         82          0          0          0      15197   stm32f7xx_hal_uart.o
        60         24          0          0          0       4760   stm32f7xx_it.o
         0          0          0          0          0        392   stream_buffer.o
        16          4         24          4          0       1151   system_stm32f7xx.o
      2078        148          0         60        240      25510   tasks.o
         0          0          0          0          0       2496   timers.o

    ----------------------------------------------------------------------
     17660        966        680        264     507860    2112226   Object Totals
         0          0         32          0          0          0   (incl. Generated)
        34          0          6          0     489186          0   (incl. Padding)

    ----------------------------------------------------------------------

      Code (inc. data)   RO Data    RW Data    ZI Data      Debug   Library Member Name

         8          0          0          0          0         68   __main.o
       104          0          0          0          0         84   __printf.o
         0          0          0          0          0          0   __rtentry.o
        12          0          0          0          0          0   __rtentry2.o
         6          0          0          0          0          0   __rtentry4.o
        52          8          0          0          0          0   __scatter.o
        26          0          0          0          0          0   __scatter_copy.o
        28          0          0          0          0          0   __scatter_zi.o
        48          6          0          0          0         96   _printf_char_common.o
         6          0          0          0          0          0   _printf_d.o
       120         16          0          0          0         92   _printf_dec.o
         6          0          0          0          0          0   _printf_i.o
       178          0          0          0          0         88   _printf_intcommon.o
         0          0          0          0          0          0   _printf_percent.o
         4          0          0          0          0          0   _printf_percent_end.o
        22          0          0          0          0        100   _rserrno.o
        10          0          0          0          0         68   _sputc.o
        18          0          0          0          0         80   exit.o
         6          0          0          0          0        152   heapauxi.o
         0          0          0          0          0          0   indicate_semi.o
         2          0          0          0          0          0   libinit.o
         6          0          0          0          0          0   libinit2.o
         2          0          0          0          0          0   libshutdown.o
         2          0          0          0          0          0   libshutdown2.o
         8          4          0          0         96         68   libspace.o
       238          0          0          0          0        100   lludivv7m.o
        40          6          0          0          0         84   noretval__2sprintf.o
         8          4          0          0          0         68   rt_errno_addr_intlibspace.o
        78          0          0          0          0         80   rt_memclr_w.o
       138          0          0          0          0         68   rt_memcpy_v6.o
       100          0          0          0          0         80   rt_memcpy_w.o
         2          0          0          0          0          0   rtexit.o
        10          0          0          0          0          0   rtexit2.o
        62          0          0          0          0         76   strlen.o
        12          4          0          0          0         68   sys_exit.o
        74          0          0          0          0         80   sys_stackheap_outer.o
         2          0          0          0          0         68   use_no_semi.o
        10          0          0          0          0        116   fpinit.o
         0          0          0          0          0          0   usenofp.o
       536        114         80          0          0        256   acos.o
       528        110        152          0          0        348   atan.o
       456         64          0          0          0        188   atan2.o
       176         18          0          0          0        156   cos.o
       224         42         48          0          0        184   cos_i.o
        60         28          0          0          0        464   dunder.o
        24          0          0          0          0        124   fabs.o
        48          0          0          0          0        124   fpclassify.o
       112          0          0          0          0        116   poly.o
         0          0          8          0          0          0   qnan.o
       784        138        200          0          0        172   rred.o
       176         18          0          0          0        160   sin.o
       168         24         40          0          0        196   sin_i.o
       106          0          0          0          0        140   sqrt.o

    ----------------------------------------------------------------------
      4860        604        528          0        100       4412   Library Totals
        14          0          0          0          4          0   (incl. Padding)

    ----------------------------------------------------------------------

      Code (inc. data)   RO Data    RW Data    ZI Data      Debug   Library Name

      1438         48          0          0         96       1668   c_w.l
        10          0          0          0          0        116   fz_wv.l
      3398        556        528          0          0       2628   m_wv.l

    ----------------------------------------------------------------------
      4860        604        528          0        100       4412   Library Totals

    ----------------------------------------------------------------------

==============================================================================


      Code (inc. data)   RO Data    RW Data    ZI Data      Debug   

     22520       1570       1208        264     507960    2098706   Grand Totals
     22520       1570       1208        264     507960    2098706   ELF Image Totals
     22520       1570       1208        264          0          0   ROM Totals

==============================================================================

    Total RO  Size (Code + RO Data)                23728 (  23.17kB)
    Total RW  Size (RW Data + ZI Data)            508224 ( 496.31kB)
    Total ROM Size (Code + RO Data + RW Data)      23992 (  23.43kB)

==============================================================================

